Component: Arm Compiler for Embedded 6.23 Tool: armlink [5f102400]

==============================================================================

Section Cross References

    main.o(.text) refers to main.o(.bss.iBug) for iBug
    main.o(.text) refers to setup.o(.text) for ConfigRead
    main.o(.text) refers to system_gd32f1x0.o(.text) for SystemCoreClockUpdate
    main.o(.text) refers to system_gd32f1x0.o(.data.SystemCoreClock) for SystemCoreClock
    main.o(.text) refers to gd32f1x0_gpio.o(.text) for gpio_bit_write
    main.o(.text) refers to i2c.o(.text) for I2C_Init
    main.o(.text) refers to mpu6050.o(.text) for MPU_Init
    main.o(.text) refers to bldcsine.o(.text) for InitBldc
    main.o(.text) refers to main.o(.bss.iDrivingMode) for iDrivingMode
    main.o(.text) refers to driver.o(.text) for DriverInit
    main.o(.text) refers to gd32f1x0_fwdgt.o(.text) for fwdgt_counter_reload
    main.o(.text) refers to bldc.o(.bss.buzzerFreq) for buzzerFreq
    main.o(.text) refers to it.o(.text) for Delay
    main.o(.text) refers to main.o(.bss.iTimeNextLoop) for iTimeNextLoop
    main.o(.text) refers to main.o(.bss.speed) for speed
    main.o(.text) refers to main.o(.data.wState) for wState
    main.o(.text) refers to main.o(.bss.steerCounter) for steerCounter
    main.o(.text) refers to remoteuart.o(.text) for RemoteUpdate
    main.o(.text) refers to main.o(.bss.speedShutoff) for speedShutoff
    main.o(.text) refers to dflti.o(.text) for __aeabi_i2d
    main.o(.text) refers to main.o(.bss.steer) for steer
    main.o(.text) refers to ddiv.o(.text) for __aeabi_ddiv
    main.o(.text) refers to dadd.o(.text) for __aeabi_dadd
    main.o(.text) refers to dmul.o(.text) for __aeabi_dmul
    main.o(.text) refers to dfixi.o(.text) for __aeabi_d2iz
    main.o(.text) refers to main.o(.bss.pwmSlave) for pwmSlave
    main.o(.text) refers to ffltui.o(.text) for __aeabi_ui2f
    main.o(.text) refers to f2d.o(.text) for __aeabi_f2d
    main.o(.text) refers to d2f.o(.text) for __aeabi_d2f
    main.o(.text) refers to main.o(.data.speedLimit) for speedLimit
    main.o(.text) refers to fflti.o(.text) for __aeabi_i2f
    main.o(.text) refers to fmul.o(.text) for __aeabi_fmul
    main.o(.text) refers to ffixi.o(.text) for __aeabi_f2iz
    main.o(.text) refers to fadd.o(.text) for __aeabi_fsub
    main.o(.text) refers to fdiv.o(.text) for __aeabi_fdiv
    main.o(.text) refers to main.o(.rodata.lookUpTableAngle) for lookUpTableAngle
    main.o(.text) refers to fcmplt.o(.text) for __aeabi_fcmplt
    main.o(.text) refers to bldc.o(.text) for SetBldcInput
    main.o(.text) refers to bldc.o(.data.batteryVoltage) for batteryVoltage
    main.o(.text) refers to fcmple.o(.text) for __aeabi_fcmple
    main.o(.text) refers to main.o(.data.beepsBackwards) for beepsBackwards
    main.o(.text) refers to dcmple.o(.text) for __aeabi_dcmple
    main.o(.text) refers to bldc.o(.bss.buzzerPattern) for buzzerPattern
    main.o(.text) refers to main.o(.bss.enable) for enable
    main.o(.text) refers to main.o(.bss.inactivity_timeout_counter) for inactivity_timeout_counter
    main.o(.text) refers to main.o(.bss.bRemoteTimeout) for bRemoteTimeout
    main.o(.ARM.exidx) refers to main.o(.text) for [Anonymous Symbol]
    bldc.o(.text) refers to bldc.o(.rodata..L__const.up_or_down.up_down) for .L__const.up_or_down.up_down
    bldc.o(.text) refers to bldc.o(.bss.bldc_enable) for bldc_enable
    bldc.o(.text) refers to main.o(.bss.iDrivingMode) for iDrivingMode
    bldc.o(.text) refers to dflti.o(.text) for __aeabi_i2d
    bldc.o(.text) refers to ddiv.o(.text) for __aeabi_ddiv
    bldc.o(.text) refers to dmul.o(.text) for __aeabi_dmul
    bldc.o(.text) refers to dfixi.o(.text) for __aeabi_d2iz
    bldc.o(.text) refers to bldc.o(.bss.iBldcInput) for iBldcInput
    bldc.o(.text) refers to bldc.o(.data.iFILTER_SHIFT) for iFILTER_SHIFT
    bldc.o(.text) refers to bldc.o(.bss.bldc_outputFilterPwm) for bldc_outputFilterPwm
    bldc.o(.text) refers to bldc.o(.bss.filter_reg) for filter_reg
    bldc.o(.text) refers to bldc.o(.bss.buzzerTimer) for buzzerTimer
    bldc.o(.text) refers to bldc.o(.data.batteryVoltage) for batteryVoltage
    bldc.o(.text) refers to f2d.o(.text) for __aeabi_f2d
    bldc.o(.text) refers to bldc.o(.bss.adc_buffer) for adc_buffer
    bldc.o(.text) refers to dfltui.o(.text) for __aeabi_ui2d
    bldc.o(.text) refers to dadd.o(.text) for __aeabi_dadd
    bldc.o(.text) refers to d2f.o(.text) for __aeabi_d2f
    bldc.o(.text) refers to bldc.o(.bss.buzzerFreq) for buzzerFreq
    bldc.o(.text) refers to bldc.o(.bss.buzzerPattern) for buzzerPattern
    bldc.o(.text) refers to gd32f1x0_gpio.o(.text) for gpio_bit_write
    bldc.o(.text) refers to bldc.o(.data.currentDC) for currentDC
    bldc.o(.text) refers to fcmpgt.o(.text) for __aeabi_fcmpgt
    bldc.o(.text) refers to it.o(.bss.timedOut) for timedOut
    bldc.o(.text) refers to gd32f1x0_timer.o(.text) for timer_automatic_output_enable
[...]
    remoteUart.c                             0x00000000   Number         0  remoteuart.o ABSOLUTE
    remoteUartBus.c                          0x00000000   Number         0  remoteuartbus.o ABSOLUTE
    setup.c                                  0x00000000   Number         0  setup.o ABSOLUTE
    system_gd32f1x0.c                        0x00000000   Number         0  system_gd32f1x0.o ABSOLUTE
    RESET                                    0x08000000   Section      360  startup_gd32f1x0.o(RESET)
    .ARM.Collect$$$$00000000                 0x08000168   Section        0  entry.o(.ARM.Collect$$$$00000000)
    .ARM.Collect$$$$00000001                 0x08000168   Section        4  entry2.o(.ARM.Collect$$$$00000001)
    .ARM.Collect$$$$00000004                 0x0800016c   Section        4  entry5.o(.ARM.Collect$$$$00000004)
    .ARM.Collect$$$$00000008                 0x08000170   Section        0  entry7b.o(.ARM.Collect$$$$00000008)
    .ARM.Collect$$$$0000000A                 0x08000170   Section        0  entry8b.o(.ARM.Collect$$$$0000000A)
    .ARM.Collect$$$$0000000B                 0x08000170   Section        8  entry9a.o(.ARM.Collect$$$$0000000B)
    __lit__00000000                          0x08000178   Data           4  entry2.o(.ARM.Collect$$$$00002712)
    .ARM.Collect$$$$0000000D                 0x08000178   Section        0  entry10a.o(.ARM.Collect$$$$0000000D)
    .ARM.Collect$$$$0000000F                 0x08000178   Section        0  entry11a.o(.ARM.Collect$$$$0000000F)
    .ARM.Collect$$$$00002712                 0x08000178   Section        4  entry2.o(.ARM.Collect$$$$00002712)
    [Anonymous Symbol]                       0x0800017c   Section        0  main.o(.text)
    [Anonymous Symbol]                       0x080009b0   Section        0  bldc.o(.text)
    [Anonymous Symbol]                       0x08000fa8   Section        0  driver.o(.text)
    [Anonymous Symbol]                       0x080011b8   Section        0  bldcsine.o(.text)
    [Anonymous Symbol]                       0x080015e0   Section        0  setup.o(.text)
    [Anonymous Symbol]                       0x08001e80   Section        0  it.o(.text)
    [Anonymous Symbol]                       0x08002028   Section        0  comms.o(.text)
    [Anonymous Symbol]                       0x080020a4   Section        0  remoteuart.o(.text)
    [Anonymous Symbol]                       0x08002258   Section        0  i2c.o(.text)
    [Anonymous Symbol]                       0x08002730   Section        0  mpu6050.o(.text)
    [Anonymous Symbol]                       0x08002914   Section        0  gd32f1x0_adc.o(.text)
    [Anonymous Symbol]                       0x08002ebc   Section        0  gd32f1x0_dma.o(.text)
    [Anonymous Symbol]                       0x0800322c   Section        0  gd32f1x0_exti.o(.text)
    [Anonymous Symbol]                       0x0800339c   Section        0  gd32f1x0_fmc.o(.text)
    [Anonymous Symbol]                       0x08003d6c   Section        0  gd32f1x0_fwdgt.o(.text)
    [Anonymous Symbol]                       0x08003e50   Section        0  gd32f1x0_gpio.o(.text)
    [Anonymous Symbol]                       0x08003fe8   Section        0  gd32f1x0_i2c.o(.text)
    [Anonymous Symbol]                       0x0800430c   Section        0  gd32f1x0_misc.o(.text)
    [Anonymous Symbol]                       0x08004438   Section        0  gd32f1x0_rcu.o(.text)
    [Anonymous Symbol]                       0x08004b5c   Section        0  gd32f1x0_syscfg.o(.text)
    [Anonymous Symbol]                       0x08004c60   Section        0  gd32f1x0_timer.o(.text)
    [Anonymous Symbol]                       0x080059b0   Section        0  gd32f1x0_usart.o(.text)
    .text                                    0x08005ff4   Section       36  startup_gd32f1x0.o(.text)
    [Anonymous Symbol]                       0x08006018   Section        0  system_gd32f1x0.o(.text)
    .text                                    0x08006154   Section        0  fadd.o(.text)
    .text                                    0x08006204   Section        0  fmul.o(.text)
    .text                                    0x08006268   Section        0  fdiv.o(.text)
    .text                                    0x080062e4   Section        0  dadd.o(.text)
    .text                                    0x08006432   Section        0  dmul.o(.text)
    .text                                    0x08006516   Section        0  ddiv.o(.text)
    .text                                    0x080065f4   Section        0  fcmple.o(.text)
    .text                                    0x08006610   Section        0  fcmplt.o(.text)
    .text                                    0x0800662c   Section        0  fcmpgt.o(.text)
    .text                                    0x08006648   Section        0  dcmple.o(.text)
    .text                                    0x0800667e   Section        0  fflti.o(.text)
    .text                                    0x08006690   Section        0  ffltui.o(.text)
    .text                                    0x0800669a   Section        0  dflti.o(.text)
    .text                                    0x080066bc   Section        0  dfltui.o(.text)
    .text                                    0x080066d6   Section        0  ffixi.o(.text)
    .text                                    0x08006708   Section        0  ffixl.o(.text)
    .text                                    0x0800674a   Section        0  dfixi.o(.text)
    .text                                    0x08006788   Section        0  f2d.o(.text)
    .text                                    0x080067ae   Section        0  d2f.o(.text)
    .text                                    0x080067e6   Section        0  llshl.o(.text)
    .text                                    0x08006804   Section        0  llushr.o(.text)
    .text                                    0x08006824   Section        0  llsshr.o(.text)
    .text                                    0x08006848   Section        0  iusefp.o(.text)
    .text                                    0x08006848   Section        0  fepilogue.o(.text)
    .text                                    0x080068b6   Section        0  depilogue.o(.text)
    .text                                    0x08006970   Section       48  init.o(.text)
    i.__scatterload_copy                     0x080069a0   Section       14  handlers.o(i.__scatterload_copy)
    i.__scatterload_null                     0x080069ae   Section        2  handlers.o(i.__scatterload_null)
    i.__scatterload_zeroinit                 0x080069b0   Section       14  handlers.o(i.__scatterload_zeroinit)
    .L__const.up_or_down.up_down             0x080069be   Data          12  bldc.o(.rodata..L__const.up_or_down.up_down)
    .Lswitch.table.gpio_deinit.1             0x080069ca   Data          12  gd32f1x0_gpio.o(.rodata..Lswitch.table.gpio_deinit.1)
    hall_to_sector                           0x080069d6   Data           8  bldcsine.o(.rodata.cst8)
    [Anonymous Symbol]                       0x080069d6   Section        0  bldcsine.o(.rodata.cst8)
    .L__const.rcu_clock_freq_get.apb2_exp    0x080069de   Data           8  gd32f1x0_rcu.o(.rodata.cst8)
    sine_table                               0x08006cc4   Data         720  bldcsine.o(.rodata.sine_table)
    [Anonymous Symbol]                       0x08006cc4   Section        0  bldcsine.o(.rodata.sine_table)
    iReceivePos                              0x2000001e   Data           2  remoteuart.o(.data.iReceivePos)
    [Anonymous Symbol]                       0x2000001e   Section        0  remoteuart.o(.data.iReceivePos)
    aReceiveBuffer                           0x20000034   Data           9  remoteuart.o(.bss.aReceiveBuffer)
    [Anonymous Symbol]                       0x20000034   Section        0  remoteuart.o(.bss.aReceiveBuffer)
    STACK                                    0x20000318   Section     1024  startup_gd32f1x0.o(STACK)

    Global Symbols

    Symbol Name                              Value     Ov Type        Size  Object(Section)

    BuildAttributes$$THM_ISAv4$P$D$K$B$S$PE$A:L22UL41UL21$X:L11$S22US41US21$IEEE1$IW$~IW$USESV6$~STKCKD$USESV7$~SHL$OTIME$ROPI$EBA8$MICROLIB$REQ8$PRES8$EABIv2 0x00000000   Number         0  anon$$obj.o ABSOLUTE
    __cpp_initialize__aeabi_                  - Undefined Weak Reference
    __cxa_finalize                            - Undefined Weak Reference
    __decompress                              - Undefined Weak Reference
    _clock_init                               - Undefined Weak Reference
    _microlib_exit                            - Undefined Weak Reference
    __Vectors_Size                           0x00000168   Number         0  startup_gd32f1x0.o ABSOLUTE
    __Vectors                                0x08000000   Data           4  startup_gd32f1x0.o(RESET)
    __Vectors_End                            0x08000168   Data           0  startup_gd32f1x0.o(RESET)
    __main                                   0x08000169   Thumb Code     0  entry.o(.ARM.Collect$$$$00000000)
    _main_stk                                0x08000169   Thumb Code     0  entry2.o(.ARM.Collect$$$$00000001)
    _main_scatterload                        0x0800016d   Thumb Code     0  entry5.o(.ARM.Collect$$$$00000004)
    __main_after_scatterload                 0x08000171   Thumb Code     0  entry5.o(.ARM.Collect$$$$00000004)
    _main_clock                              0x08000171   Thumb Code     0  entry7b.o(.ARM.Collect$$$$00000008)
    _main_cpp_init                           0x08000171   Thumb Code     0  entry8b.o(.ARM.Collect$$$$0000000A)
    _main_init                               0x08000171   Thumb Code     0  entry9a.o(.ARM.Collect$$$$0000000B)
    __rt_final_cpp                           0x08000179   Thumb Code     0  entry10a.o(.ARM.Collect$$$$0000000D)
    __rt_final_exit                          0x08000179   Thumb Code     0  entry11a.o(.ARM.Collect$$$$0000000F)
    main                                     0x0800017d   Thumb Code  1800  main.o(.text)
    ShutOff                                  0x08000885   Thumb Code   144  main.o(.text)
    ShowBatteryState                         0x08000915   Thumb Code   156  main.o(.text)
    modulo                                   0x080009b1   Thumb Code    22  bldc.o(.text)
    up_or_down                               0x080009c9   Thumb Code    66  bldc.o(.text)
    SetEnable                                0x08000a0d   Thumb Code    12  bldc.o(.text)
    SetBldcInput                             0x08000a19   Thumb Code    92  bldc.o(.text)
    SetFilter                                0x08000a75   Thumb Code    44  bldc.o(.text)
    CalculateBLDC                            0x08000aa1   Thumb Code  1286  bldc.o(.text)
    PID_Init                                 0x08000fa9   Thumb Code   126  driver.o(.text)
    PID_Update                               0x08001029   Thumb Code   120  driver.o(.text)
    DriverInit                               0x080010a1   Thumb Code    80  driver.o(.text)
    Driver                                   0x08001109   Thumb Code   174  driver.o(.text)
    InitEXTI                                 0x080011b9   Thumb Code    62  bldcsine.o(.text)
    InitBldc                                 0x080011f9   Thumb Code   146  bldcsine.o(.text)
    _HandleEXTI                              0x0800128d   Thumb Code   180  bldcsine.o(.text)
    EXTI0_1_IRQHandler                       0x08001341   Thumb Code     4  bldcsine.o(.text)
    EXTI2_3_IRQHandler                       0x08001345   Thumb Code     4  bldcsine.o(.text)
    EXTI4_15_IRQHandler                      0x08001349   Thumb Code     4  bldcsine.o(.text)
    bldc_get_pwm                             0x0800134d   Thumb Code   660  bldcsine.o(.text)
    pinMode                                  0x080015e1   Thumb Code    42  setup.o(.text)
    pinModePull                              0x0800160d   Thumb Code    40  setup.o(.text)
    Interrupt_init                           0x08001635   Thumb Code     8  setup.o(.text)
    Watchdog_init                            0x0800163d   Thumb Code    56  setup.o(.text)
    TimeoutTimer_init                        0x08001675   Thumb Code    92  setup.o(.text)
    GPIO_init                                0x080016d1   Thumb Code   636  setup.o(.text)
    PWM_init                                 0x0800194d   Thumb Code   368  setup.o(.text)
    ADC_init                                 0x08001abd   Thumb Code   224  setup.o(.text)
    USART0_Init                              0x08001b9d   Thumb Code     2  setup.o(.text)
    USART1_Init                              0x08001ba1   Thumb Code   288  setup.o(.text)
    USART2_Init                              0x08001cc1   Thumb Code     2  setup.o(.text)
    flashErase                               0x08001cc5   Thumb Code    28  setup.o(.text)
    flashRead                                0x08001ce1   Thumb Code     4  setup.o(.text)
    flashWrite                               0x08001ce5   Thumb Code    38  setup.o(.text)
    flashWriteBuffer                         0x08001d0d   Thumb Code    64  setup.o(.text)
    flashReadBuffer                          0x08001d4d   Thumb Code    34  setup.o(.text)
    ConfigReset                              0x08001d71   Thumb Code    38  setup.o(.text)
    ConfigWrite                              0x08001d99   Thumb Code   112  setup.o(.text)
    ConfigRead                               0x08001e09   Thumb Code   120  setup.o(.text)
    SysTick_Handler                          0x08001e81   Thumb Code    16  it.o(.text)
    ResetTimeout                             0x08001e91   Thumb Code    14  it.o(.text)
    TIMER13_IRQHandler                       0x08001ea1   Thumb Code    76  it.o(.text)
    TIMER0_BRK_UP_TRG_COM_IRQHandler         0x08001eed   Thumb Code    88  it.o(.text)
    DMA_Channel0_IRQHandler                  0x08001f45   Thumb Code    94  it.o(.text)
    DMA_Channel3_4_IRQHandler                0x08001fa5   Thumb Code    60  it.o(.text)
    millis                                   0x08001fe1   Thumb Code    12  it.o(.text)
    Delay                                    0x08001fed   Thumb Code    28  it.o(.text)
    NMI_Handler                              0x08002009   Thumb Code     2  it.o(.text)
    HardFault_Handler                        0x0800200d   Thumb Code     2  it.o(.text)
    MemManage_Handler                        0x08002011   Thumb Code     2  it.o(.text)
    BusFault_Handler                         0x08002015   Thumb Code     2  it.o(.text)
    UsageFault_Handler                       0x08002019   Thumb Code     2  it.o(.text)
    SVC_Handler                              0x0800201d   Thumb Code     2  it.o(.text)
    DebugMon_Handler                         0x08002021   Thumb Code     2  it.o(.text)
    PendSV_Handler                           0x08002025   Thumb Code     2  it.o(.text)
    SendBuffer                               0x08002029   Thumb Code    56  comms.o(.text)
    CalcCRC                                  0x08002061   Thumb Code    68  comms.o(.text)
    RemoteUpdate                             0x080020a5   Thumb Code   254  remoteuart.o(.text)
    RemoteCallback                           0x080021a5   Thumb Code   178  remoteuart.o(.text)
    I2C_Init                                 0x08002259   Thumb Code   122  i2c.o(.text)
    i2c_writeBytes                           0x080022d5   Thumb Code   234  i2c.o(.text)
    i2c_writeByte                            0x080023c1   Thumb Code    26  i2c.o(.text)
    i2c_writeBit                             0x080023dd   Thumb Code    90  i2c.o(.text)
    i2c_readByte                             0x08002439   Thumb Code    20  i2c.o(.text)
    i2c_readBytes                            0x0800244d   Thumb Code   314  i2c.o(.text)
    i2c_readBit                              0x08002589   Thumb Code    38  i2c.o(.text)
    i2c_scanner                              0x080025b1   Thumb Code   118  i2c.o(.text)
    dump_i2c_registers                       0x08002629   Thumb Code   262  i2c.o(.text)
    DoLowPass                                0x08002731   Thumb Code    60  mpu6050.o(.text)
    MPU_Init                                 0x0800276d   Thumb Code    88  mpu6050.o(.text)
    mpu_config                               0x080027c5   Thumb Code   160  mpu6050.o(.text)
    MPU_ReadAll                              0x08002865   Thumb Code   176  mpu6050.o(.text)
    adc_deinit                               0x08002915   Thumb Code    22  gd32f1x0_adc.o(.text)
    adc_enable                               0x0800292d   Thumb Code    26  gd32f1x0_adc.o(.text)
    adc_disable                              0x08002949   Thumb Code    18  gd32f1x0_adc.o(.text)
    adc_calibration_enable                   0x0800295d   Thumb Code    40  gd32f1x0_adc.o(.text)
    adc_dma_mode_enable                      0x08002985   Thumb Code    18  gd32f1x0_adc.o(.text)
    adc_dma_mode_disable                     0x08002999   Thumb Code    18  gd32f1x0_adc.o(.text)
    adc_tempsensor_vrefint_enable            0x080029ad   Thumb Code    18  gd32f1x0_adc.o(.text)
    adc_tempsensor_vrefint_disable           0x080029c1   Thumb Code    18  gd32f1x0_adc.o(.text)
    adc_vbat_enable                          0x080029d5   Thumb Code    18  gd32f1x0_adc.o(.text)
    adc_vbat_disable                         0x080029e9   Thumb Code    18  gd32f1x0_adc.o(.text)
    adc_discontinuous_mode_config            0x080029fd   Thumb Code    68  gd32f1x0_adc.o(.text)
    adc_special_function_config              0x08002a41   Thumb Code   100  gd32f1x0_adc.o(.text)
    adc_data_alignment_config                0x08002aa5   Thumb Code    26  gd32f1x0_adc.o(.text)
    adc_channel_length_config                0x08002ac1   Thumb Code    82  gd32f1x0_adc.o(.text)
    adc_regular_channel_config               0x08002b15   Thumb Code   180  gd32f1x0_adc.o(.text)
    adc_inserted_channel_config              0x08002bc9   Thumb Code   114  gd32f1x0_adc.o(.text)
    adc_inserted_channel_offset_config       0x08002c3d   Thumb Code    32  gd32f1x0_adc.o(.text)
    adc_external_trigger_config              0x08002c5d   Thumb Code    72  gd32f1x0_adc.o(.text)
    adc_external_trigger_source_config       0x08002ca5   Thumb Code    42  gd32f1x0_adc.o(.text)
    adc_software_trigger_enable              0x08002cd1   Thumb Code    36  gd32f1x0_adc.o(.text)
    adc_regular_data_read                    0x08002cf5   Thumb Code    14  gd32f1x0_adc.o(.text)
    adc_inserted_data_read                   0x08002d05   Thumb Code    74  gd32f1x0_adc.o(.text)
    adc_flag_get                             0x08002d51   Thumb Code    18  gd32f1x0_adc.o(.text)
    adc_flag_clear                           0x08002d65   Thumb Code    18  gd32f1x0_adc.o(.text)
    adc_interrupt_flag_get                   0x08002d79   Thumb Code    56  gd32f1x0_adc.o(.text)
    adc_interrupt_flag_clear                 0x08002db1   Thumb Code    18  gd32f1x0_adc.o(.text)
    adc_interrupt_enable                     0x08002dc5   Thumb Code    48  gd32f1x0_adc.o(.text)
    adc_interrupt_disable                    0x08002df5   Thumb Code    48  gd32f1x0_adc.o(.text)
    adc_watchdog_single_channel_enable       0x08002e25   Thumb Code    42  gd32f1x0_adc.o(.text)
    adc_watchdog_group_channel_enable        0x08002e51   Thumb Code    48  gd32f1x0_adc.o(.text)
    adc_watchdog_disable                     0x08002e8d   Thumb Code    24  gd32f1x0_adc.o(.text)
    adc_watchdog_threshold_config            0x08002ea5   Thumb Code    22  gd32f1x0_adc.o(.text)
    dma_deinit                               0x08002ebd   Thumb Code    48  gd32f1x0_dma.o(.text)
    dma_struct_para_init                     0x08002eed   Thumb Code    24  gd32f1x0_dma.o(.text)
    dma_init                                 0x08002f05   Thumb Code   122  gd32f1x0_dma.o(.text)
    dma_circulation_enable                   0x08002f81   Thumb Code    24  gd32f1x0_dma.o(.text)
    dma_circulation_disable                  0x08002f99   Thumb Code    24  gd32f1x0_dma.o(.text)
    dma_memory_to_memory_enable              0x08002fb1   Thumb Code    24  gd32f1x0_dma.o(.text)
    dma_memory_to_memory_disable             0x08002fc9   Thumb Code    24  gd32f1x0_dma.o(.text)
    dma_channel_enable                       0x08002fe1   Thumb Code    24  gd32f1x0_dma.o(.text)
    dma_channel_disable                      0x08002ff9   Thumb Code    24  gd32f1x0_dma.o(.text)
    dma_periph_address_config                0x08003011   Thumb Code    16  gd32f1x0_dma.o(.text)
    dma_memory_address_config                0x08003021   Thumb Code    16  gd32f1x0_dma.o(.text)
    dma_transfer_number_config               0x08003031   Thumb Code    16  gd32f1x0_dma.o(.text)
    dma_transfer_number_get                  0x08003041   Thumb Code    16  gd32f1x0_dma.o(.text)
    dma_priority_config                      0x08003051   Thumb Code    26  gd32f1x0_dma.o(.text)
    dma_memory_width_config                  0x0800306d   Thumb Code    26  gd32f1x0_dma.o(.text)
    dma_periph_width_config                  0x08003089   Thumb Code    26  gd32f1x0_dma.o(.text)
    dma_memory_increase_enable               0x080030a5   Thumb Code    24  gd32f1x0_dma.o(.text)
    dma_memory_increase_disable              0x080030bd   Thumb Code    24  gd32f1x0_dma.o(.text)
    dma_periph_increase_enable               0x080030d5   Thumb Code    24  gd32f1x0_dma.o(.text)
    dma_periph_increase_disable              0x080030ed   Thumb Code    24  gd32f1x0_dma.o(.text)
    dma_transfer_direction_config            0x08003105   Thumb Code    30  gd32f1x0_dma.o(.text)
    dma_interrupt_flag_get                   0x08003125   Thumb Code    88  gd32f1x0_dma.o(.text)
    dma_interrupt_flag_clear                 0x080031bd   Thumb Code    20  gd32f1x0_dma.o(.text)
    dma_interrupt_enable                     0x080031d1   Thumb Code    22  gd32f1x0_dma.o(.text)
    dma_interrupt_disable                    0x080031e9   Thumb Code    24  gd32f1x0_dma.o(.text)
    dma_flag_get                             0x08003201   Thumb Code    22  gd32f1x0_dma.o(.text)
    dma_flag_clear                           0x08003219   Thumb Code    20  gd32f1x0_dma.o(.text)
    exti_deinit                              0x0800322d   Thumb Code    26  gd32f1x0_exti.o(.text)
    exti_init                                0x08003249   Thumb Code   156  gd32f1x0_exti.o(.text)
    exti_interrupt_enable                    0x080032e5   Thumb Code    16  gd32f1x0_exti.o(.text)
    exti_event_enable                        0x080032f5   Thumb Code    16  gd32f1x0_exti.o(.text)
    exti_interrupt_disable                   0x08003305   Thumb Code    18  gd32f1x0_exti.o(.text)
    exti_event_disable                       0x08003319   Thumb Code    18  gd32f1x0_exti.o(.text)
    exti_flag_get                            0x0800332d   Thumb Code    18  gd32f1x0_exti.o(.text)
    exti_flag_clear                          0x08003341   Thumb Code    12  gd32f1x0_exti.o(.text)
    exti_interrupt_flag_get                  0x0800334d   Thumb Code    32  gd32f1x0_exti.o(.text)
    exti_interrupt_flag_clear                0x0800336d   Thumb Code    12  gd32f1x0_exti.o(.text)
    exti_software_interrupt_enable           0x08003379   Thumb Code    16  gd32f1x0_exti.o(.text)
    exti_software_interrupt_disable          0x08003389   Thumb Code    18  gd32f1x0_exti.o(.text)
    fmc_unlock                               0x0800339d   Thumb Code    38  gd32f1x0_fmc.o(.text)
    fmc_lock                                 0x080033c5   Thumb Code    18  gd32f1x0_fmc.o(.text)
    fmc_wscnt_set                            0x080033d9   Thumb Code    20  gd32f1x0_fmc.o(.text)
    fmc_wait_state_enable                    0x080033ed   Thumb Code    18  gd32f1x0_fmc.o(.text)
    fmc_wait_state_disable                   0x08003401   Thumb Code    18  gd32f1x0_fmc.o(.text)
    fmc_page_erase                           0x08003415   Thumb Code   158  gd32f1x0_fmc.o(.text)
    fmc_mass_erase                           0x080034b5   Thumb Code   150  gd32f1x0_fmc.o(.text)
    fmc_word_program                         0x0800354d   Thumb Code   150  gd32f1x0_fmc.o(.text)
    fmc_halfword_program                     0x080035e5   Thumb Code   150  gd32f1x0_fmc.o(.text)
    ob_unlock                                0x0800367d   Thumb Code    38  gd32f1x0_fmc.o(.text)
    ob_lock                                  0x080036a5   Thumb Code    18  gd32f1x0_fmc.o(.text)
    ob_reset                                 0x080036b9   Thumb Code    18  gd32f1x0_fmc.o(.text)
    ob_erase                                 0x080036cd   Thumb Code   294  gd32f1x0_fmc.o(.text)
    ob_obstat_plevel_get                     0x080037f5   Thumb Code    16  gd32f1x0_fmc.o(.text)
    ob_write_protection_enable               0x08003805   Thumb Code   312  gd32f1x0_fmc.o(.text)
    ob_security_protection_config            0x0800393d   Thumb Code   304  gd32f1x0_fmc.o(.text)
    ob_user_write                            0x08003a6d   Thumb Code   308  gd32f1x0_fmc.o(.text)
    ob_data_program                          0x08003ba1   Thumb Code   304  gd32f1x0_fmc.o(.text)
    ob_user_get                              0x08003cd1   Thumb Code    16  gd32f1x0_fmc.o(.text)
    ob_data_get                              0x08003ce1   Thumb Code    14  gd32f1x0_fmc.o(.text)
    ob_write_protection_get                  0x08003cf1   Thumb Code    14  gd32f1x0_fmc.o(.text)
    fmc_interrupt_enable                     0x08003d01   Thumb Code    16  gd32f1x0_fmc.o(.text)
    fmc_interrupt_disable                    0x08003d11   Thumb Code    18  gd32f1x0_fmc.o(.text)
    fmc_flag_get                             0x08003d25   Thumb Code    18  gd32f1x0_fmc.o(.text)
    fmc_flag_clear                           0x08003d39   Thumb Code    16  gd32f1x0_fmc.o(.text)
    fmc_interrupt_flag_get                   0x08003d49   Thumb Code    18  gd32f1x0_fmc.o(.text)
    fmc_interrupt_flag_clear                 0x08003d5d   Thumb Code    16  gd32f1x0_fmc.o(.text)
    fwdgt_write_disable                      0x08003d6d   Thumb Code    14  gd32f1x0_fwdgt.o(.text)
    fwdgt_counter_reload                     0x08003d7d   Thumb Code    16  gd32f1x0_fwdgt.o(.text)
    fwdgt_enable                             0x08003d8d   Thumb Code    16  gd32f1x0_fwdgt.o(.text)
    fwdgt_window_value_config                0x08003d9d   Thumb Code    58  gd32f1x0_fwdgt.o(.text)
    fwdgt_config                             0x08003dd9   Thumb Code   100  gd32f1x0_fwdgt.o(.text)
    fwdgt_flag_get                           0x08003e3d   Thumb Code    18  gd32f1x0_fwdgt.o(.text)
    gpio_deinit                              0x08003e51   Thumb Code    58  gd32f1x0_gpio.o(.text)
    gpio_mode_set                            0x08003e8d   Thumb Code    84  gd32f1x0_gpio.o(.text)
    gpio_output_options_set                  0x08003ee1   Thumb Code    70  gd32f1x0_gpio.o(.text)
    gpio_bit_set                             0x08003f29   Thumb Code     4  gd32f1x0_gpio.o(.text)
    gpio_bit_reset                           0x08003f2d   Thumb Code     4  gd32f1x0_gpio.o(.text)
    gpio_bit_write                           0x08003f31   Thumb Code    12  gd32f1x0_gpio.o(.text)
    gpio_port_write                          0x08003f3d   Thumb Code     4  gd32f1x0_gpio.o(.text)
    gpio_input_bit_get                       0x08003f41   Thumb Code    10  gd32f1x0_gpio.o(.text)
    gpio_input_port_get                      0x08003f4d   Thumb Code     6  gd32f1x0_gpio.o(.text)
    gpio_output_bit_get                      0x08003f55   Thumb Code    10  gd32f1x0_gpio.o(.text)
    gpio_output_port_get                     0x08003f61   Thumb Code     6  gd32f1x0_gpio.o(.text)
    gpio_af_set                              0x08003f69   Thumb Code   110  gd32f1x0_gpio.o(.text)
    gpio_pin_lock                            0x08003fd9   Thumb Code    16  gd32f1x0_gpio.o(.text)
    i2c_deinit                               0x08003fe9   Thumb Code    54  gd32f1x0_i2c.o(.text)
    i2c_clock_config                         0x08004021   Thumb Code   214  gd32f1x0_i2c.o(.text)
    i2c_mode_addr_config                     0x080040f9   Thumb Code    26  gd32f1x0_i2c.o(.text)
    i2c_smbus_type_config                    0x08004115   Thumb Code    16  gd32f1x0_i2c.o(.text)
    i2c_ack_config                           0x08004125   Thumb Code    18  gd32f1x0_i2c.o(.text)
    i2c_ackpos_config                        0x08004139   Thumb Code    18  gd32f1x0_i2c.o(.text)
    i2c_master_addressing                    0x0800414d   Thumb Code    14  gd32f1x0_i2c.o(.text)
    i2c_dualaddr_enable                      0x0800415d   Thumb Code    10  gd32f1x0_i2c.o(.text)
    i2c_dualaddr_disable                     0x08004169   Thumb Code    10  gd32f1x0_i2c.o(.text)
    i2c_enable                               0x08004175   Thumb Code    10  gd32f1x0_i2c.o(.text)
    i2c_disable                              0x08004181   Thumb Code    10  gd32f1x0_i2c.o(.text)
    i2c_start_on_bus                         0x0800418d   Thumb Code    10  gd32f1x0_i2c.o(.text)
    i2c_stop_on_bus                          0x08004199   Thumb Code    10  gd32f1x0_i2c.o(.text)
    i2c_data_transmit                        0x080041a5   Thumb Code     4  gd32f1x0_i2c.o(.text)
    i2c_data_receive                         0x080041a9   Thumb Code     6  gd32f1x0_i2c.o(.text)
    i2c_dma_enable                           0x080041b1   Thumb Code    12  gd32f1x0_i2c.o(.text)
    i2c_dma_last_transfer_config             0x080041bd   Thumb Code    12  gd32f1x0_i2c.o(.text)
    i2c_stretch_scl_low_config               0x080041c9   Thumb Code    12  gd32f1x0_i2c.o(.text)
    i2c_slave_response_to_gcall_config       0x080041d5   Thumb Code    12  gd32f1x0_i2c.o(.text)
    i2c_software_reset_config                0x080041e1   Thumb Code    12  gd32f1x0_i2c.o(.text)
    i2c_pec_enable                           0x080041ed   Thumb Code    12  gd32f1x0_i2c.o(.text)
    i2c_pec_transfer_enable                  0x080041f9   Thumb Code    12  gd32f1x0_i2c.o(.text)
    i2c_pec_value_get                        0x08004205   Thumb Code     8  gd32f1x0_i2c.o(.text)
    i2c_smbus_issue_alert                    0x0800420d   Thumb Code    12  gd32f1x0_i2c.o(.text)
    i2c_smbus_arp_enable                     0x08004219   Thumb Code    12  gd32f1x0_i2c.o(.text)
    i2c_flag_get                             0x08004225   Thumb Code    16  gd32f1x0_i2c.o(.text)
    i2c_flag_clear                           0x08004235   Thumb Code    38  gd32f1x0_i2c.o(.text)
    i2c_interrupt_enable                     0x0800425d   Thumb Code    22  gd32f1x0_i2c.o(.text)
    i2c_interrupt_disable                    0x08004275   Thumb Code    24  gd32f1x0_i2c.o(.text)
    i2c_interrupt_flag_get                   0x0800428d   Thumb Code    84  gd32f1x0_i2c.o(.text)
    i2c_interrupt_flag_clear                 0x080042e1   Thumb Code    42  gd32f1x0_i2c.o(.text)
    nvic_priority_group_set                  0x0800430d   Thumb Code    20  gd32f1x0_misc.o(.text)
    nvic_irq_enable                          0x08004321   Thumb Code   168  gd32f1x0_misc.o(.text)
    nvic_irq_disable                         0x080043c9   Thumb Code    28  gd32f1x0_misc.o(.text)
    nvic_vector_table_set                    0x080043e5   Thumb Code    24  gd32f1x0_misc.o(.text)
    system_lowpower_set                      0x080043fd   Thumb Code    16  gd32f1x0_misc.o(.text)
    system_lowpower_reset                    0x0800440d   Thumb Code    18  gd32f1x0_misc.o(.text)
    systick_clksource_set                    0x08004421   Thumb Code    24  gd32f1x0_misc.o(.text)
    rcu_deinit                               0x08004439   Thumb Code   112  gd32f1x0_rcu.o(.text)
    rcu_periph_clock_enable                  0x080044a9   Thumb Code    30  gd32f1x0_rcu.o(.text)
    rcu_periph_clock_disable                 0x080044c9   Thumb Code    32  gd32f1x0_rcu.o(.text)
    rcu_periph_clock_sleep_enable            0x080044e9   Thumb Code    30  gd32f1x0_rcu.o(.text)
    rcu_periph_clock_sleep_disable           0x08004509   Thumb Code    32  gd32f1x0_rcu.o(.text)
    rcu_periph_reset_enable                  0x08004529   Thumb Code    30  gd32f1x0_rcu.o(.text)
    rcu_periph_reset_disable                 0x08004549   Thumb Code    32  gd32f1x0_rcu.o(.text)
    rcu_bkp_reset_enable                     0x08004569   Thumb Code    18  gd32f1x0_rcu.o(.text)
    rcu_bkp_reset_disable                    0x0800457d   Thumb Code    18  gd32f1x0_rcu.o(.text)
    rcu_system_clock_source_config           0x08004591   Thumb Code    20  gd32f1x0_rcu.o(.text)
    rcu_system_clock_source_get              0x080045a5   Thumb Code    16  gd32f1x0_rcu.o(.text)
    rcu_ahb_clock_config                     0x080045b5   Thumb Code    20  gd32f1x0_rcu.o(.text)
    rcu_apb1_clock_config                    0x080045c9   Thumb Code    20  gd32f1x0_rcu.o(.text)
    rcu_apb2_clock_config                    0x080045dd   Thumb Code    20  gd32f1x0_rcu.o(.text)
    rcu_adc_clock_config                     0x080045f1   Thumb Code    88  gd32f1x0_rcu.o(.text)
    rcu_usbd_clock_config                    0x08004649   Thumb Code    24  gd32f1x0_rcu.o(.text)
    rcu_ckout_config                         0x08004661   Thumb Code    22  gd32f1x0_rcu.o(.text)
    rcu_pll_config                           0x08004679   Thumb Code    40  gd32f1x0_rcu.o(.text)
    rcu_usart_clock_config                   0x080046a1   Thumb Code    24  gd32f1x0_rcu.o(.text)
    rcu_cec_clock_config                     0x080046b9   Thumb Code    24  gd32f1x0_rcu.o(.text)
    rcu_rtc_clock_config                     0x080046d1   Thumb Code    24  gd32f1x0_rcu.o(.text)
    rcu_hxtal_prediv_config                  0x080046e9   Thumb Code    20  gd32f1x0_rcu.o(.text)
    rcu_lxtal_drive_capability_config        0x080046fd   Thumb Code    24  gd32f1x0_rcu.o(.text)
    rcu_flag_get                             0x08004715   Thumb Code    26  gd32f1x0_rcu.o(.text)
    rcu_all_reset_flag_clear                 0x08004731   Thumb Code    18  gd32f1x0_rcu.o(.text)
    rcu_interrupt_flag_get                   0x08004745   Thumb Code    18  gd32f1x0_rcu.o(.text)
    rcu_interrupt_flag_clear                 0x08004759   Thumb Code    16  gd32f1x0_rcu.o(.text)
    rcu_interrupt_enable                     0x08004769   Thumb Code    16  gd32f1x0_rcu.o(.text)
    rcu_interrupt_disable                    0x08004779   Thumb Code    18  gd32f1x0_rcu.o(.text)
    rcu_osci_stab_wait                       0x0800478d   Thumb Code   312  gd32f1x0_rcu.o(.text)
    rcu_osci_on                              0x080048c5   Thumb Code    30  gd32f1x0_rcu.o(.text)
    rcu_osci_off                             0x080048e5   Thumb Code    32  gd32f1x0_rcu.o(.text)
    rcu_osci_bypass_mode_enable              0x08004905   Thumb Code    64  gd32f1x0_rcu.o(.text)
    rcu_osci_bypass_mode_disable             0x08004945   Thumb Code    64  gd32f1x0_rcu.o(.text)
    rcu_hxtal_clock_monitor_enable           0x08004985   Thumb Code    18  gd32f1x0_rcu.o(.text)
    rcu_hxtal_clock_monitor_disable          0x08004999   Thumb Code    18  gd32f1x0_rcu.o(.text)
    rcu_irc8m_adjust_value_set               0x080049ad   Thumb Code    22  gd32f1x0_rcu.o(.text)
    rcu_irc14m_adjust_value_set              0x080049c5   Thumb Code    22  gd32f1x0_rcu.o(.text)
    rcu_voltage_key_unlock                   0x080049dd   Thumb Code    30  gd32f1x0_rcu.o(.text)
    rcu_deepsleep_voltage_set                0x080049fd   Thumb Code    24  gd32f1x0_rcu.o(.text)
    rcu_power_down_voltage_set               0x08004a15   Thumb Code    24  gd32f1x0_rcu.o(.text)
    rcu_clock_freq_get                       0x08004a2d   Thumb Code   288  gd32f1x0_rcu.o(.text)
    syscfg_deinit                            0x08004b5d   Thumb Code    22  gd32f1x0_syscfg.o(.text)
    syscfg_dma_remap_enable                  0x08004b75   Thumb Code    14  gd32f1x0_syscfg.o(.text)
    syscfg_dma_remap_disable                 0x08004b85   Thumb Code    16  gd32f1x0_syscfg.o(.text)
    syscfg_high_current_enable               0x08004b95   Thumb Code    16  gd32f1x0_syscfg.o(.text)
    syscfg_high_current_disable              0x08004ba5   Thumb Code    16  gd32f1x0_syscfg.o(.text)
    syscfg_exti_line_config                  0x08004bb5   Thumb Code   124  gd32f1x0_syscfg.o(.text)
    syscfg_lock_config                       0x08004c31   Thumb Code    14  gd32f1x0_syscfg.o(.text)
    syscfg_flag_get                          0x08004c41   Thumb Code    16  gd32f1x0_syscfg.o(.text)
    syscfg_flag_clear                        0x08004c51   Thumb Code    14  gd32f1x0_syscfg.o(.text)
    timer_deinit                             0x08004c61   Thumb Code   194  gd32f1x0_timer.o(.text)
    timer_struct_para_init                   0x08004d25   Thumb Code    16  gd32f1x0_timer.o(.text)
    timer_init                               0x08004d35   Thumb Code   216  gd32f1x0_timer.o(.text)
    timer_enable                             0x08004e0d   Thumb Code    10  gd32f1x0_timer.o(.text)
    timer_disable                            0x08004e19   Thumb Code    10  gd32f1x0_timer.o(.text)
    timer_auto_reload_shadow_enable          0x08004e25   Thumb Code    10  gd32f1x0_timer.o(.text)
    timer_auto_reload_shadow_disable         0x08004e31   Thumb Code    10  gd32f1x0_timer.o(.text)
    timer_update_event_enable                0x08004e3d   Thumb Code    10  gd32f1x0_timer.o(.text)
    timer_update_event_disable               0x08004e49   Thumb Code    10  gd32f1x0_timer.o(.text)
    timer_counter_alignment                  0x08004e55   Thumb Code    16  gd32f1x0_timer.o(.text)
    timer_counter_up_direction               0x08004e65   Thumb Code    10  gd32f1x0_timer.o(.text)
    timer_counter_down_direction             0x08004e71   Thumb Code    10  gd32f1x0_timer.o(.text)
    timer_prescaler_config                   0x08004e7d   Thumb Code    18  gd32f1x0_timer.o(.text)
    timer_repetition_value_config            0x08004e91   Thumb Code     4  gd32f1x0_timer.o(.text)
    timer_autoreload_value_config            0x08004e95   Thumb Code     4  gd32f1x0_timer.o(.text)
    timer_counter_value_config               0x08004e99   Thumb Code     4  gd32f1x0_timer.o(.text)
    timer_counter_read                       0x08004e9d   Thumb Code     4  gd32f1x0_timer.o(.text)
    timer_prescaler_read                     0x08004ea1   Thumb Code     6  gd32f1x0_timer.o(.text)
    timer_single_pulse_mode_config           0x08004ea9   Thumb Code    30  gd32f1x0_timer.o(.text)
    timer_update_source_config               0x08004ec9   Thumb Code    30  gd32f1x0_timer.o(.text)
    timer_ocpre_clear_source_config          0x08004ee9   Thumb Code    28  gd32f1x0_timer.o(.text)
    timer_interrupt_enable                   0x08004f05   Thumb Code     8  gd32f1x0_timer.o(.text)
    timer_interrupt_disable                  0x08004f0d   Thumb Code    10  gd32f1x0_timer.o(.text)
    timer_interrupt_flag_get                 0x08004f19   Thumb Code    22  gd32f1x0_timer.o(.text)
    timer_interrupt_flag_clear               0x08004f31   Thumb Code     6  gd32f1x0_timer.o(.text)
    timer_flag_get                           0x08004f39   Thumb Code    10  gd32f1x0_timer.o(.text)
    timer_flag_clear                         0x08004f45   Thumb Code     6  gd32f1x0_timer.o(.text)
    timer_dma_enable                         0x08004f4d   Thumb Code     8  gd32f1x0_timer.o(.text)
    timer_dma_disable                        0x08004f55   Thumb Code    10  gd32f1x0_timer.o(.text)
    timer_channel_dma_request_source_select  0x08004f61   Thumb Code    30  gd32f1x0_timer.o(.text)
    timer_dma_transfer_config                0x08004f81   Thumb Code    24  gd32f1x0_timer.o(.text)
    timer_event_software_generate            0x08004f99   Thumb Code     8  gd32f1x0_timer.o(.text)
    timer_break_struct_para_init             0x08004fa1   Thumb Code    16  gd32f1x0_timer.o(.text)
    timer_break_config                       0x08004fb1   Thumb Code    36  gd32f1x0_timer.o(.text)
    timer_break_enable                       0x08004fd5   Thumb Code    10  gd32f1x0_timer.o(.text)
    timer_break_disable                      0x08004fe1   Thumb Code    10  gd32f1x0_timer.o(.text)
    timer_automatic_output_enable            0x08004fed   Thumb Code    10  gd32f1x0_timer.o(.text)
    timer_automatic_output_disable           0x08004ff9   Thumb Code    10  gd32f1x0_timer.o(.text)
    timer_primary_output_config              0x08005005   Thumb Code    18  gd32f1x0_timer.o(.text)
    timer_channel_control_shadow_config      0x08005019   Thumb Code    16  gd32f1x0_timer.o(.text)
    timer_channel_control_shadow_update_config 0x08005029   Thumb Code    30  gd32f1x0_timer.o(.text)
    timer_channel_output_struct_para_init    0x08005049   Thumb Code    12  gd32f1x0_timer.o(.text)
    timer_channel_output_config              0x08005055   Thumb Code   562  gd32f1x0_timer.o(.text)
    timer_channel_output_mode_config         0x08005289   Thumb Code    56  gd32f1x0_timer.o(.text)
    timer_channel_output_pulse_value_config  0x080052c1   Thumb Code    16  gd32f1x0_timer.o(.text)
    timer_channel_output_shadow_config       0x080052d1   Thumb Code    56  gd32f1x0_timer.o(.text)
    timer_channel_output_fast_config         0x08005309   Thumb Code    56  gd32f1x0_timer.o(.text)
    timer_channel_output_clear_config        0x08005341   Thumb Code    56  gd32f1x0_timer.o(.text)
    timer_channel_output_polarity_config     0x08005379   Thumb Code    68  gd32f1x0_timer.o(.text)
    timer_channel_complementary_output_polarity_config 0x080053bd   Thumb Code    68  gd32f1x0_timer.o(.text)
    timer_channel_output_state_config        0x08005401   Thumb Code    68  gd32f1x0_timer.o(.text)
    timer_channel_complementary_output_state_config 0x08005445   Thumb Code    56  gd32f1x0_timer.o(.text)
    timer_channel_input_struct_para_init     0x0800547d   Thumb Code    12  gd32f1x0_timer.o(.text)
    timer_input_capture_config               0x08005489   Thumb Code   350  gd32f1x0_timer.o(.text)
    timer_channel_input_capture_prescaler_config 0x080055e9   Thumb Code    56  gd32f1x0_timer.o(.text)
    timer_channel_capture_value_register_read 0x08005621   Thumb Code    18  gd32f1x0_timer.o(.text)
    timer_input_pwm_capture_config           0x08005635   Thumb Code   354  gd32f1x0_timer.o(.text)
    timer_hall_mode_config                   0x08005799   Thumb Code    30  gd32f1x0_timer.o(.text)
    timer_input_trigger_source_select        0x080057b9   Thumb Code    16  gd32f1x0_timer.o(.text)
    timer_master_output_trigger_source_select 0x080057c9   Thumb Code    16  gd32f1x0_timer.o(.text)
    timer_slave_mode_select                  0x080057d9   Thumb Code    16  gd32f1x0_timer.o(.text)
    timer_master_slave_mode_config           0x080057e9   Thumb Code    30  gd32f1x0_timer.o(.text)
    timer_external_trigger_config            0x08005809   Thumb Code    34  gd32f1x0_timer.o(.text)
    timer_quadrature_decoder_mode_config     0x0800582d   Thumb Code    78  gd32f1x0_timer.o(.text)
    timer_internal_clock_config              0x0800587d   Thumb Code    10  gd32f1x0_timer.o(.text)
    timer_internal_trigger_as_external_clock_config 0x08005889   Thumb Code    32  gd32f1x0_timer.o(.text)
    timer_external_trigger_as_external_clock_config 0x080058a9   Thumb Code   152  gd32f1x0_timer.o(.text)
    timer_external_clock_mode0_config        0x08005941   Thumb Code    50  gd32f1x0_timer.o(.text)
    timer_external_clock_mode1_config        0x08005975   Thumb Code    42  gd32f1x0_timer.o(.text)
    timer_external_clock_mode1_disable       0x080059a1   Thumb Code    10  gd32f1x0_timer.o(.text)
    timer_channel_remap_config               0x080059ad   Thumb Code     4  gd32f1x0_timer.o(.text)
    usart_deinit                             0x080059b1   Thumb Code    54  gd32f1x0_usart.o(.text)
    usart_baudrate_set                       0x080059e9   Thumb Code    90  gd32f1x0_usart.o(.text)
    usart_parity_config                      0x08005a45   Thumb Code    24  gd32f1x0_usart.o(.text)
    usart_word_length_set                    0x08005a5d   Thumb Code    24  gd32f1x0_usart.o(.text)
    usart_stop_bit_set                       0x08005a75   Thumb Code    24  gd32f1x0_usart.o(.text)
    usart_enable                             0x08005a8d   Thumb Code    10  gd32f1x0_usart.o(.text)
    usart_disable                            0x08005a99   Thumb Code    10  gd32f1x0_usart.o(.text)
    usart_transmit_config                    0x08005aa5   Thumb Code    16  gd32f1x0_usart.o(.text)
    usart_receive_config                     0x08005ab5   Thumb Code    16  gd32f1x0_usart.o(.text)
    usart_data_transmit                      0x08005ac5   Thumb Code     8  gd32f1x0_usart.o(.text)
    usart_data_receive                       0x08005acd   Thumb Code     8  gd32f1x0_usart.o(.text)
    usart_data_first_config                  0x08005ad5   Thumb Code    28  gd32f1x0_usart.o(.text)
    usart_invert_config                      0x08005af1   Thumb Code   106  gd32f1x0_usart.o(.text)
    usart_overrun_enable                     0x08005b5d   Thumb Code    18  gd32f1x0_usart.o(.text)
    usart_overrun_disable                    0x08005b71   Thumb Code    18  gd32f1x0_usart.o(.text)
    usart_oversample_config                  0x08005b85   Thumb Code    24  gd32f1x0_usart.o(.text)
    usart_sample_bit_config                  0x08005b9d   Thumb Code    24  gd32f1x0_usart.o(.text)
    usart_autobaud_detection_enable          0x08005bb5   Thumb Code    10  gd32f1x0_usart.o(.text)
    usart_autobaud_detection_disable         0x08005bc1   Thumb Code    10  gd32f1x0_usart.o(.text)
    usart_autobaud_detection_mode_config     0x08005bcd   Thumb Code    16  gd32f1x0_usart.o(.text)
    usart_mute_mode_enable                   0x08005bdd   Thumb Code    10  gd32f1x0_usart.o(.text)
    usart_mute_mode_disable                  0x08005be9   Thumb Code    10  gd32f1x0_usart.o(.text)
    usart_mute_mode_wakeup_config            0x08005bf5   Thumb Code    24  gd32f1x0_usart.o(.text)
    usart_address_detection_mode_config      0x08005c0d   Thumb Code    28  gd32f1x0_usart.o(.text)
    usart_address_config                     0x08005c29   Thumb Code    26  gd32f1x0_usart.o(.text)
    usart_receiver_timeout_enable            0x08005c45   Thumb Code    10  gd32f1x0_usart.o(.text)
    usart_receiver_timeout_disable           0x08005c51   Thumb Code    10  gd32f1x0_usart.o(.text)
    usart_receiver_timeout_config            0x08005c5d   Thumb Code    16  gd32f1x0_usart.o(.text)
    usart_lin_mode_enable                    0x08005c6d   Thumb Code    18  gd32f1x0_usart.o(.text)
    usart_lin_mode_disable                   0x08005c81   Thumb Code    18  gd32f1x0_usart.o(.text)
    usart_lin_break_detection_length_config  0x08005c95   Thumb Code    20  gd32f1x0_usart.o(.text)
    usart_halfduplex_enable                  0x08005ca9   Thumb Code    18  gd32f1x0_usart.o(.text)
    usart_halfduplex_disable                 0x08005cbd   Thumb Code    18  gd32f1x0_usart.o(.text)
    usart_clock_enable                       0x08005cd1   Thumb Code    18  gd32f1x0_usart.o(.text)
    usart_clock_disable                      0x08005ce5   Thumb Code    18  gd32f1x0_usart.o(.text)
    usart_synchronous_clock_config           0x08005cf9   Thumb Code    60  gd32f1x0_usart.o(.text)
    usart_smartcard_mode_enable              0x08005d35   Thumb Code    18  gd32f1x0_usart.o(.text)
    usart_smartcard_mode_disable             0x08005d49   Thumb Code    18  gd32f1x0_usart.o(.text)
    usart_smartcard_mode_nack_enable         0x08005d5d   Thumb Code    18  gd32f1x0_usart.o(.text)
    usart_smartcard_mode_nack_disable        0x08005d71   Thumb Code    18  gd32f1x0_usart.o(.text)
    usart_guard_time_config                  0x08005d85   Thumb Code    28  gd32f1x0_usart.o(.text)
    usart_block_length_config                0x08005da1   Thumb Code    18  gd32f1x0_usart.o(.text)
    usart_smartcard_autoretry_config         0x08005db5   Thumb Code    30  gd32f1x0_usart.o(.text)
    usart_irda_mode_enable                   0x08005dd5   Thumb Code    18  gd32f1x0_usart.o(.text)
    usart_irda_mode_disable                  0x08005de9   Thumb Code    18  gd32f1x0_usart.o(.text)
    usart_irda_lowpower_config               0x08005dfd   Thumb Code    20  gd32f1x0_usart.o(.text)
    usart_prescaler_config                   0x08005e11   Thumb Code    24  gd32f1x0_usart.o(.text)
    usart_hardware_flow_rts_config           0x08005e29   Thumb Code    24  gd32f1x0_usart.o(.text)
    usart_hardware_flow_cts_config           0x08005e41   Thumb Code    24  gd32f1x0_usart.o(.text)
    usart_rs485_driver_enable                0x08005e59   Thumb Code    18  gd32f1x0_usart.o(.text)
    usart_rs485_driver_disable               0x08005e6d   Thumb Code    18  gd32f1x0_usart.o(.text)
    usart_driver_assertime_config            0x08005e81   Thumb Code    30  gd32f1x0_usart.o(.text)
    usart_driver_deassertime_config          0x08005ea1   Thumb Code    30  gd32f1x0_usart.o(.text)
    usart_depolarity_config                  0x08005ec1   Thumb Code    28  gd32f1x0_usart.o(.text)
    usart_dma_receive_config                 0x08005edd   Thumb Code    16  gd32f1x0_usart.o(.text)
    usart_dma_transmit_config                0x08005eed   Thumb Code    16  gd32f1x0_usart.o(.text)
    usart_reception_error_dma_disable        0x08005efd   Thumb Code    18  gd32f1x0_usart.o(.text)
    usart_reception_error_dma_enable         0x08005f11   Thumb Code    18  gd32f1x0_usart.o(.text)
    usart_wakeup_enable                      0x08005f25   Thumb Code    10  gd32f1x0_usart.o(.text)
    usart_wakeup_disable                     0x08005f31   Thumb Code    10  gd32f1x0_usart.o(.text)
    usart_wakeup_mode_config                 0x08005f3d   Thumb Code    28  gd32f1x0_usart.o(.text)
    usart_flag_get                           0x08005f59   Thumb Code    16  gd32f1x0_usart.o(.text)
    usart_flag_clear                         0x08005f69   Thumb Code    18  gd32f1x0_usart.o(.text)
    usart_interrupt_enable                   0x08005f7d   Thumb Code    24  gd32f1x0_usart.o(.text)
    usart_interrupt_disable                  0x08005f95   Thumb Code    26  gd32f1x0_usart.o(.text)
    usart_command_enable                     0x08005fb1   Thumb Code     8  gd32f1x0_usart.o(.text)
    usart_interrupt_flag_get                 0x08005fb9   Thumb Code    40  gd32f1x0_usart.o(.text)
    usart_interrupt_flag_clear               0x08005fe1   Thumb Code    18  gd32f1x0_usart.o(.text)
    Reset_Handler                            0x08005ff5   Thumb Code     8  startup_gd32f1x0.o(.text)
    ADC_CMP_IRQHandler                       0x0800600f   Thumb Code     0  startup_gd32f1x0.o(.text)
    CAN0_RX0_IRQHandler                      0x0800600f   Thumb Code     0  startup_gd32f1x0.o(.text)
    CAN0_RX1_IRQHandler                      0x0800600f   Thumb Code     0  startup_gd32f1x0.o(.text)
    CAN0_SCE_IRQHandler                      0x0800600f   Thumb Code     0  startup_gd32f1x0.o(.text)
    CAN0_TX_IRQHandler                       0x0800600f   Thumb Code     0  startup_gd32f1x0.o(.text)
    CAN1_RX0_IRQHandler                      0x0800600f   Thumb Code     0  startup_gd32f1x0.o(.text)
    CAN1_RX1_IRQHandler                      0x0800600f   Thumb Code     0  startup_gd32f1x0.o(.text)
    CAN1_SCE_IRQHandler                      0x0800600f   Thumb Code     0  startup_gd32f1x0.o(.text)
    CAN1_TX_IRQHandler                       0x0800600f   Thumb Code     0  startup_gd32f1x0.o(.text)
    CEC_IRQHandler                           0x0800600f   Thumb Code     0  startup_gd32f1x0.o(.text)
    DMA_Channel1_2_IRQHandler                0x0800600f   Thumb Code     0  startup_gd32f1x0.o(.text)
    DMA_Channel5_6_IRQHandler                0x0800600f   Thumb Code     0  startup_gd32f1x0.o(.text)
    FMC_IRQHandler                           0x0800600f   Thumb Code     0  startup_gd32f1x0.o(.text)
    I2C0_ER_IRQHandler                       0x0800600f   Thumb Code     0  startup_gd32f1x0.o(.text)
    I2C0_EV_IRQHandler                       0x0800600f   Thumb Code     0  startup_gd32f1x0.o(.text)
    I2C1_ER_IRQHandler                       0x0800600f   Thumb Code     0  startup_gd32f1x0.o(.text)
    I2C1_EV_IRQHandler                       0x0800600f   Thumb Code     0  startup_gd32f1x0.o(.text)
    I2C2_ER_IRQHandler                       0x0800600f   Thumb Code     0  startup_gd32f1x0.o(.text)
    I2C2_EV_IRQHandler                       0x0800600f   Thumb Code     0  startup_gd32f1x0.o(.text)
    LVD_IRQHandler                           0x0800600f   Thumb Code     0  startup_gd32f1x0.o(.text)
    RCU_IRQHandler                           0x0800600f   Thumb Code     0  startup_gd32f1x0.o(.text)
    RTC_IRQHandler                           0x0800600f   Thumb Code     0  startup_gd32f1x0.o(.text)
    SLCD_IRQHandler                          0x0800600f   Thumb Code     0  startup_gd32f1x0.o(.text)
    SPI0_IRQHandler                          0x0800600f   Thumb Code     0  startup_gd32f1x0.o(.text)
    SPI1_IRQHandler                          0x0800600f   Thumb Code     0  startup_gd32f1x0.o(.text)
    SPI2_IRQHandler                          0x0800600f   Thumb Code     0  startup_gd32f1x0.o(.text)
    TIMER0_Channel_IRQHandler                0x0800600f   Thumb Code     0  startup_gd32f1x0.o(.text)
    TIMER14_IRQHandler                       0x0800600f   Thumb Code     0  startup_gd32f1x0.o(.text)
    TIMER15_IRQHandler                       0x0800600f   Thumb Code     0  startup_gd32f1x0.o(.text)
    TIMER16_IRQHandler                       0x0800600f   Thumb Code     0  startup_gd32f1x0.o(.text)
    TIMER1_IRQHandler                        0x0800600f   Thumb Code     0  startup_gd32f1x0.o(.text)
    TIMER2_IRQHandler                        0x0800600f   Thumb Code     0  startup_gd32f1x0.o(.text)
    TIMER5_DAC_IRQHandler                    0x0800600f   Thumb Code     0  startup_gd32f1x0.o(.text)
    TSI_IRQHandler                           0x0800600f   Thumb Code     0  startup_gd32f1x0.o(.text)
    USART0_IRQHandler                        0x0800600f   Thumb Code     0  startup_gd32f1x0.o(.text)
    USART1_IRQHandler                        0x0800600f   Thumb Code     0  startup_gd32f1x0.o(.text)
    USBDWakeUp_IRQHandler                    0x0800600f   Thumb Code     0  startup_gd32f1x0.o(.text)
    USBD_HP_IRQHandler                       0x0800600f   Thumb Code     0  startup_gd32f1x0.o(.text)
    USBD_LP_IRQHandler                       0x0800600f   Thumb Code     0  startup_gd32f1x0.o(.text)
    WWDGT_IRQHandler                         0x0800600f   Thumb Code     0  startup_gd32f1x0.o(.text)
    SystemInit                               0x08006019   Thumb Code   188  system_gd32f1x0.o(.text)
    SystemCoreClockUpdate                    0x080060d5   Thumb Code   112  system_gd32f1x0.o(.text)
    __aeabi_fadd                             0x08006155   Thumb Code   164  fadd.o(.text)
    __aeabi_fsub                             0x080061f9   Thumb Code     6  fadd.o(.text)
    __aeabi_frsub                            0x080061ff   Thumb Code     6  fadd.o(.text)
    __aeabi_fmul                             0x08006205   Thumb Code   100  fmul.o(.text)
    __aeabi_fdiv                             0x08006269   Thumb Code   124  fdiv.o(.text)
    __aeabi_dadd                             0x080062e5   Thumb Code   322  dadd.o(.text)
    __aeabi_dsub                             0x08006427   Thumb Code     6  dadd.o(.text)
    __aeabi_drsub                            0x0800642d   Thumb Code     6  dadd.o(.text)
    __aeabi_dmul                             0x08006433   Thumb Code   228  dmul.o(.text)
    __aeabi_ddiv                             0x08006517   Thumb Code   222  ddiv.o(.text)
    __aeabi_fcmple                           0x080065f5   Thumb Code    28  fcmple.o(.text)
    __aeabi_fcmplt                           0x08006611   Thumb Code    28  fcmplt.o(.text)
    __aeabi_fcmpgt                           0x0800662d   Thumb Code    28  fcmpgt.o(.text)
    __aeabi_dcmple                           0x08006649   Thumb Code    54  dcmple.o(.text)
    __aeabi_i2f                              0x0800667f   Thumb Code    18  fflti.o(.text)
    __aeabi_ui2f                             0x08006691   Thumb Code    10  ffltui.o(.text)
    __aeabi_i2d                              0x0800669b   Thumb Code    34  dflti.o(.text)
    __aeabi_ui2d                             0x080066bd   Thumb Code    26  dfltui.o(.text)
    __aeabi_f2iz                             0x080066d7   Thumb Code    50  ffixi.o(.text)
    __aeabi_f2lz                             0x08006709   Thumb Code    66  ffixl.o(.text)
    __aeabi_d2iz                             0x0800674b   Thumb Code    62  dfixi.o(.text)
    __aeabi_f2d                              0x08006789   Thumb Code    38  f2d.o(.text)
    __aeabi_d2f                              0x080067af   Thumb Code    56  d2f.o(.text)
    __aeabi_llsl                             0x080067e7   Thumb Code    30  llshl.o(.text)
    _ll_shift_l                              0x080067e7   Thumb Code     0  llshl.o(.text)
    __aeabi_llsr                             0x08006805   Thumb Code    32  llushr.o(.text)
    _ll_ushift_r                             0x08006805   Thumb Code     0  llushr.o(.text)
    __aeabi_lasr                             0x08006825   Thumb Code    36  llsshr.o(.text)
    _ll_sshift_r                             0x08006825   Thumb Code     0  llsshr.o(.text)
    __I$use$fp                               0x08006849   Thumb Code     0  iusefp.o(.text)
    _float_round                             0x08006849   Thumb Code    18  fepilogue.o(.text)
    _float_epilogue                          0x0800685b   Thumb Code    92  fepilogue.o(.text)
    _double_round                            0x080068b7   Thumb Code    30  depilogue.o(.text)
    _double_epilogue                         0x080068d5   Thumb Code   156  depilogue.o(.text)
    __scatterload                            0x08006971   Thumb Code    38  init.o(.text)
    __scatterload_rt2                        0x08006971   Thumb Code     0  init.o(.text)
    __scatterload_copy                       0x080069a1   Thumb Code    14  handlers.o(i.__scatterload_copy)
    __scatterload_null                       0x080069af   Thumb Code     2  handlers.o(i.__scatterload_null)
    __scatterload_zeroinit                   0x080069b1   Thumb Code    14  handlers.o(i.__scatterload_zeroinit)
    hall_to_pos                              0x080069e6   Data           8  bldc.o(.rodata.hall_to_pos)
    lookUpTableAngle                         0x080069f0   Data         724  main.o(.rodata.lookUpTableAngle)
    Region$$Table$$Base                      0x08006f94   Number         0  anon$$obj.o(Region$$Table)
    Region$$Table$$Limit                     0x08006fb4   Number         0  anon$$obj.o(Region$$Table)
    SystemCoreClock                          0x20000000   Data           4  system_gd32f1x0.o(.data.SystemCoreClock)
    aiFound                                  0x20000004   Data          10  i2c.o(.data.aiFound)
    batteryVoltage                           0x20000010   Data           4  bldc.o(.data.batteryVoltage)
    beepsBackwards                           0x20000014   Data           1  main.o(.data.beepsBackwards)
    currentDC                                0x20000018   Data           4  bldc.o(.data.currentDC)
    iFILTER_SHIFT                            0x2000001c   Data           1  bldc.o(.data.iFILTER_SHIFT)
    iFound                                   0x2000001d   Data           1  i2c.o(.data.iFound)
    revs32ScaleSlow                          0x20000020   Data           4  bldc.o(.data.revs32ScaleSlow)
    speedLimit                               0x20000024   Data           2  main.o(.data.speedLimit)
    wState                                   0x20000026   Data           1  main.o(.data.wState)
    wStateSlave                              0x20000027   Data           1  main.o(.data.wStateSlave)
    aHallEXTI                                0x20000028   Data          12  bldcsine.o(.bss.aHallEXTI)
    adc_buffer                               0x2000003e   Data           4  bldc.o(.bss.adc_buffer)
    aiDump                                   0x20000042   Data         256  i2c.o(.bss.aiDump)
    aiLowPass                                0x20000144   Data          28  mpu6050.o(.bss.aiLowPass)
    angle_deg                                0x20000160   Data           2  bldcsine.o(.bss.angle_deg)
    angle_deg_add                            0x20000162   Data           2  bldcsine.o(.bss.angle_deg_add)
    angle_deg_final                          0x20000164   Data           2  bldcsine.o(.bss.angle_deg_final)
    angle_idx                                0x20000166   Data           2  bldcsine.o(.bss.angle_idx)
    bInterrupt                               0x20000168   Data           1  bldcsine.o(.bss.bInterrupt)
    bRemoteTimeout                           0x20000169   Data           1  main.o(.bss.bRemoteTimeout)
    bldc_enable                              0x2000016a   Data           1  bldc.o(.bss.bldc_enable)
    bldc_inputFilterPwm                      0x2000016c   Data           4  bldc.o(.bss.bldc_inputFilterPwm)
    bldc_outputFilterPwm                     0x20000170   Data           4  bldc.o(.bss.bldc_outputFilterPwm)
    buzzerFreq                               0x20000174   Data           1  bldc.o(.bss.buzzerFreq)
    buzzerPattern                            0x20000175   Data           1  bldc.o(.bss.buzzerPattern)
    buzzerTimer                              0x20000176   Data           2  bldc.o(.bss.buzzerTimer)
    buzzerToggle                             0x20000178   Data           1  bldc.o(.bss.buzzerToggle)
    dma_init_struct_adc                      0x2000017c   Data          36  setup.o(.bss.dma_init_struct_adc)
    dma_init_struct_usart                    0x200001a0   Data          36  setup.o(.bss.dma_init_struct_usart)
    enable                                   0x200001c4   Data           1  main.o(.bss.enable)
    filter_reg                               0x200001c8   Data           4  bldc.o(.bss.filter_reg)
    hall                                     0x200001cc   Data           1  bldc.o(.bss.hall)
    hall_a                                   0x200001cd   Data           1  bldc.o(.bss.hall_a)
    hall_b                                   0x200001ce   Data           1  bldc.o(.bss.hall_b)
    hall_c                                   0x200001cf   Data           1  bldc.o(.bss.hall_c)
    hall_last                                0x200001d0   Data           1  bldcsine.o(.bss.hall_last)
    hall_time_last                           0x200001d2   Data           2  bldcsine.o(.bss.hall_time_last)
    hall_time_step                           0x200001d4   Data           2  bldcsine.o(.bss.hall_time_step)
    hall_time_step_LP                        0x200001d8   Data           4  bldcsine.o(.bss.hall_time_step_LP)
    hall_time_step_LPR                       0x200001dc   Data           4  bldcsine.o(.bss.hall_time_step_LPR)
    iAdcCounter                              0x200001e0   Data           4  it.o(.bss.iAdcCounter)
    iAdcTicks                                0x200001e4   Data           4  it.o(.bss.iAdcTicks)
    iAdcTicks0                               0x200001e8   Data           4  it.o(.bss.iAdcTicks0)
    iAdd                                     0x200001ec   Data           2  bldcsine.o(.bss.iAdd)
    iBldcInput                               0x200001f0   Data           4  bldc.o(.bss.iBldcInput)
    iBug                                     0x200001f4   Data           4  main.o(.bss.iBug)
    iCounter2Usart1                          0x200001f8   Data           4  it.o(.bss.iCounter2Usart1)
    iCounterUsart1                           0x200001fc   Data           4  it.o(.bss.iCounterUsart1)
    iDT                                      0x20000200   Data           2  bldcsine.o(.bss.iDT)
    iDrivingMode                             0x20000202   Data           1  main.o(.bss.iDrivingMode)
    iDrivingModeOverride                     0x20000203   Data           1  bldc.o(.bss.iDrivingModeOverride)
    iOdom                                    0x20000204   Data           4  bldc.o(.bss.iOdom)
    iOdomLast                                0x20000208   Data           4  bldc.o(.bss.iOdomLast)
    iPwmCounter                              0x2000020c   Data           4  it.o(.bss.iPwmCounter)
    iPwmTicks                                0x20000210   Data           4  it.o(.bss.iPwmTicks)
    iPwmTicks0                               0x20000214   Data           4  it.o(.bss.iPwmTicks0)
    iTimeLastRx                              0x20000218   Data           4  remoteuart.o(.bss.iTimeLastRx)
    iTimeNextLoop                            0x2000021c   Data           4  main.o(.bss.iTimeNextLoop)
    iTimeNextTx                              0x20000220   Data           4  remoteuart.o(.bss.iTimeNextTx)
    inactivity_timeout_counter               0x20000224   Data           4  main.o(.bss.inactivity_timeout_counter)
    lastPos                                  0x20000228   Data           1  bldc.o(.bss.lastPos)
    mpuData                                  0x2000022a   Data          14  mpu6050.o(.bss.mpuData)
    mpuStatus                                0x20000238   Data           1  mpu6050.o(.bss.mpuStatus)
    msTicks                                  0x2000023c   Data           4  it.o(.bss.msTicks)
    oConfig                                  0x20000240   Data          20  setup.o(.bss.oConfig)
    pid                                      0x20000258   Data          40  driver.o(.bss.pid)
    pos                                      0x20000280   Data           1  bldc.o(.bss.pos)
    pwmGo                                    0x20000284   Data           4  bldcsine.o(.bss.pwmGo)
    pwmGoBoost                               0x20000288   Data           2  bldcsine.o(.bss.pwmGoBoost)
    pwmSlave                                 0x2000028a   Data           2  main.o(.bss.pwmSlave)
    realSpeed                                0x2000028c   Data           4  bldc.o(.bss.realSpeed)
    realSpeed32_reg                          0x20000290   Data           4  bldc.o(.bss.realSpeed32_reg)
    revs32                                   0x20000294   Data           4  bldc.o(.bss.revs32)
    revs32_reg                               0x20000298   Data           4  bldc.o(.bss.revs32_reg)
    sector                                   0x2000029c   Data           1  bldcsine.o(.bss.sector)
    sector10x                                0x2000029d   Data           1  bldcsine.o(.bss.sector10x)
    sectorChange                             0x2000029e   Data           1  bldcsine.o(.bss.sectorChange)
    speed                                    0x200002a0   Data           4  main.o(.bss.speed)
    speedCounter                             0x200002a4   Data           4  bldc.o(.bss.speedCounter)
    speedCounterSlow                         0x200002a8   Data           4  bldc.o(.bss.speedCounterSlow)
    speedCounterSlowLog                      0x200002ac   Data           4  bldc.o(.bss.speedCounterSlowLog)
    speedShutoff                             0x200002b0   Data           4  main.o(.bss.speedShutoff)
    steer                                    0x200002b4   Data           4  main.o(.bss.steer)
    steerCounter                             0x200002b8   Data           4  main.o(.bss.steerCounter)
    timedOut                                 0x200002bc   Data           1  it.o(.bss.timedOut)
    timeoutCounter_ms                        0x200002c0   Data           4  it.o(.bss.timeoutCounter_ms)
    timeoutTimer_paramter_struct             0x200002c4   Data          16  setup.o(.bss.timeoutTimer_paramter_struct)
    timerBldc_break_parameter_struct         0x200002d4   Data          24  setup.o(.bss.timerBldc_break_parameter_struct)
    timerBldc_oc_parameter_struct            0x200002ec   Data          16  setup.o(.bss.timerBldc_oc_parameter_struct)
    timerBldc_paramter_struct                0x200002fc   Data          16  setup.o(.bss.timerBldc_paramter_struct)
    torque32                                 0x2000030c   Data           4  bldc.o(.bss.torque32)
    torque32_reg                             0x20000310   Data           4  bldc.o(.bss.torque32_reg)
    usart1_rx_buf                            0x20000314   Data           1  setup.o(.bss.usart1_rx_buf)
    v_offsetLog                              0x20000316   Data           2  bldcsine.o(.bss.v_offsetLog)
    __initial_sp                             0x20000718   Data           0  startup_gd32f1x0.o(STACK)



==============================================================================

Memory Map of the image

  Image Entry point : 0x08000169

  Load Region LR_IROM1 (Base: 0x08000000, Size: 0x00006fe0, Max: 0x00010000, ABSOLUTE)

    Execution Region ER_IROM1 (Exec base: 0x08000000, Load base: 0x08000000, Size: 0x00006fb4, Max: 0x00010000, ABSOLUTE)

    Exec Addr    Load Addr    Size         Type   Attr      Idx    E Section Name        Object

    0x08000000   0x08000000   0x00000168   Data   RO          359    RESET               startup_gd32f1x0.o
    0x08000168   0x08000168   0x00000000   Code   RO          376  * .ARM.Collect$$$$00000000  mc_w.l(entry.o)
    0x08000168   0x08000168   0x00000004   Code   RO          417    .ARM.Collect$$$$00000001  mc_w.l(entry2.o)
    0x0800016c   0x0800016c   0x00000004   Code   RO          420    .ARM.Collect$$$$00000004  mc_w.l(entry5.o)
    0x08000170   0x08000170   0x00000000   Code   RO          422    .ARM.Collect$$$$00000008  mc_w.l(entry7b.o)
    0x08000170   0x08000170   0x00000000   Code   RO          424    .ARM.Collect$$$$0000000A  mc_w.l(entry8b.o)
    0x08000170   0x08000170   0x00000008   Code   RO          425    .ARM.Collect$$$$0000000B  mc_w.l(entry9a.o)
    0x08000178   0x08000178   0x00000000   Code   RO          427    .ARM.Collect$$$$0000000D  mc_w.l(entry10a.o)
    0x08000178   0x08000178   0x00000000   Code   RO          429    .ARM.Collect$$$$0000000F  mc_w.l(entry11a.o)
    0x08000178   0x08000178   0x00000004   Code   RO          418    .ARM.Collect$$$$00002712  mc_w.l(entry2.o)
    0x0800017c   0x0800017c   0x00000834   Code   RO            1    .text               main.o
    0x080009b0   0x080009b0   0x000005f6   Code   RO           30    .text               bldc.o
    0x08000fa6   0x08000fa6   0x00000002   PAD
    0x08000fa8   0x08000fa8   0x0000020e   Code   RO           78    .text               driver.o
    0x080011b6   0x080011b6   0x00000002   PAD
    0x080011b8   0x080011b8   0x00000428   Code   RO           88    .text               bldcsine.o
    0x080015e0   0x080015e0   0x000008a0   Code   RO          122    .text               setup.o
    0x08001e80   0x08001e80   0x000001a6   Code   RO          141    .text               it.o
    0x08002026   0x08002026   0x00000002   PAD
    0x08002028   0x08002028   0x0000007c   Code   RO          165    .text               comms.o
    0x080020a4   0x080020a4   0x000001b2   Code   RO          173    .text               remoteuart.o
    0x08002256   0x08002256   0x00000002   PAD
    0x08002258   0x08002258   0x000004d6   Code   RO          204    .text               i2c.o
    0x0800272e   0x0800272e   0x00000002   PAD
    0x08002730   0x08002730   0x000001e4   Code   RO          215    .text               mpu6050.o
    0x08002914   0x08002914   0x000005a6   Code   RO          228    .text               gd32f1x0_adc.o
    0x08002eba   0x08002eba   0x00000002   PAD
    0x08002ebc   0x08002ebc   0x00000370   Code   RO          244    .text               gd32f1x0_dma.o
    0x0800322c   0x0800322c   0x0000016e   Code   RO          252    .text               gd32f1x0_exti.o
    0x0800339a   0x0800339a   0x00000002   PAD
    0x0800339c   0x0800339c   0x000009d0   Code   RO          260    .text               gd32f1x0_fmc.o
    0x08003d6c   0x08003d6c   0x000000e2   Code   RO          269    .text               gd32f1x0_fwdgt.o
    0x08003e4e   0x08003e4e   0x00000002   PAD
    0x08003e50   0x08003e50   0x00000198   Code   RO          277    .text               gd32f1x0_gpio.o
    0x08003fe8   0x08003fe8   0x00000322   Code   RO          286    .text               gd32f1x0_i2c.o
    0x0800430a   0x0800430a   0x00000002   PAD
    0x0800430c   0x0800430c   0x0000012c   Code   RO          294    .text               gd32f1x0_misc.o
    0x08004438   0x08004438   0x00000724   Code   RO          315    .text               gd32f1x0_rcu.o
    0x08004b5c   0x08004b5c   0x00000102   Code   RO          324    .text               gd32f1x0_syscfg.o
    0x08004c5e   0x08004c5e   0x00000002   PAD
    0x08004c60   0x08004c60   0x00000d50   Code   RO          332    .text               gd32f1x0_timer.o
    0x080059b0   0x080059b0   0x00000642   Code   RO          341    .text               gd32f1x0_usart.o
    0x08005ff2   0x08005ff2   0x00000002   PAD
    0x08005ff4   0x08005ff4   0x00000024   Code   RO          360    .text               startup_gd32f1x0.o
    0x08006018   0x08006018   0x0000013c   Code   RO          366    .text               system_gd32f1x0.o
    0x08006154   0x08006154   0x000000b0   Code   RO          379    .text               mf_w.l(fadd.o)
    0x08006204   0x08006204   0x00000064   Code   RO          381    .text               mf_w.l(fmul.o)
    0x08006268   0x08006268   0x0000007c   Code   RO          383    .text               mf_w.l(fdiv.o)
    0x080062e4   0x080062e4   0x0000014e   Code   RO          385    .text               mf_w.l(dadd.o)
    0x08006432   0x08006432   0x000000e4   Code   RO          387    .text               mf_w.l(dmul.o)
    0x08006516   0x08006516   0x000000de   Code   RO          389    .text               mf_w.l(ddiv.o)
    0x080065f4   0x080065f4   0x0000001c   Code   RO          391    .text               mf_w.l(fcmple.o)
    0x08006610   0x08006610   0x0000001c   Code   RO          393    .text               mf_w.l(fcmplt.o)
    0x0800662c   0x0800662c   0x0000001c   Code   RO          395    .text               mf_w.l(fcmpgt.o)
    0x08006648   0x08006648   0x00000036   Code   RO          397    .text               mf_w.l(dcmple.o)
    0x0800667e   0x0800667e   0x00000012   Code   RO          399    .text               mf_w.l(fflti.o)
    0x08006690   0x08006690   0x0000000a   Code   RO          401    .text               mf_w.l(ffltui.o)
    0x0800669a   0x0800669a   0x00000022   Code   RO          403    .text               mf_w.l(dflti.o)
    0x080066bc   0x080066bc   0x0000001a   Code   RO          405    .text               mf_w.l(dfltui.o)
    0x080066d6   0x080066d6   0x00000032   Code   RO          407    .text               mf_w.l(ffixi.o)
    0x08006708   0x08006708   0x00000042   Code   RO          409    .text               mf_w.l(ffixl.o)
    0x0800674a   0x0800674a   0x0000003e   Code   RO          411    .text               mf_w.l(dfixi.o)
    0x08006788   0x08006788   0x00000026   Code   RO          413    .text               mf_w.l(f2d.o)
    0x080067ae   0x080067ae   0x00000038   Code   RO          415    .text               mf_w.l(d2f.o)
    0x080067e6   0x080067e6   0x0000001e   Code   RO          431    .text               mc_w.l(llshl.o)
    0x08006804   0x08006804   0x00000020   Code   RO          433    .text               mc_w.l(llushr.o)
    0x08006824   0x08006824   0x00000024   Code   RO          435    .text               mc_w.l(llsshr.o)
    0x08006848   0x08006848   0x00000000   Code   RO          437    .text               mc_w.l(iusefp.o)
    0x08006848   0x08006848   0x0000006e   Code   RO          438    .text               mf_w.l(fepilogue.o)
    0x080068b6   0x080068b6   0x000000ba   Code   RO          440    .text               mf_w.l(depilogue.o)
    0x08006970   0x08006970   0x00000030   Code   RO          442    .text               mc_w.l(init.o)
    0x080069a0   0x080069a0   0x0000000e   Code   RO          446    i.__scatterload_copy  mc_w.l(handlers.o)
    0x080069ae   0x080069ae   0x00000002   Code   RO          447    i.__scatterload_null  mc_w.l(handlers.o)
    0x080069b0   0x080069b0   0x0000000e   Code   RO          448    i.__scatterload_zeroinit  mc_w.l(handlers.o)
    0x080069be   0x080069be   0x0000000c   Data   RO           62    .rodata..L__const.up_or_down.up_down  bldc.o
    0x080069ca   0x080069ca   0x0000000c   Data   RO          279    .rodata..Lswitch.table.gpio_deinit.1  gd32f1x0_gpio.o
    0x080069d6   0x080069d6   0x00000008   Data   RO          109    .rodata.cst8        bldcsine.o
    0x080069de   0x080069de   0x00000008   Data   RO          317    .rodata.cst8        gd32f1x0_rcu.o
    0x080069e6   0x080069e6   0x00000008   Data   RO           63    .rodata.hall_to_pos  bldc.o
    0x080069ee   0x080069ee   0x00000002   PAD
    0x080069f0   0x080069f0   0x000002d4   Data   RO           18    .rodata.lookUpTableAngle  main.o
    0x08006cc4   0x08006cc4   0x000002d0   Data   RO          113    .rodata.sine_table  bldcsine.o
    0x08006f94   0x08006f94   0x00000020   Data   RO          445    Region$$Table       anon$$obj.o


    Execution Region RW_IRAM1 (Exec base: 0x20000000, Load base: 0x08006fb8, Size: 0x00000718, Max: 0x00002000, ABSOLUTE)

    Exec Addr    Load Addr    Size         Type   Attr      Idx    E Section Name        Object

    0x20000000   0x08006fb8   0x00000004   Data   RW          368    .data.SystemCoreClock  system_gd32f1x0.o
    0x20000004   0x08006fbc   0x0000000a   Data   RW          207    .data.aiFound       i2c.o
    0x2000000e   0x08006fc6   0x00000002   PAD
    0x20000010   0x08006fc8   0x00000004   Data   RW           32    .data.batteryVoltage  bldc.o
    0x20000014   0x08006fcc   0x00000001   Data   RW           15    .data.beepsBackwards  main.o
    0x20000015   0x08006fcd   0x00000003   PAD
    0x20000018   0x08006fd0   0x00000004   Data   RW           33    .data.currentDC     bldc.o
    0x2000001c   0x08006fd4   0x00000001   Data   RW           49    .data.iFILTER_SHIFT  bldc.o
    0x2000001d   0x08006fd5   0x00000001   Data   RW          206    .data.iFound        i2c.o
    0x2000001e   0x08006fd6   0x00000002   Data   RW          177    .data.iReceivePos   remoteuart.o
    0x20000020   0x08006fd8   0x00000004   Data   RW           42    .data.revs32ScaleSlow  bldc.o
    0x20000024   0x08006fdc   0x00000002   Data   RW           10    .data.speedLimit    main.o
    0x20000026   0x08006fde   0x00000001   Data   RW           11    .data.wState        main.o
    0x20000027   0x08006fdf   0x00000001   Data   RW           12    .data.wStateSlave   main.o
    0x20000028        -       0x0000000c   Zero   RW           98    .bss.aHallEXTI      bldcsine.o
    0x20000034        -       0x00000009   Zero   RW          178    .bss.aReceiveBuffer  remoteuart.o
    0x2000003d   0x08006fe0   0x00000001   PAD
    0x2000003e        -       0x00000004   Zero   RW           65    .bss.adc_buffer     bldc.o
    0x20000042        -       0x00000100   Zero   RW          208    .bss.aiDump         i2c.o
    0x20000142   0x08006fe0   0x00000002   PAD
    0x20000144        -       0x0000001c   Zero   RW          217    .bss.aiLowPass      mpu6050.o
    0x20000160        -       0x00000002   Zero   RW           93    .bss.angle_deg      bldcsine.o
    0x20000162        -       0x00000002   Zero   RW           94    .bss.angle_deg_add  bldcsine.o
    0x20000164        -       0x00000002   Zero   RW           95    .bss.angle_deg_final  bldcsine.o
    0x20000166        -       0x00000002   Zero   RW           96    .bss.angle_idx      bldcsine.o
    0x20000168        -       0x00000001   Zero   RW           99    .bss.bInterrupt     bldcsine.o
    0x20000169        -       0x00000001   Zero   RW            4    .bss.bRemoteTimeout  main.o
    0x2000016a        -       0x00000001   Zero   RW           44    .bss.bldc_enable    bldc.o
    0x2000016b   0x08006fe0   0x00000001   PAD
    0x2000016c        -       0x00000004   Zero   RW           46    .bss.bldc_inputFilterPwm  bldc.o
    0x20000170        -       0x00000004   Zero   RW           47    .bss.bldc_outputFilterPwm  bldc.o
    0x20000174        -       0x00000001   Zero   RW           58    .bss.buzzerFreq     bldc.o
    0x20000175        -       0x00000001   Zero   RW           59    .bss.buzzerPattern  bldc.o
    0x20000176        -       0x00000002   Zero   RW           50    .bss.buzzerTimer    bldc.o
    0x20000178        -       0x00000001   Zero   RW           57    .bss.buzzerToggle   bldc.o
    0x20000179   0x08006fe0   0x00000003   PAD
    0x2000017c        -       0x00000024   Zero   RW          128    .bss.dma_init_struct_adc  setup.o
    0x200001a0        -       0x00000024   Zero   RW          129    .bss.dma_init_struct_usart  setup.o
    0x200001c4        -       0x00000001   Zero   RW           19    .bss.enable         main.o
    0x200001c5   0x08006fe0   0x00000003   PAD
    0x200001c8        -       0x00000004   Zero   RW           64    .bss.filter_reg     bldc.o
    0x200001cc        -       0x00000001   Zero   RW           45    .bss.hall           bldc.o
    0x200001cd        -       0x00000001   Zero   RW           66    .bss.hall_a         bldc.o
    0x200001ce        -       0x00000001   Zero   RW           67    .bss.hall_b         bldc.o
    0x200001cf        -       0x00000001   Zero   RW           68    .bss.hall_c         bldc.o
    0x200001d0        -       0x00000001   Zero   RW          102    .bss.hall_last      bldcsine.o
    0x200001d1   0x08006fe0   0x00000001   PAD
    0x200001d2        -       0x00000002   Zero   RW          100    .bss.hall_time_last  bldcsine.o
    0x200001d4        -       0x00000002   Zero   RW          101    .bss.hall_time_step  bldcsine.o
    0x200001d6   0x08006fe0   0x00000002   PAD
    0x200001d8        -       0x00000004   Zero   RW          111    .bss.hall_time_step_LP  bldcsine.o
    0x200001dc        -       0x00000004   Zero   RW          110    .bss.hall_time_step_LPR  bldcsine.o
    0x200001e0        -       0x00000004   Zero   RW          151    .bss.iAdcCounter    it.o
    0x200001e4        -       0x00000004   Zero   RW          149    .bss.iAdcTicks      it.o
    0x200001e8        -       0x00000004   Zero   RW          150    .bss.iAdcTicks0     it.o
    0x200001ec        -       0x00000002   Zero   RW          106    .bss.iAdd           bldcsine.o
    0x200001ee   0x08006fe0   0x00000002   PAD
    0x200001f0        -       0x00000004   Zero   RW           43    .bss.iBldcInput     bldc.o
    0x200001f4        -       0x00000004   Zero   RW            5    .bss.iBug           main.o
    0x200001f8        -       0x00000004   Zero   RW          155    .bss.iCounter2Usart1  it.o
    0x200001fc        -       0x00000004   Zero   RW          154    .bss.iCounterUsart1  it.o
    0x20000200        -       0x00000002   Zero   RW          105    .bss.iDT            bldcsine.o
    0x20000202        -       0x00000001   Zero   RW            3    .bss.iDrivingMode   main.o
    0x20000203        -       0x00000001   Zero   RW           48    .bss.iDrivingModeOverride  bldc.o
    0x20000204        -       0x00000004   Zero   RW           60    .bss.iOdom          bldc.o
    0x20000208        -       0x00000004   Zero   RW           61    .bss.iOdomLast      bldc.o
    0x2000020c        -       0x00000004   Zero   RW          148    .bss.iPwmCounter    it.o
    0x20000210        -       0x00000004   Zero   RW          146    .bss.iPwmTicks      it.o
    0x20000214        -       0x00000004   Zero   RW          147    .bss.iPwmTicks0     it.o
    0x20000218        -       0x00000004   Zero   RW          175    .bss.iTimeLastRx    remoteuart.o
    0x2000021c        -       0x00000004   Zero   RW           21    .bss.iTimeNextLoop  main.o
    0x20000220        -       0x00000004   Zero   RW          176    .bss.iTimeNextTx    remoteuart.o
    0x20000224        -       0x00000004   Zero   RW           17    .bss.inactivity_timeout_counter  main.o
    0x20000228        -       0x00000001   Zero   RW           70    .bss.lastPos        bldc.o
    0x20000229   0x08006fe0   0x00000001   PAD
    0x2000022a        -       0x0000000e   Zero   RW          221    .bss.mpuData        mpu6050.o
    0x20000238        -       0x00000001   Zero   RW          218    .bss.mpuStatus      mpu6050.o
    0x20000239   0x08006fe0   0x00000003   PAD
    0x2000023c        -       0x00000004   Zero   RW          145    .bss.msTicks        it.o
    0x20000240        -       0x00000014   Zero   RW          131    .bss.oConfig        setup.o
    0x20000254   0x08006fe0   0x00000004   PAD
    0x20000258        -       0x00000028   Zero   RW           80    .bss.pid            driver.o
    0x20000280        -       0x00000001   Zero   RW           69    .bss.pos            bldc.o
    0x20000281   0x08006fe0   0x00000003   PAD
    0x20000284        -       0x00000004   Zero   RW           97    .bss.pwmGo          bldcsine.o
    0x20000288        -       0x00000002   Zero   RW          112    .bss.pwmGoBoost     bldcsine.o
    0x2000028a        -       0x00000002   Zero   RW           20    .bss.pwmSlave       main.o
    0x2000028c        -       0x00000004   Zero   RW           34    .bss.realSpeed      bldc.o
    0x20000290        -       0x00000004   Zero   RW           39    .bss.realSpeed32_reg  bldc.o
    0x20000294        -       0x00000004   Zero   RW           35    .bss.revs32         bldc.o
    0x20000298        -       0x00000004   Zero   RW           37    .bss.revs32_reg     bldc.o
    0x2000029c        -       0x00000001   Zero   RW           91    .bss.sector         bldcsine.o
    0x2000029d        -       0x00000001   Zero   RW           92    .bss.sector10x      bldcsine.o
    0x2000029e        -       0x00000001   Zero   RW           90    .bss.sectorChange   bldcsine.o
    0x2000029f   0x08006fe0   0x00000001   PAD
    0x200002a0        -       0x00000004   Zero   RW            8    .bss.speed          main.o
    0x200002a4        -       0x00000004   Zero   RW           53    .bss.speedCounter   bldc.o
    0x200002a8        -       0x00000004   Zero   RW           54    .bss.speedCounterSlow  bldc.o
    0x200002ac        -       0x00000004   Zero   RW           56    .bss.speedCounterSlowLog  bldc.o
    0x200002b0        -       0x00000004   Zero   RW            9    .bss.speedShutoff   main.o
    0x200002b4        -       0x00000004   Zero   RW           13    .bss.steer          main.o
    0x200002b8        -       0x00000004   Zero   RW            7    .bss.steerCounter   main.o
    0x200002bc        -       0x00000001   Zero   RW          144    .bss.timedOut       it.o
    0x200002bd   0x08006fe0   0x00000003   PAD
    0x200002c0        -       0x00000004   Zero   RW          143    .bss.timeoutCounter_ms  it.o
    0x200002c4        -       0x00000010   Zero   RW          124    .bss.timeoutTimer_paramter_struct  setup.o
    0x200002d4        -       0x00000018   Zero   RW          127    .bss.timerBldc_break_parameter_struct  setup.o
    0x200002ec        -       0x00000010   Zero   RW          126    .bss.timerBldc_oc_parameter_struct  setup.o
    0x200002fc        -       0x00000010   Zero   RW          125    .bss.timerBldc_paramter_struct  setup.o
    0x2000030c        -       0x00000004   Zero   RW           36    .bss.torque32       bldc.o
    0x20000310        -       0x00000004   Zero   RW           38    .bss.torque32_reg   bldc.o
    0x20000314        -       0x00000001   Zero   RW          130    .bss.usart1_rx_buf  setup.o
    0x20000315   0x08006fe0   0x00000001   PAD
    0x20000316        -       0x00000002   Zero   RW          114    .bss.v_offsetLog    bldcsine.o
    0x20000318        -       0x00000400   Zero   RW          357    STACK               startup_gd32f1x0.o


==============================================================================

Image component sizes


      Code (inc. data)   RO Data    RW Data    ZI Data      Debug   Object Name

      1526          0         20         13         77       4645   bldc.o
      1064          0        728          0         49       7178   bldcsine.o
       124          0          0          0          0       2115   comms.o
       526         28          0          0         40       2826   driver.o
      1446         16          0          0          0       7635   gd32f1x0_adc.o
       880         64          0          0          0       5997   gd32f1x0_dma.o
       366          0          0          0          0       3198   gd32f1x0_exti.o
      2512          0          0          0          0      13341   gd32f1x0_fmc.o
       226          0          0          0          0       2007   gd32f1x0_fwdgt.o
       408          0         12          0          0       4183   gd32f1x0_gpio.o
       802          0          0          0          0       8563   gd32f1x0_i2c.o
       300          0          0          0          0       3163   gd32f1x0_misc.o
      1828         34          8          0          0      13497   gd32f1x0_rcu.o
       258          4          0          0          0       2988   gd32f1x0_syscfg.o
      3408         44          0          0          0      18497   gd32f1x0_timer.o
      1602          8          0          0          0      11885   gd32f1x0_usart.o
      1238          0          0         11        256       7362   i2c.o
       422          0          0          0         41       2942   it.o
      2100          0        724          5         33       7438   main.o
       484          0          0          0         43       4014   mpu6050.o
       434          0          0          2         17       1945   remoteuart.o
      2208          0          0          0        165      10253   setup.o
        36          8        360          0       1024        844   startup_gd32f1x0.o
       316         16          0          4          0       1621   system_gd32f1x0.o

    ----------------------------------------------------------------------
     24536        222       1886         40       1776     148137   Object Totals
         0          0         32          0          0          0   (incl. Generated)
        22          0          2          5         31          0   (incl. Padding)

    ----------------------------------------------------------------------

      Code (inc. data)   RO Data    RW Data    ZI Data      Debug   Library Member Name

         0          0          0          0          0          0   entry.o
         0          0          0          0          0          0   entry10a.o
         0          0          0          0          0          0   entry11a.o
         8          4          0          0          0          0   entry2.o
         4          0          0          0          0          0   entry5.o
         0          0          0          0          0          0   entry7b.o
         0          0          0          0          0          0   entry8b.o
         8          4          0          0          0          0   entry9a.o
        30          0          0          0          0          0   handlers.o
        48         10          0          0          0         68   init.o
         0          0          0          0          0          0   iusefp.o
        30          0          0          0          0         68   llshl.o
        36          0          0          0          0         68   llsshr.o
        32          0          0          0          0         68   llushr.o
        56          0          0          0          0         88   d2f.o
       334          0          0          0          0        148   dadd.o
        54          0          0          0          0         80   dcmple.o
       222          0          0          0          0        100   ddiv.o
       186          0          0          0          0        176   depilogue.o
        62          0          0          0          0         80   dfixi.o
        34          0          0          0          0         76   dflti.o
        26          0          0          0          0         76   dfltui.o
       228          0          0          0          0         96   dmul.o
        38          0          0          0          0         68   f2d.o
       176          0          0          0          0        140   fadd.o
        28          0          0          0          0         68   fcmpgt.o
        28          0          0          0          0         68   fcmple.o
        28          0          0          0          0         68   fcmplt.o
       124          0          0          0          0         88   fdiv.o
       110          0          0          0          0        168   fepilogue.o
        50          0          0          0          0         68   ffixi.o
        66          0          0          0          0         76   ffixl.o
        18          0          0          0          0         68   fflti.o
        10          0          0          0          0         68   ffltui.o
       100          0          0          0          0         76   fmul.o

    ----------------------------------------------------------------------
      2174         18          0          0          0       2216   Library Totals
         0          0          0          0          0          0   (incl. Padding)

    ----------------------------------------------------------------------

      Code (inc. data)   RO Data    RW Data    ZI Data      Debug   Library Name

       196         18          0          0          0        272   mc_w.l
      1978          0          0          0          0       1944   mf_w.l

    ----------------------------------------------------------------------
      2174         18          0          0          0       2216   Library Totals

    ----------------------------------------------------------------------

==============================================================================


      Code (inc. data)   RO Data    RW Data    ZI Data      Debug   

     26710        240       1886         40       1776     148921   Grand Totals
     26710        240       1886         40       1776     148921   ELF Image Totals
     26710        240       1886         40          0          0   ROM Totals

==============================================================================

    Total RO  Size (Code + RO Data)                28596 (  27.93kB)
    Total RW  Size (RW Data + ZI Data)              1816 (   1.77kB)
    Total ROM Size (Code + RO Data + RW Data)      28636 (  27.96kB)

==============================================================================

