Component: Arm Compiler for Embedded 6.23 Tool: armlink [5f102400]

==============================================================================

Section Cross References

    main.o(.text) refers to main.o(.bss.iBug) for iBug
    main.o(.text) refers to setup.o(.text) for ConfigRead
    main.o(.text) refers to system_gd32f1x0.o(.text) for SystemCoreClockUpdate
    main.o(.text) refers to system_gd32f1x0.o(.data.SystemCoreClock) for SystemCoreClock
    main.o(.text) refers to gd32f1x0_gpio.o(.text) for gpio_bit_write
    main.o(.text) refers to i2c.o(.text) for I2C_Init
    main.o(.text) refers to mpu6050.o(.text) for MPU_Init
    main.o(.text) refers to bldcsine.o(.text) for InitBldc
    main.o(.text) refers to main.o(.bss.iDrivingMode) for iDrivingMode
    main.o(.text) refers to driver.o(.text) for DriverInit
    main.o(.text) refers to gd32f1x0_fwdgt.o(.text) for fwdgt_counter_reload
    main.o(.text) refers to bldc.o(.bss.buzzerFreq) for buzzerFreq
    main.o(.text) refers to it.o(.text) for Delay
    main.o(.text) refers to main.o(.bss.iTimeNextLoop) for iTimeNextLoop
    main.o(.text) refers to main.o(.data.wState) for wState
    main.o(.text) refers to main.o(.bss.enable) for enable
    main.o(.text) refers to main.o(.bss.steerCounter) for steerCounter
    main.o(.text) refers to remoteuart.o(.text) for RemoteUpdate
    main.o(.text) refers to main.o(.bss.speedShutoff) for speedShutoff
    main.o(.text) refers to main.o(.bss.speed) for speed
    main.o(.text) refers to main.o(.bss.pwmSlave) for pwmSlave
    main.o(.text) refers to pilothoverbike.o(.text) for Pilot
    main.o(.text) refers to bldc.o(.text) for SetBldcInput
    main.o(.text) refers to bldc.o(.data.batteryVoltage) for batteryVoltage
    main.o(.text) refers to fcmple.o(.text) for __aeabi_fcmple
    main.o(.text) refers to bldc.o(.bss.buzzerPattern) for buzzerPattern
    main.o(.text) refers to f2d.o(.text) for __aeabi_f2d
    main.o(.text) refers to dcmple.o(.text) for __aeabi_dcmple
    main.o(.text) refers to main.o(.bss.inactivity_timeout_counter) for inactivity_timeout_counter
    main.o(.text) refers to main.o(.bss.bRemoteTimeout) for bRemoteTimeout
    main.o(.text) refers to main.o(.bss.bPilotTimeout) for bPilotTimeout
    main.o(.ARM.exidx) refers to main.o(.text) for [Anonymous Symbol]
    bldc.o(.text) refers to bldc.o(.rodata..L__const.up_or_down.up_down) for .L__const.up_or_down.up_down
    bldc.o(.text) refers to bldc.o(.bss.bldc_enable) for bldc_enable
    bldc.o(.text) refers to main.o(.bss.iDrivingMode) for iDrivingMode
    bldc.o(.text) refers to dflti.o(.text) for __aeabi_i2d
    bldc.o(.text) refers to ddiv.o(.text) for __aeabi_ddiv
    bldc.o(.text) refers to dmul.o(.text) for __aeabi_dmul
    bldc.o(.text) refers to dfixi.o(.text) for __aeabi_d2iz
    bldc.o(.text) refers to bldc.o(.bss.iBldcInput) for iBldcInput
    bldc.o(.text) refers to bldc.o(.data.iFILTER_SHIFT) for iFILTER_SHIFT
    bldc.o(.text) refers to bldc.o(.bss.bldc_outputFilterPwm) for bldc_outputFilterPwm
    bldc.o(.text) refers to bldc.o(.bss.filter_reg) for filter_reg
    bldc.o(.text) refers to bldc.o(.bss.buzzerTimer) for buzzerTimer
    bldc.o(.text) refers to bldc.o(.data.batteryVoltage) for batteryVoltage
    bldc.o(.text) refers to f2d.o(.text) for __aeabi_f2d
    bldc.o(.text) refers to bldc.o(.bss.adc_buffer) for adc_buffer
    bldc.o(.text) refers to dfltui.o(.text) for __aeabi_ui2d
    bldc.o(.text) refers to dadd.o(.text) for __aeabi_dadd
    bldc.o(.text) refers to d2f.o(.text) for __aeabi_d2f
    bldc.o(.text) refers to bldc.o(.bss.buzzerFreq) for buzzerFreq
    bldc.o(.text) refers to bldc.o(.bss.buzzerPattern) for buzzerPattern
    bldc.o(.text) refers to gd32f1x0_gpio.o(.text) for gpio_bit_write
    bldc.o(.text) refers to bldc.o(.data.currentDC) for currentDC
    bldc.o(.text) refers to fcmpgt.o(.text) for __aeabi_fcmpgt
    bldc.o(.text) refers to it.o(.bss.timedOut) for timedOut
    bldc.o(.text) refers to gd32f1x0_timer.o(.text) for timer_automatic_output_enable
    bldc.o(.text) refers to bldc.o(.bss.iDrivingModeOverride) for iDrivingModeOverride
    bldc.o(.text) refers to bldc.o(.bss.bldc_inputFilterPwm) for bldc_inputFilterPwm
    bldc.o(.text) refers to bldc.o(.bss.hall_a) for hall_a
    bldc.o(.text) refers to bldc.o(.bss.hall_b) for hall_b
    bldc.o(.text) refers to bldc.o(.bss.hall_c) for hall_c
    bldc.o(.text) refers to bldc.o(.bss.hall) for hall
    bldc.o(.text) refers to bldc.o(.rodata.hall_to_pos) for hall_to_pos
    bldc.o(.text) refers to bldc.o(.bss.pos) for pos
    bldc.o(.text) refers to driver.o(.text) for Driver
    bldc.o(.text) refers to bldcsine.o(.text) for bldc_get_pwm
    bldc.o(.text) refers to bldc.o(.bss.lastPos) for lastPos
    bldc.o(.text) refers to bldc.o(.bss.iOdom) for iOdom
    bldc.o(.text) refers to bldc.o(.bss.speedCounterSlow) for speedCounterSlow
    bldc.o(.text) refers to bldc.o(.bss.iOdomLast) for iOdomLast
    bldc.o(.text) refers to bldc.o(.bss.revs32) for revs32
[...]
    __cpp_initialize__aeabi_                  - Undefined Weak Reference
    __cxa_finalize                            - Undefined Weak Reference
    __decompress                              - Undefined Weak Reference
    _clock_init                               - Undefined Weak Reference
    _microlib_exit                            - Undefined Weak Reference
    __Vectors_Size                           0x00000168   Number         0  startup_gd32f1x0.o ABSOLUTE
    __Vectors                                0x08000000   Data           4  startup_gd32f1x0.o(RESET)
    __Vectors_End                            0x08000168   Data           0  startup_gd32f1x0.o(RESET)
    __main                                   0x08000169   Thumb Code     0  entry.o(.ARM.Collect$$$$00000000)
    _main_stk                                0x08000169   Thumb Code     0  entry2.o(.ARM.Collect$$$$00000001)
    _main_scatterload                        0x0800016d   Thumb Code     0  entry5.o(.ARM.Collect$$$$00000004)
    __main_after_scatterload                 0x08000171   Thumb Code     0  entry5.o(.ARM.Collect$$$$00000004)
    _main_clock                              0x08000171   Thumb Code     0  entry7b.o(.ARM.Collect$$$$00000008)
    _main_cpp_init                           0x08000171   Thumb Code     0  entry8b.o(.ARM.Collect$$$$0000000A)
    _main_init                               0x08000171   Thumb Code     0  entry9a.o(.ARM.Collect$$$$0000000B)
    __rt_final_cpp                           0x08000179   Thumb Code     0  entry10a.o(.ARM.Collect$$$$0000000D)
    __rt_final_exit                          0x08000179   Thumb Code     0  entry11a.o(.ARM.Collect$$$$0000000F)
    main                                     0x0800017d   Thumb Code  1102  main.o(.text)
    ShutOff                                  0x080005cd   Thumb Code   144  main.o(.text)
    ShowBatteryState                         0x0800065d   Thumb Code   156  main.o(.text)
    modulo                                   0x080006f9   Thumb Code    22  bldc.o(.text)
    up_or_down                               0x08000711   Thumb Code    66  bldc.o(.text)
    SetEnable                                0x08000755   Thumb Code    12  bldc.o(.text)
    SetBldcInput                             0x08000761   Thumb Code    92  bldc.o(.text)
    SetFilter                                0x080007bd   Thumb Code    44  bldc.o(.text)
    CalculateBLDC                            0x080007e9   Thumb Code  1286  bldc.o(.text)
    PID_Init                                 0x08000cf1   Thumb Code   126  driver.o(.text)
    PID_Update                               0x08000d71   Thumb Code   120  driver.o(.text)
    DriverInit                               0x08000de9   Thumb Code    80  driver.o(.text)
    Driver                                   0x08000e51   Thumb Code   174  driver.o(.text)
    InitEXTI                                 0x08000f01   Thumb Code    62  bldcsine.o(.text)
    InitBldc                                 0x08000f41   Thumb Code   146  bldcsine.o(.text)
    _HandleEXTI                              0x08000fd5   Thumb Code   180  bldcsine.o(.text)
    EXTI0_1_IRQHandler                       0x08001089   Thumb Code     4  bldcsine.o(.text)
    EXTI2_3_IRQHandler                       0x0800108d   Thumb Code     4  bldcsine.o(.text)
    EXTI4_15_IRQHandler                      0x08001091   Thumb Code     4  bldcsine.o(.text)
    bldc_get_pwm                             0x08001095   Thumb Code   660  bldcsine.o(.text)
    pinMode                                  0x08001329   Thumb Code    42  setup.o(.text)
    pinModePull                              0x08001355   Thumb Code    40  setup.o(.text)
    Interrupt_init                           0x0800137d   Thumb Code     8  setup.o(.text)
    Watchdog_init                            0x08001385   Thumb Code    56  setup.o(.text)
    TimeoutTimer_init                        0x080013bd   Thumb Code    92  setup.o(.text)
    GPIO_init                                0x08001419   Thumb Code   636  setup.o(.text)
    PWM_init                                 0x08001695   Thumb Code   368  setup.o(.text)
    ADC_init                                 0x08001805   Thumb Code   224  setup.o(.text)
    USART0_Init                              0x080018e5   Thumb Code     2  setup.o(.text)
    USART1_Init                              0x080018e9   Thumb Code   288  setup.o(.text)
    USART2_Init                              0x08001a09   Thumb Code     2  setup.o(.text)
    flashErase                               0x08001a0d   Thumb Code    28  setup.o(.text)
    flashRead                                0x08001a29   Thumb Code     4  setup.o(.text)
    flashWrite                               0x08001a2d   Thumb Code    38  setup.o(.text)
    flashWriteBuffer                         0x08001a55   Thumb Code    64  setup.o(.text)
    flashReadBuffer                          0x08001a95   Thumb Code    34  setup.o(.text)
    ConfigReset                              0x08001ab9   Thumb Code    38  setup.o(.text)
    ConfigWrite                              0x08001ae1   Thumb Code   112  setup.o(.text)
    ConfigRead                               0x08001b51   Thumb Code   120  setup.o(.text)
    SysTick_Handler                          0x08001bc9   Thumb Code    16  it.o(.text)
    ResetTimeout                             0x08001bd9   Thumb Code    14  it.o(.text)
    TIMER13_IRQHandler                       0x08001be9   Thumb Code    76  it.o(.text)
    TIMER0_BRK_UP_TRG_COM_IRQHandler         0x08001c35   Thumb Code    88  it.o(.text)
    DMA_Channel0_IRQHandler                  0x08001c8d   Thumb Code    94  it.o(.text)
    DMA_Channel3_4_IRQHandler                0x08001ced   Thumb Code    60  it.o(.text)
    millis                                   0x08001d29   Thumb Code    12  it.o(.text)
    Delay                                    0x08001d35   Thumb Code    28  it.o(.text)
    NMI_Handler                              0x08001d51   Thumb Code     2  it.o(.text)
    HardFault_Handler                        0x08001d55   Thumb Code     2  it.o(.text)
    MemManage_Handler                        0x08001d59   Thumb Code     2  it.o(.text)
    BusFault_Handler                         0x08001d5d   Thumb Code     2  it.o(.text)
    UsageFault_Handler                       0x08001d61   Thumb Code     2  it.o(.text)
    SVC_Handler                              0x08001d65   Thumb Code     2  it.o(.text)
    DebugMon_Handler                         0x08001d69   Thumb Code     2  it.o(.text)
    PendSV_Handler                           0x08001d6d   Thumb Code     2  it.o(.text)
    SendBuffer                               0x08001d71   Thumb Code    56  comms.o(.text)
    CalcCRC                                  0x08001da9   Thumb Code    68  comms.o(.text)
    RemoteUpdate                             0x08001ded   Thumb Code   282  remoteuart.o(.text)
    RemoteCallback                           0x08001f09   Thumb Code   178  remoteuart.o(.text)
    I2C_Init                                 0x08001fbd   Thumb Code   122  i2c.o(.text)
    i2c_writeBytes                           0x08002039   Thumb Code   234  i2c.o(.text)
    i2c_writeByte                            0x08002125   Thumb Code    26  i2c.o(.text)
    i2c_writeBit                             0x08002141   Thumb Code    90  i2c.o(.text)
    i2c_readByte                             0x0800219d   Thumb Code    20  i2c.o(.text)
    i2c_readBytes                            0x080021b1   Thumb Code   314  i2c.o(.text)
    i2c_readBit                              0x080022ed   Thumb Code    38  i2c.o(.text)
    i2c_scanner                              0x08002315   Thumb Code   118  i2c.o(.text)
    dump_i2c_registers                       0x0800238d   Thumb Code   262  i2c.o(.text)
    DoLowPass                                0x08002495   Thumb Code    64  mpu6050.o(.text)
    MPU_Init                                 0x080024d5   Thumb Code    88  mpu6050.o(.text)
    mpu_config                               0x0800252d   Thumb Code   160  mpu6050.o(.text)
    MPU_ReadAll                              0x080025cd   Thumb Code   176  mpu6050.o(.text)
    init_iir_hpf                             0x0800267d   Thumb Code    22  pilothoverbike.o(.text)
    iir_hpf_update                           0x08002695   Thumb Code    52  pilothoverbike.o(.text)
    Goertzel_Init                            0x080026c9   Thumb Code   266  pilothoverbike.o(.text)
    Goertzel_AddSample                       0x080027d5   Thumb Code   332  pilothoverbike.o(.text)
    PilotInit                                0x08002921   Thumb Code   104  pilothoverbike.o(.text)
    Pilot                                    0x08002989   Thumb Code   394  pilothoverbike.o(.text)
    adc_deinit                               0x08002b15   Thumb Code    22  gd32f1x0_adc.o(.text)
    adc_enable                               0x08002b2d   Thumb Code    26  gd32f1x0_adc.o(.text)
    adc_disable                              0x08002b49   Thumb Code    18  gd32f1x0_adc.o(.text)
    adc_calibration_enable                   0x08002b5d   Thumb Code    40  gd32f1x0_adc.o(.text)
    adc_dma_mode_enable                      0x08002b85   Thumb Code    18  gd32f1x0_adc.o(.text)
    adc_dma_mode_disable                     0x08002b99   Thumb Code    18  gd32f1x0_adc.o(.text)
    adc_tempsensor_vrefint_enable            0x08002bad   Thumb Code    18  gd32f1x0_adc.o(.text)
    adc_tempsensor_vrefint_disable           0x08002bc1   Thumb Code    18  gd32f1x0_adc.o(.text)
    adc_vbat_enable                          0x08002bd5   Thumb Code    18  gd32f1x0_adc.o(.text)
    adc_vbat_disable                         0x08002be9   Thumb Code    18  gd32f1x0_adc.o(.text)
    adc_discontinuous_mode_config            0x08002bfd   Thumb Code    68  gd32f1x0_adc.o(.text)
    adc_special_function_config              0x08002c41   Thumb Code   100  gd32f1x0_adc.o(.text)
    adc_data_alignment_config                0x08002ca5   Thumb Code    26  gd32f1x0_adc.o(.text)
    adc_channel_length_config                0x08002cc1   Thumb Code    82  gd32f1x0_adc.o(.text)
    adc_regular_channel_config               0x08002d15   Thumb Code   180  gd32f1x0_adc.o(.text)
    adc_inserted_channel_config              0x08002dc9   Thumb Code   114  gd32f1x0_adc.o(.text)
    adc_inserted_channel_offset_config       0x08002e3d   Thumb Code    32  gd32f1x0_adc.o(.text)
    adc_external_trigger_config              0x08002e5d   Thumb Code    72  gd32f1x0_adc.o(.text)
    adc_external_trigger_source_config       0x08002ea5   Thumb Code    42  gd32f1x0_adc.o(.text)
    adc_software_trigger_enable              0x08002ed1   Thumb Code    36  gd32f1x0_adc.o(.text)
    adc_regular_data_read                    0x08002ef5   Thumb Code    14  gd32f1x0_adc.o(.text)
    adc_inserted_data_read                   0x08002f05   Thumb Code    74  gd32f1x0_adc.o(.text)
    adc_flag_get                             0x08002f51   Thumb Code    18  gd32f1x0_adc.o(.text)
    adc_flag_clear                           0x08002f65   Thumb Code    18  gd32f1x0_adc.o(.text)
    adc_interrupt_flag_get                   0x08002f79   Thumb Code    56  gd32f1x0_adc.o(.text)
    adc_interrupt_flag_clear                 0x08002fb1   Thumb Code    18  gd32f1x0_adc.o(.text)
    adc_interrupt_enable                     0x08002fc5   Thumb Code    48  gd32f1x0_adc.o(.text)
    adc_interrupt_disable                    0x08002ff5   Thumb Code    48  gd32f1x0_adc.o(.text)
    adc_watchdog_single_channel_enable       0x08003025   Thumb Code    42  gd32f1x0_adc.o(.text)
    adc_watchdog_group_channel_enable        0x08003051   Thumb Code    48  gd32f1x0_adc.o(.text)
    adc_watchdog_disable                     0x0800308d   Thumb Code    24  gd32f1x0_adc.o(.text)
    adc_watchdog_threshold_config            0x080030a5   Thumb Code    22  gd32f1x0_adc.o(.text)
    dma_deinit                               0x080030bd   Thumb Code    48  gd32f1x0_dma.o(.text)
    dma_struct_para_init                     0x080030ed   Thumb Code    24  gd32f1x0_dma.o(.text)
    dma_init                                 0x08003105   Thumb Code   122  gd32f1x0_dma.o(.text)
    dma_circulation_enable                   0x08003181   Thumb Code    24  gd32f1x0_dma.o(.text)
    dma_circulation_disable                  0x08003199   Thumb Code    24  gd32f1x0_dma.o(.text)
    dma_memory_to_memory_enable              0x080031b1   Thumb Code    24  gd32f1x0_dma.o(.text)
    dma_memory_to_memory_disable             0x080031c9   Thumb Code    24  gd32f1x0_dma.o(.text)
    dma_channel_enable                       0x080031e1   Thumb Code    24  gd32f1x0_dma.o(.text)
    dma_channel_disable                      0x080031f9   Thumb Code    24  gd32f1x0_dma.o(.text)
    dma_periph_address_config                0x08003211   Thumb Code    16  gd32f1x0_dma.o(.text)
    dma_memory_address_config                0x08003221   Thumb Code    16  gd32f1x0_dma.o(.text)
    dma_transfer_number_config               0x08003231   Thumb Code    16  gd32f1x0_dma.o(.text)
    dma_transfer_number_get                  0x08003241   Thumb Code    16  gd32f1x0_dma.o(.text)
    dma_priority_config                      0x08003251   Thumb Code    26  gd32f1x0_dma.o(.text)
    dma_memory_width_config                  0x0800326d   Thumb Code    26  gd32f1x0_dma.o(.text)
    dma_periph_width_config                  0x08003289   Thumb Code    26  gd32f1x0_dma.o(.text)
    dma_memory_increase_enable               0x080032a5   Thumb Code    24  gd32f1x0_dma.o(.text)
    dma_memory_increase_disable              0x080032bd   Thumb Code    24  gd32f1x0_dma.o(.text)
    dma_periph_increase_enable               0x080032d5   Thumb Code    24  gd32f1x0_dma.o(.text)
    dma_periph_increase_disable              0x080032ed   Thumb Code    24  gd32f1x0_dma.o(.text)
    dma_transfer_direction_config            0x08003305   Thumb Code    30  gd32f1x0_dma.o(.text)
    dma_interrupt_flag_get                   0x08003325   Thumb Code    88  gd32f1x0_dma.o(.text)
    dma_interrupt_flag_clear                 0x080033bd   Thumb Code    20  gd32f1x0_dma.o(.text)
    dma_interrupt_enable                     0x080033d1   Thumb Code    22  gd32f1x0_dma.o(.text)
    dma_interrupt_disable                    0x080033e9   Thumb Code    24  gd32f1x0_dma.o(.text)
    dma_flag_get                             0x08003401   Thumb Code    22  gd32f1x0_dma.o(.text)
    dma_flag_clear                           0x08003419   Thumb Code    20  gd32f1x0_dma.o(.text)
    exti_deinit                              0x0800342d   Thumb Code    26  gd32f1x0_exti.o(.text)
    exti_init                                0x08003449   Thumb Code   156  gd32f1x0_exti.o(.text)
    exti_interrupt_enable                    0x080034e5   Thumb Code    16  gd32f1x0_exti.o(.text)
    exti_event_enable                        0x080034f5   Thumb Code    16  gd32f1x0_exti.o(.text)
    exti_interrupt_disable                   0x08003505   Thumb Code    18  gd32f1x0_exti.o(.text)
    exti_event_disable                       0x08003519   Thumb Code    18  gd32f1x0_exti.o(.text)
    exti_flag_get                            0x0800352d   Thumb Code    18  gd32f1x0_exti.o(.text)
    exti_flag_clear                          0x08003541   Thumb Code    12  gd32f1x0_exti.o(.text)
    exti_interrupt_flag_get                  0x0800354d   Thumb Code    32  gd32f1x0_exti.o(.text)
    exti_interrupt_flag_clear                0x0800356d   Thumb Code    12  gd32f1x0_exti.o(.text)
    exti_software_interrupt_enable           0x08003579   Thumb Code    16  gd32f1x0_exti.o(.text)
    exti_software_interrupt_disable          0x08003589   Thumb Code    18  gd32f1x0_exti.o(.text)
    fmc_unlock                               0x0800359d   Thumb Code    38  gd32f1x0_fmc.o(.text)
    fmc_lock                                 0x080035c5   Thumb Code    18  gd32f1x0_fmc.o(.text)
    fmc_wscnt_set                            0x080035d9   Thumb Code    20  gd32f1x0_fmc.o(.text)
    fmc_wait_state_enable                    0x080035ed   Thumb Code    18  gd32f1x0_fmc.o(.text)
    fmc_wait_state_disable                   0x08003601   Thumb Code    18  gd32f1x0_fmc.o(.text)
    fmc_page_erase                           0x08003615   Thumb Code   158  gd32f1x0_fmc.o(.text)
    fmc_mass_erase                           0x080036b5   Thumb Code   150  gd32f1x0_fmc.o(.text)
    fmc_word_program                         0x0800374d   Thumb Code   150  gd32f1x0_fmc.o(.text)
    fmc_halfword_program                     0x080037e5   Thumb Code   150  gd32f1x0_fmc.o(.text)
    ob_unlock                                0x0800387d   Thumb Code    38  gd32f1x0_fmc.o(.text)
    ob_lock                                  0x080038a5   Thumb Code    18  gd32f1x0_fmc.o(.text)
    ob_reset                                 0x080038b9   Thumb Code    18  gd32f1x0_fmc.o(.text)
    ob_erase                                 0x080038cd   Thumb Code   294  gd32f1x0_fmc.o(.text)
    ob_obstat_plevel_get                     0x080039f5   Thumb Code    16  gd32f1x0_fmc.o(.text)
    ob_write_protection_enable               0x08003a05   Thumb Code   312  gd32f1x0_fmc.o(.text)
    ob_security_protection_config            0x08003b3d   Thumb Code   304  gd32f1x0_fmc.o(.text)
    ob_user_write                            0x08003c6d   Thumb Code   308  gd32f1x0_fmc.o(.text)
    ob_data_program                          0x08003da1   Thumb Code   304  gd32f1x0_fmc.o(.text)
    ob_user_get                              0x08003ed1   Thumb Code    16  gd32f1x0_fmc.o(.text)
    ob_data_get                              0x08003ee1   Thumb Code    14  gd32f1x0_fmc.o(.text)
    ob_write_protection_get                  0x08003ef1   Thumb Code    14  gd32f1x0_fmc.o(.text)
    fmc_interrupt_enable                     0x08003f01   Thumb Code    16  gd32f1x0_fmc.o(.text)
    fmc_interrupt_disable                    0x08003f11   Thumb Code    18  gd32f1x0_fmc.o(.text)
    fmc_flag_get                             0x08003f25   Thumb Code    18  gd32f1x0_fmc.o(.text)
    fmc_flag_clear                           0x08003f39   Thumb Code    16  gd32f1x0_fmc.o(.text)
    fmc_interrupt_flag_get                   0x08003f49   Thumb Code    18  gd32f1x0_fmc.o(.text)
    fmc_interrupt_flag_clear                 0x08003f5d   Thumb Code    16  gd32f1x0_fmc.o(.text)
    fwdgt_write_disable                      0x08003f6d   Thumb Code    14  gd32f1x0_fwdgt.o(.text)
    fwdgt_counter_reload                     0x08003f7d   Thumb Code    16  gd32f1x0_fwdgt.o(.text)
    fwdgt_enable                             0x08003f8d   Thumb Code    16  gd32f1x0_fwdgt.o(.text)
    fwdgt_window_value_config                0x08003f9d   Thumb Code    58  gd32f1x0_fwdgt.o(.text)
    fwdgt_config                             0x08003fd9   Thumb Code   100  gd32f1x0_fwdgt.o(.text)
    fwdgt_flag_get                           0x0800403d   Thumb Code    18  gd32f1x0_fwdgt.o(.text)
    gpio_deinit                              0x08004051   Thumb Code    58  gd32f1x0_gpio.o(.text)
    gpio_mode_set                            0x0800408d   Thumb Code    84  gd32f1x0_gpio.o(.text)
    gpio_output_options_set                  0x080040e1   Thumb Code    70  gd32f1x0_gpio.o(.text)
    gpio_bit_set                             0x08004129   Thumb Code     4  gd32f1x0_gpio.o(.text)
    gpio_bit_reset                           0x0800412d   Thumb Code     4  gd32f1x0_gpio.o(.text)
    gpio_bit_write                           0x08004131   Thumb Code    12  gd32f1x0_gpio.o(.text)
    gpio_port_write                          0x0800413d   Thumb Code     4  gd32f1x0_gpio.o(.text)
    gpio_input_bit_get                       0x08004141   Thumb Code    10  gd32f1x0_gpio.o(.text)
    gpio_input_port_get                      0x0800414d   Thumb Code     6  gd32f1x0_gpio.o(.text)
    gpio_output_bit_get                      0x08004155   Thumb Code    10  gd32f1x0_gpio.o(.text)
    gpio_output_port_get                     0x08004161   Thumb Code     6  gd32f1x0_gpio.o(.text)
    gpio_af_set                              0x08004169   Thumb Code   110  gd32f1x0_gpio.o(.text)
    gpio_pin_lock                            0x080041d9   Thumb Code    16  gd32f1x0_gpio.o(.text)
    i2c_deinit                               0x080041e9   Thumb Code    54  gd32f1x0_i2c.o(.text)
    i2c_clock_config                         0x08004221   Thumb Code   214  gd32f1x0_i2c.o(.text)
    i2c_mode_addr_config                     0x080042f9   Thumb Code    26  gd32f1x0_i2c.o(.text)
    i2c_smbus_type_config                    0x08004315   Thumb Code    16  gd32f1x0_i2c.o(.text)
    i2c_ack_config                           0x08004325   Thumb Code    18  gd32f1x0_i2c.o(.text)
    i2c_ackpos_config                        0x08004339   Thumb Code    18  gd32f1x0_i2c.o(.text)
    i2c_master_addressing                    0x0800434d   Thumb Code    14  gd32f1x0_i2c.o(.text)
    i2c_dualaddr_enable                      0x0800435d   Thumb Code    10  gd32f1x0_i2c.o(.text)
    i2c_dualaddr_disable                     0x08004369   Thumb Code    10  gd32f1x0_i2c.o(.text)
    i2c_enable                               0x08004375   Thumb Code    10  gd32f1x0_i2c.o(.text)
    i2c_disable                              0x08004381   Thumb Code    10  gd32f1x0_i2c.o(.text)
    i2c_start_on_bus                         0x0800438d   Thumb Code    10  gd32f1x0_i2c.o(.text)
    i2c_stop_on_bus                          0x08004399   Thumb Code    10  gd32f1x0_i2c.o(.text)
    i2c_data_transmit                        0x080043a5   Thumb Code     4  gd32f1x0_i2c.o(.text)
    i2c_data_receive                         0x080043a9   Thumb Code     6  gd32f1x0_i2c.o(.text)
    i2c_dma_enable                           0x080043b1   Thumb Code    12  gd32f1x0_i2c.o(.text)
    i2c_dma_last_transfer_config             0x080043bd   Thumb Code    12  gd32f1x0_i2c.o(.text)
    i2c_stretch_scl_low_config               0x080043c9   Thumb Code    12  gd32f1x0_i2c.o(.text)
    i2c_slave_response_to_gcall_config       0x080043d5   Thumb Code    12  gd32f1x0_i2c.o(.text)
    i2c_software_reset_config                0x080043e1   Thumb Code    12  gd32f1x0_i2c.o(.text)
    i2c_pec_enable                           0x080043ed   Thumb Code    12  gd32f1x0_i2c.o(.text)
    i2c_pec_transfer_enable                  0x080043f9   Thumb Code    12  gd32f1x0_i2c.o(.text)
    i2c_pec_value_get                        0x08004405   Thumb Code     8  gd32f1x0_i2c.o(.text)
    i2c_smbus_issue_alert                    0x0800440d   Thumb Code    12  gd32f1x0_i2c.o(.text)
    i2c_smbus_arp_enable                     0x08004419   Thumb Code    12  gd32f1x0_i2c.o(.text)
    i2c_flag_get                             0x08004425   Thumb Code    16  gd32f1x0_i2c.o(.text)
    i2c_flag_clear                           0x08004435   Thumb Code    38  gd32f1x0_i2c.o(.text)
    i2c_interrupt_enable                     0x0800445d   Thumb Code    22  gd32f1x0_i2c.o(.text)
    i2c_interrupt_disable                    0x08004475   Thumb Code    24  gd32f1x0_i2c.o(.text)
    i2c_interrupt_flag_get                   0x0800448d   Thumb Code    84  gd32f1x0_i2c.o(.text)
    i2c_interrupt_flag_clear                 0x080044e1   Thumb Code    42  gd32f1x0_i2c.o(.text)
    nvic_priority_group_set                  0x0800450d   Thumb Code    20  gd32f1x0_misc.o(.text)
    nvic_irq_enable                          0x08004521   Thumb Code   168  gd32f1x0_misc.o(.text)
    nvic_irq_disable                         0x080045c9   Thumb Code    28  gd32f1x0_misc.o(.text)
    nvic_vector_table_set                    0x080045e5   Thumb Code    24  gd32f1x0_misc.o(.text)
    system_lowpower_set                      0x080045fd   Thumb Code    16  gd32f1x0_misc.o(.text)
    system_lowpower_reset                    0x0800460d   Thumb Code    18  gd32f1x0_misc.o(.text)
    systick_clksource_set                    0x08004621   Thumb Code    24  gd32f1x0_misc.o(.text)
    rcu_deinit                               0x08004639   Thumb Code   112  gd32f1x0_rcu.o(.text)
    rcu_periph_clock_enable                  0x080046a9   Thumb Code    30  gd32f1x0_rcu.o(.text)
    rcu_periph_clock_disable                 0x080046c9   Thumb Code    32  gd32f1x0_rcu.o(.text)
    rcu_periph_clock_sleep_enable            0x080046e9   Thumb Code    30  gd32f1x0_rcu.o(.text)
    rcu_periph_clock_sleep_disable           0x08004709   Thumb Code    32  gd32f1x0_rcu.o(.text)
    rcu_periph_reset_enable                  0x08004729   Thumb Code    30  gd32f1x0_rcu.o(.text)
    rcu_periph_reset_disable                 0x08004749   Thumb Code    32  gd32f1x0_rcu.o(.text)
    rcu_bkp_reset_enable                     0x08004769   Thumb Code    18  gd32f1x0_rcu.o(.text)
    rcu_bkp_reset_disable                    0x0800477d   Thumb Code    18  gd32f1x0_rcu.o(.text)
    rcu_system_clock_source_config           0x08004791   Thumb Code    20  gd32f1x0_rcu.o(.text)
    rcu_system_clock_source_get              0x080047a5   Thumb Code    16  gd32f1x0_rcu.o(.text)
    rcu_ahb_clock_config                     0x080047b5   Thumb Code    20  gd32f1x0_rcu.o(.text)
    rcu_apb1_clock_config                    0x080047c9   Thumb Code    20  gd32f1x0_rcu.o(.text)
    rcu_apb2_clock_config                    0x080047dd   Thumb Code    20  gd32f1x0_rcu.o(.text)
    rcu_adc_clock_config                     0x080047f1   Thumb Code    88  gd32f1x0_rcu.o(.text)
    rcu_usbd_clock_config                    0x08004849   Thumb Code    24  gd32f1x0_rcu.o(.text)
    rcu_ckout_config                         0x08004861   Thumb Code    22  gd32f1x0_rcu.o(.text)
    rcu_pll_config                           0x08004879   Thumb Code    40  gd32f1x0_rcu.o(.text)
    rcu_usart_clock_config                   0x080048a1   Thumb Code    24  gd32f1x0_rcu.o(.text)
    rcu_cec_clock_config                     0x080048b9   Thumb Code    24  gd32f1x0_rcu.o(.text)
    rcu_rtc_clock_config                     0x080048d1   Thumb Code    24  gd32f1x0_rcu.o(.text)
    rcu_hxtal_prediv_config                  0x080048e9   Thumb Code    20  gd32f1x0_rcu.o(.text)
    rcu_lxtal_drive_capability_config        0x080048fd   Thumb Code    24  gd32f1x0_rcu.o(.text)
    rcu_flag_get                             0x08004915   Thumb Code    26  gd32f1x0_rcu.o(.text)
    rcu_all_reset_flag_clear                 0x08004931   Thumb Code    18  gd32f1x0_rcu.o(.text)
    rcu_interrupt_flag_get                   0x08004945   Thumb Code    18  gd32f1x0_rcu.o(.text)
    rcu_interrupt_flag_clear                 0x08004959   Thumb Code    16  gd32f1x0_rcu.o(.text)
    rcu_interrupt_enable                     0x08004969   Thumb Code    16  gd32f1x0_rcu.o(.text)
    rcu_interrupt_disable                    0x08004979   Thumb Code    18  gd32f1x0_rcu.o(.text)
    rcu_osci_stab_wait                       0x0800498d   Thumb Code   312  gd32f1x0_rcu.o(.text)
    rcu_osci_on                              0x08004ac5   Thumb Code    30  gd32f1x0_rcu.o(.text)
    rcu_osci_off                             0x08004ae5   Thumb Code    32  gd32f1x0_rcu.o(.text)
    rcu_osci_bypass_mode_enable              0x08004b05   Thumb Code    64  gd32f1x0_rcu.o(.text)
    rcu_osci_bypass_mode_disable             0x08004b45   Thumb Code    64  gd32f1x0_rcu.o(.text)
    rcu_hxtal_clock_monitor_enable           0x08004b85   Thumb Code    18  gd32f1x0_rcu.o(.text)
    rcu_hxtal_clock_monitor_disable          0x08004b99   Thumb Code    18  gd32f1x0_rcu.o(.text)
    rcu_irc8m_adjust_value_set               0x08004bad   Thumb Code    22  gd32f1x0_rcu.o(.text)
    rcu_irc14m_adjust_value_set              0x08004bc5   Thumb Code    22  gd32f1x0_rcu.o(.text)
    rcu_voltage_key_unlock                   0x08004bdd   Thumb Code    30  gd32f1x0_rcu.o(.text)
    rcu_deepsleep_voltage_set                0x08004bfd   Thumb Code    24  gd32f1x0_rcu.o(.text)
    rcu_power_down_voltage_set               0x08004c15   Thumb Code    24  gd32f1x0_rcu.o(.text)
    rcu_clock_freq_get                       0x08004c2d   Thumb Code   288  gd32f1x0_rcu.o(.text)
    syscfg_deinit                            0x08004d5d   Thumb Code    22  gd32f1x0_syscfg.o(.text)
    syscfg_dma_remap_enable                  0x08004d75   Thumb Code    14  gd32f1x0_syscfg.o(.text)
    syscfg_dma_remap_disable                 0x08004d85   Thumb Code    16  gd32f1x0_syscfg.o(.text)
    syscfg_high_current_enable               0x08004d95   Thumb Code    16  gd32f1x0_syscfg.o(.text)
    syscfg_high_current_disable              0x08004da5   Thumb Code    16  gd32f1x0_syscfg.o(.text)
    syscfg_exti_line_config                  0x08004db5   Thumb Code   124  gd32f1x0_syscfg.o(.text)
    syscfg_lock_config                       0x08004e31   Thumb Code    14  gd32f1x0_syscfg.o(.text)
    syscfg_flag_get                          0x08004e41   Thumb Code    16  gd32f1x0_syscfg.o(.text)
    syscfg_flag_clear                        0x08004e51   Thumb Code    14  gd32f1x0_syscfg.o(.text)
    timer_deinit                             0x08004e61   Thumb Code   194  gd32f1x0_timer.o(.text)
    timer_struct_para_init                   0x08004f25   Thumb Code    16  gd32f1x0_timer.o(.text)
    timer_init                               0x08004f35   Thumb Code   216  gd32f1x0_timer.o(.text)
    timer_enable                             0x0800500d   Thumb Code    10  gd32f1x0_timer.o(.text)
    timer_disable                            0x08005019   Thumb Code    10  gd32f1x0_timer.o(.text)
    timer_auto_reload_shadow_enable          0x08005025   Thumb Code    10  gd32f1x0_timer.o(.text)
    timer_auto_reload_shadow_disable         0x08005031   Thumb Code    10  gd32f1x0_timer.o(.text)
    timer_update_event_enable                0x0800503d   Thumb Code    10  gd32f1x0_timer.o(.text)
    timer_update_event_disable               0x08005049   Thumb Code    10  gd32f1x0_timer.o(.text)
    timer_counter_alignment                  0x08005055   Thumb Code    16  gd32f1x0_timer.o(.text)
    timer_counter_up_direction               0x08005065   Thumb Code    10  gd32f1x0_timer.o(.text)
    timer_counter_down_direction             0x08005071   Thumb Code    10  gd32f1x0_timer.o(.text)
    timer_prescaler_config                   0x0800507d   Thumb Code    18  gd32f1x0_timer.o(.text)
    timer_repetition_value_config            0x08005091   Thumb Code     4  gd32f1x0_timer.o(.text)
    timer_autoreload_value_config            0x08005095   Thumb Code     4  gd32f1x0_timer.o(.text)
    timer_counter_value_config               0x08005099   Thumb Code     4  gd32f1x0_timer.o(.text)
    timer_counter_read                       0x0800509d   Thumb Code     4  gd32f1x0_timer.o(.text)
    timer_prescaler_read                     0x080050a1   Thumb Code     6  gd32f1x0_timer.o(.text)
    timer_single_pulse_mode_config           0x080050a9   Thumb Code    30  gd32f1x0_timer.o(.text)
    timer_update_source_config               0x080050c9   Thumb Code    30  gd32f1x0_timer.o(.text)
    timer_ocpre_clear_source_config          0x080050e9   Thumb Code    28  gd32f1x0_timer.o(.text)
    timer_interrupt_enable                   0x08005105   Thumb Code     8  gd32f1x0_timer.o(.text)
    timer_interrupt_disable                  0x0800510d   Thumb Code    10  gd32f1x0_timer.o(.text)
    timer_interrupt_flag_get                 0x08005119   Thumb Code    22  gd32f1x0_timer.o(.text)
    timer_interrupt_flag_clear               0x08005131   Thumb Code     6  gd32f1x0_timer.o(.text)
    timer_flag_get                           0x08005139   Thumb Code    10  gd32f1x0_timer.o(.text)
    timer_flag_clear                         0x08005145   Thumb Code     6  gd32f1x0_timer.o(.text)
    timer_dma_enable                         0x0800514d   Thumb Code     8  gd32f1x0_timer.o(.text)
    timer_dma_disable                        0x08005155   Thumb Code    10  gd32f1x0_timer.o(.text)
    timer_channel_dma_request_source_select  0x08005161   Thumb Code    30  gd32f1x0_timer.o(.text)
    timer_dma_transfer_config                0x08005181   Thumb Code    24  gd32f1x0_timer.o(.text)
    timer_event_software_generate            0x08005199   Thumb Code     8  gd32f1x0_timer.o(.text)
    timer_break_struct_para_init             0x080051a1   Thumb Code    16  gd32f1x0_timer.o(.text)
    timer_break_config                       0x080051b1   Thumb Code    36  gd32f1x0_timer.o(.text)
    timer_break_enable                       0x080051d5   Thumb Code    10  gd32f1x0_timer.o(.text)
    timer_break_disable                      0x080051e1   Thumb Code    10  gd32f1x0_timer.o(.text)
    timer_automatic_output_enable            0x080051ed   Thumb Code    10  gd32f1x0_timer.o(.text)
    timer_automatic_output_disable           0x080051f9   Thumb Code    10  gd32f1x0_timer.o(.text)
    timer_primary_output_config              0x08005205   Thumb Code    18  gd32f1x0_timer.o(.text)
    timer_channel_control_shadow_config      0x08005219   Thumb Code    16  gd32f1x0_timer.o(.text)
    timer_channel_control_shadow_update_config 0x08005229   Thumb Code    30  gd32f1x0_timer.o(.text)
    timer_channel_output_struct_para_init    0x08005249   Thumb Code    12  gd32f1x0_timer.o(.text)
    timer_channel_output_config              0x08005255   Thumb Code   562  gd32f1x0_timer.o(.text)
    timer_channel_output_mode_config         0x08005489   Thumb Code    56  gd32f1x0_timer.o(.text)
    timer_channel_output_pulse_value_config  0x080054c1   Thumb Code    16  gd32f1x0_timer.o(.text)
    timer_channel_output_shadow_config       0x080054d1   Thumb Code    56  gd32f1x0_timer.o(.text)
    timer_channel_output_fast_config         0x08005509   Thumb Code    56  gd32f1x0_timer.o(.text)
    timer_channel_output_clear_config        0x08005541   Thumb Code    56  gd32f1x0_timer.o(.text)
    timer_channel_output_polarity_config     0x08005579   Thumb Code    68  gd32f1x0_timer.o(.text)
    timer_channel_complementary_output_polarity_config 0x080055bd   Thumb Code    68  gd32f1x0_timer.o(.text)
    timer_channel_output_state_config        0x08005601   Thumb Code    68  gd32f1x0_timer.o(.text)
    timer_channel_complementary_output_state_config 0x08005645   Thumb Code    56  gd32f1x0_timer.o(.text)
    timer_channel_input_struct_para_init     0x0800567d   Thumb Code    12  gd32f1x0_timer.o(.text)
    timer_input_capture_config               0x08005689   Thumb Code   350  gd32f1x0_timer.o(.text)
    timer_channel_input_capture_prescaler_config 0x080057e9   Thumb Code    56  gd32f1x0_timer.o(.text)
    timer_channel_capture_value_register_read 0x08005821   Thumb Code    18  gd32f1x0_timer.o(.text)
    timer_input_pwm_capture_config           0x08005835   Thumb Code   354  gd32f1x0_timer.o(.text)
    timer_hall_mode_config                   0x08005999   Thumb Code    30  gd32f1x0_timer.o(.text)
    timer_input_trigger_source_select        0x080059b9   Thumb Code    16  gd32f1x0_timer.o(.text)
    timer_master_output_trigger_source_select 0x080059c9   Thumb Code    16  gd32f1x0_timer.o(.text)
    timer_slave_mode_select                  0x080059d9   Thumb Code    16  gd32f1x0_timer.o(.text)
    timer_master_slave_mode_config           0x080059e9   Thumb Code    30  gd32f1x0_timer.o(.text)
    timer_external_trigger_config            0x08005a09   Thumb Code    34  gd32f1x0_timer.o(.text)
    timer_quadrature_decoder_mode_config     0x08005a2d   Thumb Code    78  gd32f1x0_timer.o(.text)
    timer_internal_clock_config              0x08005a7d   Thumb Code    10  gd32f1x0_timer.o(.text)
    timer_internal_trigger_as_external_clock_config 0x08005a89   Thumb Code    32  gd32f1x0_timer.o(.text)
    timer_external_trigger_as_external_clock_config 0x08005aa9   Thumb Code   152  gd32f1x0_timer.o(.text)
    timer_external_clock_mode0_config        0x08005b41   Thumb Code    50  gd32f1x0_timer.o(.text)
    timer_external_clock_mode1_config        0x08005b75   Thumb Code    42  gd32f1x0_timer.o(.text)
    timer_external_clock_mode1_disable       0x08005ba1   Thumb Code    10  gd32f1x0_timer.o(.text)
    timer_channel_remap_config               0x08005bad   Thumb Code     4  gd32f1x0_timer.o(.text)
    usart_deinit                             0x08005bb1   Thumb Code    54  gd32f1x0_usart.o(.text)
    usart_baudrate_set                       0x08005be9   Thumb Code    90  gd32f1x0_usart.o(.text)
    usart_parity_config                      0x08005c45   Thumb Code    24  gd32f1x0_usart.o(.text)
    usart_word_length_set                    0x08005c5d   Thumb Code    24  gd32f1x0_usart.o(.text)
    usart_stop_bit_set                       0x08005c75   Thumb Code    24  gd32f1x0_usart.o(.text)
    usart_enable                             0x08005c8d   Thumb Code    10  gd32f1x0_usart.o(.text)
    usart_disable                            0x08005c99   Thumb Code    10  gd32f1x0_usart.o(.text)
    usart_transmit_config                    0x08005ca5   Thumb Code    16  gd32f1x0_usart.o(.text)
    usart_receive_config                     0x08005cb5   Thumb Code    16  gd32f1x0_usart.o(.text)
    usart_data_transmit                      0x08005cc5   Thumb Code     8  gd32f1x0_usart.o(.text)
    usart_data_receive                       0x08005ccd   Thumb Code     8  gd32f1x0_usart.o(.text)
    usart_data_first_config                  0x08005cd5   Thumb Code    28  gd32f1x0_usart.o(.text)
    usart_invert_config                      0x08005cf1   Thumb Code   106  gd32f1x0_usart.o(.text)
    usart_overrun_enable                     0x08005d5d   Thumb Code    18  gd32f1x0_usart.o(.text)
    usart_overrun_disable                    0x08005d71   Thumb Code    18  gd32f1x0_usart.o(.text)
    usart_oversample_config                  0x08005d85   Thumb Code    24  gd32f1x0_usart.o(.text)
    usart_sample_bit_config                  0x08005d9d   Thumb Code    24  gd32f1x0_usart.o(.text)
    usart_autobaud_detection_enable          0x08005db5   Thumb Code    10  gd32f1x0_usart.o(.text)
    usart_autobaud_detection_disable         0x08005dc1   Thumb Code    10  gd32f1x0_usart.o(.text)
    usart_autobaud_detection_mode_config     0x08005dcd   Thumb Code    16  gd32f1x0_usart.o(.text)
    usart_mute_mode_enable                   0x08005ddd   Thumb Code    10  gd32f1x0_usart.o(.text)
    usart_mute_mode_disable                  0x08005de9   Thumb Code    10  gd32f1x0_usart.o(.text)
    usart_mute_mode_wakeup_config            0x08005df5   Thumb Code    24  gd32f1x0_usart.o(.text)
    usart_address_detection_mode_config      0x08005e0d   Thumb Code    28  gd32f1x0_usart.o(.text)
    usart_address_config                     0x08005e29   Thumb Code    26  gd32f1x0_usart.o(.text)
    usart_receiver_timeout_enable            0x08005e45   Thumb Code    10  gd32f1x0_usart.o(.text)
    usart_receiver_timeout_disable           0x08005e51   Thumb Code    10  gd32f1x0_usart.o(.text)
    usart_receiver_timeout_config            0x08005e5d   Thumb Code    16  gd32f1x0_usart.o(.text)
    usart_lin_mode_enable                    0x08005e6d   Thumb Code    18  gd32f1x0_usart.o(.text)
    usart_lin_mode_disable                   0x08005e81   Thumb Code    18  gd32f1x0_usart.o(.text)
    usart_lin_break_detection_length_config  0x08005e95   Thumb Code    20  gd32f1x0_usart.o(.text)
    usart_halfduplex_enable                  0x08005ea9   Thumb Code    18  gd32f1x0_usart.o(.text)
    usart_halfduplex_disable                 0x08005ebd   Thumb Code    18  gd32f1x0_usart.o(.text)
    usart_clock_enable                       0x08005ed1   Thumb Code    18  gd32f1x0_usart.o(.text)
    usart_clock_disable                      0x08005ee5   Thumb Code    18  gd32f1x0_usart.o(.text)
    usart_synchronous_clock_config           0x08005ef9   Thumb Code    60  gd32f1x0_usart.o(.text)
    usart_smartcard_mode_enable              0x08005f35   Thumb Code    18  gd32f1x0_usart.o(.text)
    usart_smartcard_mode_disable             0x08005f49   Thumb Code    18  gd32f1x0_usart.o(.text)
    usart_smartcard_mode_nack_enable         0x08005f5d   Thumb Code    18  gd32f1x0_usart.o(.text)
    usart_smartcard_mode_nack_disable        0x08005f71   Thumb Code    18  gd32f1x0_usart.o(.text)
    usart_guard_time_config                  0x08005f85   Thumb Code    28  gd32f1x0_usart.o(.text)
    usart_block_length_config                0x08005fa1   Thumb Code    18  gd32f1x0_usart.o(.text)
    usart_smartcard_autoretry_config         0x08005fb5   Thumb Code    30  gd32f1x0_usart.o(.text)
    usart_irda_mode_enable                   0x08005fd5   Thumb Code    18  gd32f1x0_usart.o(.text)
    usart_irda_mode_disable                  0x08005fe9   Thumb Code    18  gd32f1x0_usart.o(.text)
    usart_irda_lowpower_config               0x08005ffd   Thumb Code    20  gd32f1x0_usart.o(.text)
    usart_prescaler_config                   0x08006011   Thumb Code    24  gd32f1x0_usart.o(.text)
    usart_hardware_flow_rts_config           0x08006029   Thumb Code    24  gd32f1x0_usart.o(.text)
    usart_hardware_flow_cts_config           0x08006041   Thumb Code    24  gd32f1x0_usart.o(.text)
    usart_rs485_driver_enable                0x08006059   Thumb Code    18  gd32f1x0_usart.o(.text)
    usart_rs485_driver_disable               0x0800606d   Thumb Code    18  gd32f1x0_usart.o(.text)
    usart_driver_assertime_config            0x08006081   Thumb Code    30  gd32f1x0_usart.o(.text)
    usart_driver_deassertime_config          0x080060a1   Thumb Code    30  gd32f1x0_usart.o(.text)
    usart_depolarity_config                  0x080060c1   Thumb Code    28  gd32f1x0_usart.o(.text)
    usart_dma_receive_config                 0x080060dd   Thumb Code    16  gd32f1x0_usart.o(.text)
    usart_dma_transmit_config                0x080060ed   Thumb Code    16  gd32f1x0_usart.o(.text)
    usart_reception_error_dma_disable        0x080060fd   Thumb Code    18  gd32f1x0_usart.o(.text)
    usart_reception_error_dma_enable         0x08006111   Thumb Code    18  gd32f1x0_usart.o(.text)
    usart_wakeup_enable                      0x08006125   Thumb Code    10  gd32f1x0_usart.o(.text)
    usart_wakeup_disable                     0x08006131   Thumb Code    10  gd32f1x0_usart.o(.text)
    usart_wakeup_mode_config                 0x0800613d   Thumb Code    28  gd32f1x0_usart.o(.text)
    usart_flag_get                           0x08006159   Thumb Code    16  gd32f1x0_usart.o(.text)
    usart_flag_clear                         0x08006169   Thumb Code    18  gd32f1x0_usart.o(.text)
    usart_interrupt_enable                   0x0800617d   Thumb Code    24  gd32f1x0_usart.o(.text)
    usart_interrupt_disable                  0x08006195   Thumb Code    26  gd32f1x0_usart.o(.text)
    usart_command_enable                     0x080061b1   Thumb Code     8  gd32f1x0_usart.o(.text)
    usart_interrupt_flag_get                 0x080061b9   Thumb Code    40  gd32f1x0_usart.o(.text)
    usart_interrupt_flag_clear               0x080061e1   Thumb Code    18  gd32f1x0_usart.o(.text)
    Reset_Handler                            0x080061f5   Thumb Code     8  startup_gd32f1x0.o(.text)
    ADC_CMP_IRQHandler                       0x0800620f   Thumb Code     0  startup_gd32f1x0.o(.text)
    CAN0_RX0_IRQHandler                      0x0800620f   Thumb Code     0  startup_gd32f1x0.o(.text)
    CAN0_RX1_IRQHandler                      0x0800620f   Thumb Code     0  startup_gd32f1x0.o(.text)
    CAN0_SCE_IRQHandler                      0x0800620f   Thumb Code     0  startup_gd32f1x0.o(.text)
    CAN0_TX_IRQHandler                       0x0800620f   Thumb Code     0  startup_gd32f1x0.o(.text)
    CAN1_RX0_IRQHandler                      0x0800620f   Thumb Code     0  startup_gd32f1x0.o(.text)
    CAN1_RX1_IRQHandler                      0x0800620f   Thumb Code     0  startup_gd32f1x0.o(.text)
    CAN1_SCE_IRQHandler                      0x0800620f   Thumb Code     0  startup_gd32f1x0.o(.text)
    CAN1_TX_IRQHandler                       0x0800620f   Thumb Code     0  startup_gd32f1x0.o(.text)
    CEC_IRQHandler                           0x0800620f   Thumb Code     0  startup_gd32f1x0.o(.text)
    DMA_Channel1_2_IRQHandler                0x0800620f   Thumb Code     0  startup_gd32f1x0.o(.text)
    DMA_Channel5_6_IRQHandler                0x0800620f   Thumb Code     0  startup_gd32f1x0.o(.text)
    FMC_IRQHandler                           0x0800620f   Thumb Code     0  startup_gd32f1x0.o(.text)
    I2C0_ER_IRQHandler                       0x0800620f   Thumb Code     0  startup_gd32f1x0.o(.text)
    I2C0_EV_IRQHandler                       0x0800620f   Thumb Code     0  startup_gd32f1x0.o(.text)
    I2C1_ER_IRQHandler                       0x0800620f   Thumb Code     0  startup_gd32f1x0.o(.text)
    I2C1_EV_IRQHandler                       0x0800620f   Thumb Code     0  startup_gd32f1x0.o(.text)
    I2C2_ER_IRQHandler                       0x0800620f   Thumb Code     0  startup_gd32f1x0.o(.text)
    I2C2_EV_IRQHandler                       0x0800620f   Thumb Code     0  startup_gd32f1x0.o(.text)
    LVD_IRQHandler                           0x0800620f   Thumb Code     0  startup_gd32f1x0.o(.text)
    RCU_IRQHandler                           0x0800620f   Thumb Code     0  startup_gd32f1x0.o(.text)
    RTC_IRQHandler                           0x0800620f   Thumb Code     0  startup_gd32f1x0.o(.text)
    SLCD_IRQHandler                          0x0800620f   Thumb Code     0  startup_gd32f1x0.o(.text)
    SPI0_IRQHandler                          0x0800620f   Thumb Code     0  startup_gd32f1x0.o(.text)
    SPI1_IRQHandler                          0x0800620f   Thumb Code     0  startup_gd32f1x0.o(.text)
    SPI2_IRQHandler                          0x0800620f   Thumb Code     0  startup_gd32f1x0.o(.text)
    TIMER0_Channel_IRQHandler                0x0800620f   Thumb Code     0  startup_gd32f1x0.o(.text)
    TIMER14_IRQHandler                       0x0800620f   Thumb Code     0  startup_gd32f1x0.o(.text)
    TIMER15_IRQHandler                       0x0800620f   Thumb Code     0  startup_gd32f1x0.o(.text)
    TIMER16_IRQHandler                       0x0800620f   Thumb Code     0  startup_gd32f1x0.o(.text)
    TIMER1_IRQHandler                        0x0800620f   Thumb Code     0  startup_gd32f1x0.o(.text)
    TIMER2_IRQHandler                        0x0800620f   Thumb Code     0  startup_gd32f1x0.o(.text)
    TIMER5_DAC_IRQHandler                    0x0800620f   Thumb Code     0  startup_gd32f1x0.o(.text)
    TSI_IRQHandler                           0x0800620f   Thumb Code     0  startup_gd32f1x0.o(.text)
    USART0_IRQHandler                        0x0800620f   Thumb Code     0  startup_gd32f1x0.o(.text)
    USART1_IRQHandler                        0x0800620f   Thumb Code     0  startup_gd32f1x0.o(.text)
    USBDWakeUp_IRQHandler                    0x0800620f   Thumb Code     0  startup_gd32f1x0.o(.text)
    USBD_HP_IRQHandler                       0x0800620f   Thumb Code     0  startup_gd32f1x0.o(.text)
    USBD_LP_IRQHandler                       0x0800620f   Thumb Code     0  startup_gd32f1x0.o(.text)
    WWDGT_IRQHandler                         0x0800620f   Thumb Code     0  startup_gd32f1x0.o(.text)
    SystemInit                               0x08006219   Thumb Code   188  system_gd32f1x0.o(.text)
    SystemCoreClockUpdate                    0x080062d5   Thumb Code   112  system_gd32f1x0.o(.text)
    __aeabi_memset                           0x08006355   Thumb Code    14  memseta.o(.text)
    __aeabi_memset4                          0x08006355   Thumb Code     0  memseta.o(.text)
    __aeabi_memset8                          0x08006355   Thumb Code     0  memseta.o(.text)
    __aeabi_memclr                           0x08006363   Thumb Code     4  memseta.o(.text)
    __aeabi_memclr4                          0x08006363   Thumb Code     0  memseta.o(.text)
    __aeabi_memclr8                          0x08006363   Thumb Code     0  memseta.o(.text)
    _memset$wrapper                          0x08006367   Thumb Code    18  memseta.o(.text)
    __aeabi_fadd                             0x08006379   Thumb Code   164  fadd.o(.text)
    __aeabi_fsub                             0x0800641d   Thumb Code     6  fadd.o(.text)
    __aeabi_frsub                            0x08006423   Thumb Code     6  fadd.o(.text)
    __aeabi_fmul                             0x08006429   Thumb Code   100  fmul.o(.text)
    __aeabi_fdiv                             0x0800648d   Thumb Code   124  fdiv.o(.text)
    __aeabi_dadd                             0x08006509   Thumb Code   322  dadd.o(.text)
    __aeabi_dsub                             0x0800664b   Thumb Code     6  dadd.o(.text)
    __aeabi_drsub                            0x08006651   Thumb Code     6  dadd.o(.text)
    __aeabi_dmul                             0x08006657   Thumb Code   228  dmul.o(.text)
    __aeabi_ddiv                             0x0800673b   Thumb Code   222  ddiv.o(.text)
    __aeabi_fcmple                           0x08006819   Thumb Code    28  fcmple.o(.text)
    __aeabi_fcmpgt                           0x08006835   Thumb Code    28  fcmpgt.o(.text)
    __aeabi_dcmple                           0x08006851   Thumb Code    54  dcmple.o(.text)
    __aeabi_ui2f                             0x08006887   Thumb Code    10  ffltui.o(.text)
    __aeabi_i2d                              0x08006891   Thumb Code    34  dflti.o(.text)
    __aeabi_ui2d                             0x080068b3   Thumb Code    26  dfltui.o(.text)
    __aeabi_f2iz                             0x080068cd   Thumb Code    50  ffixi.o(.text)
    __aeabi_f2lz                             0x080068ff   Thumb Code    66  ffixl.o(.text)
    __aeabi_d2iz                             0x08006941   Thumb Code    62  dfixi.o(.text)
    __aeabi_f2d                              0x0800697f   Thumb Code    38  f2d.o(.text)
    __aeabi_d2f                              0x080069a5   Thumb Code    56  d2f.o(.text)
    __aeabi_llsl                             0x080069dd   Thumb Code    30  llshl.o(.text)
    _ll_shift_l                              0x080069dd   Thumb Code     0  llshl.o(.text)
    __aeabi_llsr                             0x080069fb   Thumb Code    32  llushr.o(.text)
    _ll_ushift_r                             0x080069fb   Thumb Code     0  llushr.o(.text)
    __aeabi_lasr                             0x08006a1b   Thumb Code    36  llsshr.o(.text)
    _ll_sshift_r                             0x08006a1b   Thumb Code     0  llsshr.o(.text)
    __I$use$fp                               0x08006a3f   Thumb Code     0  iusefp.o(.text)
    _float_round                             0x08006a3f   Thumb Code    18  fepilogue.o(.text)
    _float_epilogue                          0x08006a51   Thumb Code    92  fepilogue.o(.text)
    _frnd                                    0x08006aad   Thumb Code    60  frnd.o(.text)
    _double_round                            0x08006ae9   Thumb Code    30  depilogue.o(.text)
    _double_epilogue                         0x08006b07   Thumb Code   156  depilogue.o(.text)
    __scatterload                            0x08006ba5   Thumb Code    38  init.o(.text)
    __scatterload_rt2                        0x08006ba5   Thumb Code     0  init.o(.text)
    __ARM_scalbnf                            0x08006bd5   Thumb Code    24  fscalb.o(.text)
    scalbnf                                  0x08006bd5   Thumb Code     0  fscalb.o(.text)
    __aeabi_i2f                              0x08006bed   Thumb Code    18  fflti.o(.text)
    __mathlib_flt_infnan                     0x08006bff   Thumb Code     6  funder.o(i.__mathlib_flt_infnan)
    __mathlib_flt_invalid                    0x08006c05   Thumb Code     8  funder.o(i.__mathlib_flt_invalid)
    __mathlib_rredf2                         0x08006c0d   Thumb Code   344  rredf.o(i.__mathlib_rredf2)
    __scatterload_copy                       0x08006d75   Thumb Code    14  handlers.o(i.__scatterload_copy)
    __scatterload_null                       0x08006d83   Thumb Code     2  handlers.o(i.__scatterload_null)
    __scatterload_zeroinit                   0x08006d85   Thumb Code    14  handlers.o(i.__scatterload_zeroinit)
    __set_errno                              0x08006d95   Thumb Code     6  errno.o(i.__set_errno)
    __mathlib_ceilf                          0x08006da1   Thumb Code     0  ceilf.o(i.ceilf)
    ceilf                                    0x08006da1   Thumb Code   110  ceilf.o(i.ceilf)
    cosf                                     0x08006e19   Thumb Code   328  cosf.o(i.cosf)
    floorf                                   0x08006f95   Thumb Code   112  floorf.o(i.floorf)
    hall_to_pos                              0x08007058   Data           8  bldc.o(.rodata.hall_to_pos)
    Region$$Table$$Base                      0x08007330   Number         0  anon$$obj.o(Region$$Table)
    Region$$Table$$Limit                     0x08007350   Number         0  anon$$obj.o(Region$$Table)
    SystemCoreClock                          0x20000004   Data           4  system_gd32f1x0.o(.data.SystemCoreClock)
    aiFound                                  0x20000008   Data          10  i2c.o(.data.aiFound)
    bPilotInit                               0x20000012   Data           1  pilothoverbike.o(.data.bPilotInit)
    batteryVoltage                           0x20000014   Data           4  bldc.o(.data.batteryVoltage)
    currentDC                                0x20000018   Data           4  bldc.o(.data.currentDC)
    iFILTER_SHIFT                            0x2000001c   Data           1  bldc.o(.data.iFILTER_SHIFT)
    iFound                                   0x2000001d   Data           1  i2c.o(.data.iFound)
    revs32ScaleSlow                          0x20000020   Data           4  bldc.o(.data.revs32ScaleSlow)
    wState                                   0x20000024   Data           1  main.o(.data.wState)
    wStateSlave                              0x20000025   Data           1  main.o(.data.wStateSlave)
    aHallEXTI                                0x20000028   Data          12  bldcsine.o(.bss.aHallEXTI)
    adc_buffer                               0x2000003e   Data           4  bldc.o(.bss.adc_buffer)
    aiDump                                   0x20000042   Data         256  i2c.o(.bss.aiDump)
    aiLowPass                                0x20000144   Data          28  mpu6050.o(.bss.aiLowPass)
    angle_deg                                0x20000160   Data           2  bldcsine.o(.bss.angle_deg)
    angle_deg_add                            0x20000162   Data           2  bldcsine.o(.bss.angle_deg_add)
    angle_deg_final                          0x20000164   Data           2  bldcsine.o(.bss.angle_deg_final)
    angle_idx                                0x20000166   Data           2  bldcsine.o(.bss.angle_idx)
    bInterrupt                               0x20000168   Data           1  bldcsine.o(.bss.bInterrupt)
    bPilotTimeout                            0x20000169   Data           1  main.o(.bss.bPilotTimeout)
    bRemoteTimeout                           0x2000016a   Data           1  main.o(.bss.bRemoteTimeout)
    bldc_enable                              0x2000016b   Data           1  bldc.o(.bss.bldc_enable)
    bldc_inputFilterPwm                      0x2000016c   Data           4  bldc.o(.bss.bldc_inputFilterPwm)
    bldc_outputFilterPwm                     0x20000170   Data           4  bldc.o(.bss.bldc_outputFilterPwm)
    buzzerFreq                               0x20000174   Data           1  bldc.o(.bss.buzzerFreq)
    buzzerPattern                            0x20000175   Data           1  bldc.o(.bss.buzzerPattern)
    buzzerTimer                              0x20000176   Data           2  bldc.o(.bss.buzzerTimer)
    buzzerToggle                             0x20000178   Data           1  bldc.o(.bss.buzzerToggle)
    dma_init_struct_adc                      0x2000017c   Data          36  setup.o(.bss.dma_init_struct_adc)
    dma_init_struct_usart                    0x200001a0   Data          36  setup.o(.bss.dma_init_struct_usart)
    enable                                   0x200001c4   Data           1  main.o(.bss.enable)
    filter_reg                               0x200001c8   Data           4  bldc.o(.bss.filter_reg)
    hall                                     0x200001cc   Data           1  bldc.o(.bss.hall)
    hall_a                                   0x200001cd   Data           1  bldc.o(.bss.hall_a)
    hall_b                                   0x200001ce   Data           1  bldc.o(.bss.hall_b)
    hall_c                                   0x200001cf   Data           1  bldc.o(.bss.hall_c)
    hall_last                                0x200001d0   Data           1  bldcsine.o(.bss.hall_last)
    hall_time_last                           0x200001d2   Data           2  bldcsine.o(.bss.hall_time_last)
    hall_time_step                           0x200001d4   Data           2  bldcsine.o(.bss.hall_time_step)
    hall_time_step_LP                        0x200001d8   Data           4  bldcsine.o(.bss.hall_time_step_LP)
    hall_time_step_LPR                       0x200001dc   Data           4  bldcsine.o(.bss.hall_time_step_LPR)
    hpf                                      0x200001e0   Data          10  pilothoverbike.o(.bss.hpf)
    iAdcCounter                              0x200001ec   Data           4  it.o(.bss.iAdcCounter)
    iAdcTicks                                0x200001f0   Data           4  it.o(.bss.iAdcTicks)
    iAdcTicks0                               0x200001f4   Data           4  it.o(.bss.iAdcTicks0)
    iAdd                                     0x200001f8   Data           2  bldcsine.o(.bss.iAdd)
    iBldcInput                               0x200001fc   Data           4  bldc.o(.bss.iBldcInput)
    iBug                                     0x20000200   Data           4  main.o(.bss.iBug)
    iClipState                               0x20000204   Data           1  pilothoverbike.o(.bss.iClipState)
    iCounter2Usart1                          0x20000208   Data           4  it.o(.bss.iCounter2Usart1)
    iCounterUsart1                           0x2000020c   Data           4  it.o(.bss.iCounterUsart1)
    iDT                                      0x20000210   Data           2  bldcsine.o(.bss.iDT)
    iDrivingMode                             0x20000212   Data           1  main.o(.bss.iDrivingMode)
    iDrivingModeOverride                     0x20000213   Data           1  bldc.o(.bss.iDrivingModeOverride)
    iGoert1                                  0x20000214   Data           2  pilothoverbike.o(.bss.iGoert1)
    iGoert2                                  0x20000216   Data           2  pilothoverbike.o(.bss.iGoert2)
    iGoert3                                  0x20000218   Data           2  pilothoverbike.o(.bss.iGoert3)
    iMpuRetries                              0x2000021a   Data           2  pilothoverbike.o(.bss.iMpuRetries)
    iOdom                                    0x2000021c   Data           4  bldc.o(.bss.iOdom)
    iOdomLast                                0x20000220   Data           4  bldc.o(.bss.iOdomLast)
    iPwmCounter                              0x20000224   Data           4  it.o(.bss.iPwmCounter)
    iPwmTicks                                0x20000228   Data           4  it.o(.bss.iPwmTicks)
    iPwmTicks0                               0x2000022c   Data           4  it.o(.bss.iPwmTicks0)
    iSample                                  0x20000230   Data           2  pilothoverbike.o(.bss.iSample)
    iSampleHP                                0x20000232   Data           2  pilothoverbike.o(.bss.iSampleHP)
    iTimeLastRx                              0x20000234   Data           4  remoteuart.o(.bss.iTimeLastRx)
    iTimeLastSample                          0x20000238   Data           4  pilothoverbike.o(.bss.iTimeLastSample)
    iTimeNextLoop                            0x2000023c   Data           4  main.o(.bss.iTimeNextLoop)
    iTimeNextSample                          0x20000240   Data           4  pilothoverbike.o(.bss.iTimeNextSample)
    iTimeNextTx                              0x20000244   Data           4  remoteuart.o(.bss.iTimeNextTx)
    imag_sq                                  0x20000248   Data           4  pilothoverbike.o(.bss.imag_sq)
    inactivity_timeout_counter               0x2000024c   Data           4  main.o(.bss.inactivity_timeout_counter)
    iterm1                                   0x20000250   Data           4  pilothoverbike.o(.bss.iterm1)
    iterm2                                   0x20000254   Data           4  pilothoverbike.o(.bss.iterm2)
    iterm3                                   0x20000258   Data           4  pilothoverbike.o(.bss.iterm3)
    iterm3_intermediate                      0x2000025c   Data           4  pilothoverbike.o(.bss.iterm3_intermediate)
    k0                                       0x20000260   Data           4  pilothoverbike.o(.bss.k0)
    k1                                       0x20000264   Data           4  pilothoverbike.o(.bss.k1)
    lastPos                                  0x20000268   Data           1  bldc.o(.bss.lastPos)
    mpuData                                  0x2000026a   Data          14  mpu6050.o(.bss.mpuData)
    mpuStatus                                0x20000278   Data           1  mpu6050.o(.bss.mpuStatus)
    msTicks                                  0x2000027c   Data           4  it.o(.bss.msTicks)
    oConfig                                  0x20000280   Data          20  setup.o(.bss.oConfig)
    pedaling_detector                        0x20000298   Data         176  pilothoverbike.o(.bss.pedaling_detector)
    pid                                      0x20000348   Data          40  driver.o(.bss.pid)
    pos                                      0x20000370   Data           1  bldc.o(.bss.pos)
    pwmGo                                    0x20000374   Data           4  bldcsine.o(.bss.pwmGo)
    pwmGoBoost                               0x20000378   Data           2  bldcsine.o(.bss.pwmGoBoost)
    pwmSlave                                 0x2000037a   Data           2  main.o(.bss.pwmSlave)
    realSpeed                                0x2000037c   Data           4  bldc.o(.bss.realSpeed)
    realSpeed32_reg                          0x20000380   Data           4  bldc.o(.bss.realSpeed32_reg)
    revs32                                   0x20000384   Data           4  bldc.o(.bss.revs32)
    revs32_reg                               0x20000388   Data           4  bldc.o(.bss.revs32_reg)
    sector                                   0x2000038c   Data           1  bldcsine.o(.bss.sector)
    sector10x                                0x2000038d   Data           1  bldcsine.o(.bss.sector10x)
    sectorChange                             0x2000038e   Data           1  bldcsine.o(.bss.sectorChange)
    speed                                    0x20000390   Data           4  main.o(.bss.speed)
    speedCounter                             0x20000394   Data           4  bldc.o(.bss.speedCounter)
    speedCounterSlow                         0x20000398   Data           4  bldc.o(.bss.speedCounterSlow)
    speedCounterSlowLog                      0x2000039c   Data           4  bldc.o(.bss.speedCounterSlowLog)
    speedShutoff                             0x200003a0   Data           4  main.o(.bss.speedShutoff)
    steer                                    0x200003a4   Data           4  main.o(.bss.steer)
    steerCounter                             0x200003a8   Data           4  main.o(.bss.steerCounter)
    timedOut                                 0x200003ac   Data           1  it.o(.bss.timedOut)
    timeoutCounter_ms                        0x200003b0   Data           4  it.o(.bss.timeoutCounter_ms)
    timeoutTimer_paramter_struct             0x200003b4   Data          16  setup.o(.bss.timeoutTimer_paramter_struct)
    timerBldc_break_parameter_struct         0x200003c4   Data          24  setup.o(.bss.timerBldc_break_parameter_struct)
    timerBldc_oc_parameter_struct            0x200003dc   Data          16  setup.o(.bss.timerBldc_oc_parameter_struct)
    timerBldc_paramter_struct                0x200003ec   Data          16  setup.o(.bss.timerBldc_paramter_struct)
    torque32                                 0x200003fc   Data           4  bldc.o(.bss.torque32)
    torque32_reg                             0x20000400   Data           4  bldc.o(.bss.torque32_reg)
    usart1_rx_buf                            0x20000404   Data           1  setup.o(.bss.usart1_rx_buf)
    v_offsetLog                              0x20000406   Data           2  bldcsine.o(.bss.v_offsetLog)
    __initial_sp                             0x20000808   Data           0  startup_gd32f1x0.o(STACK)



==============================================================================

Memory Map of the image

  Image Entry point : 0x08000169

  Load Region LR_IROM1 (Base: 0x08000000, Size: 0x00007378, Max: 0x00010000, ABSOLUTE)

    Execution Region ER_IROM1 (Exec base: 0x08000000, Load base: 0x08000000, Size: 0x00007350, Max: 0x00010000, ABSOLUTE)

    Exec Addr    Load Addr    Size         Type   Attr      Idx    E Section Name        Object

    0x08000000   0x08000000   0x00000168   Data   RO          390    RESET               startup_gd32f1x0.o
    0x08000168   0x08000168   0x00000000   Code   RO          419  * .ARM.Collect$$$$00000000  mc_w.l(entry.o)
    0x08000168   0x08000168   0x00000004   Code   RO          475    .ARM.Collect$$$$00000001  mc_w.l(entry2.o)
    0x0800016c   0x0800016c   0x00000004   Code   RO          478    .ARM.Collect$$$$00000004  mc_w.l(entry5.o)
    0x08000170   0x08000170   0x00000000   Code   RO          480    .ARM.Collect$$$$00000008  mc_w.l(entry7b.o)
    0x08000170   0x08000170   0x00000000   Code   RO          482    .ARM.Collect$$$$0000000A  mc_w.l(entry8b.o)
    0x08000170   0x08000170   0x00000008   Code   RO          483    .ARM.Collect$$$$0000000B  mc_w.l(entry9a.o)
    0x08000178   0x08000178   0x00000000   Code   RO          485    .ARM.Collect$$$$0000000D  mc_w.l(entry10a.o)
    0x08000178   0x08000178   0x00000000   Code   RO          487    .ARM.Collect$$$$0000000F  mc_w.l(entry11a.o)
    0x08000178   0x08000178   0x00000004   Code   RO          476    .ARM.Collect$$$$00002712  mc_w.l(entry2.o)
    0x0800017c   0x0800017c   0x0000057c   Code   RO            1    .text               main.o
    0x080006f8   0x080006f8   0x000005f6   Code   RO           31    .text               bldc.o
    0x08000cee   0x08000cee   0x00000002   PAD
    0x08000cf0   0x08000cf0   0x0000020e   Code   RO           79    .text               driver.o
    0x08000efe   0x08000efe   0x00000002   PAD
    0x08000f00   0x08000f00   0x00000428   Code   RO           89    .text               bldcsine.o
    0x08001328   0x08001328   0x000008a0   Code   RO          123    .text               setup.o
    0x08001bc8   0x08001bc8   0x000001a6   Code   RO          142    .text               it.o
    0x08001d6e   0x08001d6e   0x00000002   PAD
    0x08001d70   0x08001d70   0x0000007c   Code   RO          166    .text               comms.o
    0x08001dec   0x08001dec   0x000001ce   Code   RO          174    .text               remoteuart.o
    0x08001fba   0x08001fba   0x00000002   PAD
    0x08001fbc   0x08001fbc   0x000004d6   Code   RO          205    .text               i2c.o
    0x08002492   0x08002492   0x00000002   PAD
    0x08002494   0x08002494   0x000001e8   Code   RO          216    .text               mpu6050.o
    0x0800267c   0x0800267c   0x00000496   Code   RO          229    .text               pilothoverbike.o
    0x08002b12   0x08002b12   0x00000002   PAD
    0x08002b14   0x08002b14   0x000005a6   Code   RO          259    .text               gd32f1x0_adc.o
    0x080030ba   0x080030ba   0x00000002   PAD
    0x080030bc   0x080030bc   0x00000370   Code   RO          275    .text               gd32f1x0_dma.o
    0x0800342c   0x0800342c   0x0000016e   Code   RO          283    .text               gd32f1x0_exti.o
    0x0800359a   0x0800359a   0x00000002   PAD
    0x0800359c   0x0800359c   0x000009d0   Code   RO          291    .text               gd32f1x0_fmc.o
    0x08003f6c   0x08003f6c   0x000000e2   Code   RO          300    .text               gd32f1x0_fwdgt.o
    0x0800404e   0x0800404e   0x00000002   PAD
    0x08004050   0x08004050   0x00000198   Code   RO          308    .text               gd32f1x0_gpio.o
    0x080041e8   0x080041e8   0x00000322   Code   RO          317    .text               gd32f1x0_i2c.o
    0x0800450a   0x0800450a   0x00000002   PAD
    0x0800450c   0x0800450c   0x0000012c   Code   RO          325    .text               gd32f1x0_misc.o
    0x08004638   0x08004638   0x00000724   Code   RO          346    .text               gd32f1x0_rcu.o
    0x08004d5c   0x08004d5c   0x00000102   Code   RO          355    .text               gd32f1x0_syscfg.o
    0x08004e5e   0x08004e5e   0x00000002   PAD
    0x08004e60   0x08004e60   0x00000d50   Code   RO          363    .text               gd32f1x0_timer.o
    0x08005bb0   0x08005bb0   0x00000642   Code   RO          372    .text               gd32f1x0_usart.o
    0x080061f2   0x080061f2   0x00000002   PAD
    0x080061f4   0x080061f4   0x00000024   Code   RO          391    .text               startup_gd32f1x0.o
    0x08006218   0x08006218   0x0000013c   Code   RO          397    .text               system_gd32f1x0.o
    0x08006354   0x08006354   0x00000024   Code   RO          422    .text               mc_w.l(memseta.o)
    0x08006378   0x08006378   0x000000b0   Code   RO          424    .text               mf_w.l(fadd.o)
    0x08006428   0x08006428   0x00000064   Code   RO          426    .text               mf_w.l(fmul.o)
    0x0800648c   0x0800648c   0x0000007c   Code   RO          428    .text               mf_w.l(fdiv.o)
    0x08006508   0x08006508   0x0000014e   Code   RO          430    .text               mf_w.l(dadd.o)
    0x08006656   0x08006656   0x000000e4   Code   RO          432    .text               mf_w.l(dmul.o)
    0x0800673a   0x0800673a   0x000000de   Code   RO          434    .text               mf_w.l(ddiv.o)
    0x08006818   0x08006818   0x0000001c   Code   RO          436    .text               mf_w.l(fcmple.o)
    0x08006834   0x08006834   0x0000001c   Code   RO          438    .text               mf_w.l(fcmpgt.o)
    0x08006850   0x08006850   0x00000036   Code   RO          440    .text               mf_w.l(dcmple.o)
    0x08006886   0x08006886   0x0000000a   Code   RO          442    .text               mf_w.l(ffltui.o)
    0x08006890   0x08006890   0x00000022   Code   RO          444    .text               mf_w.l(dflti.o)
    0x080068b2   0x080068b2   0x0000001a   Code   RO          446    .text               mf_w.l(dfltui.o)
    0x080068cc   0x080068cc   0x00000032   Code   RO          448    .text               mf_w.l(ffixi.o)
    0x080068fe   0x080068fe   0x00000042   Code   RO          450    .text               mf_w.l(ffixl.o)
    0x08006940   0x08006940   0x0000003e   Code   RO          452    .text               mf_w.l(dfixi.o)
    0x0800697e   0x0800697e   0x00000026   Code   RO          454    .text               mf_w.l(f2d.o)
    0x080069a4   0x080069a4   0x00000038   Code   RO          456    .text               mf_w.l(d2f.o)
    0x080069dc   0x080069dc   0x0000001e   Code   RO          489    .text               mc_w.l(llshl.o)
    0x080069fa   0x080069fa   0x00000020   Code   RO          491    .text               mc_w.l(llushr.o)
    0x08006a1a   0x08006a1a   0x00000024   Code   RO          493    .text               mc_w.l(llsshr.o)
    0x08006a3e   0x08006a3e   0x00000000   Code   RO          502    .text               mc_w.l(iusefp.o)
    0x08006a3e   0x08006a3e   0x0000006e   Code   RO          503    .text               mf_w.l(fepilogue.o)
    0x08006aac   0x08006aac   0x0000003c   Code   RO          505    .text               mf_w.l(frnd.o)
    0x08006ae8   0x08006ae8   0x000000ba   Code   RO          507    .text               mf_w.l(depilogue.o)
    0x08006ba2   0x08006ba2   0x00000002   PAD
    0x08006ba4   0x08006ba4   0x00000030   Code   RO          509    .text               mc_w.l(init.o)
    0x08006bd4   0x08006bd4   0x00000018   Code   RO          511    .text               mf_w.l(fscalb.o)
    0x08006bec   0x08006bec   0x00000012   Code   RO          513    .text               mf_w.l(fflti.o)
    0x08006bfe   0x08006bfe   0x00000006   Code   RO          459    i.__mathlib_flt_infnan  m_ws.l(funder.o)
    0x08006c04   0x08006c04   0x00000008   Code   RO          461    i.__mathlib_flt_invalid  m_ws.l(funder.o)
    0x08006c0c   0x08006c0c   0x00000168   Code   RO          472    i.__mathlib_rredf2  m_ws.l(rredf.o)
    0x08006d74   0x08006d74   0x0000000e   Code   RO          517    i.__scatterload_copy  mc_w.l(handlers.o)
    0x08006d82   0x08006d82   0x00000002   Code   RO          518    i.__scatterload_null  mc_w.l(handlers.o)
    0x08006d84   0x08006d84   0x0000000e   Code   RO          519    i.__scatterload_zeroinit  mc_w.l(handlers.o)
    0x08006d92   0x08006d92   0x00000002   PAD
    0x08006d94   0x08006d94   0x0000000c   Code   RO          497    i.__set_errno       mc_w.l(errno.o)
    0x08006da0   0x08006da0   0x00000078   Code   RO          408    i.ceilf             m_ws.l(ceilf.o)
    0x08006e18   0x08006e18   0x0000017c   Code   RO          412    i.cosf              m_ws.l(cosf.o)
    0x08006f94   0x08006f94   0x0000007c   Code   RO          416    i.floorf            m_ws.l(floorf.o)
    0x08007010   0x08007010   0x00000020   Data   RO          473    .constdata          m_ws.l(rredf.o)
    0x08007030   0x08007030   0x0000000c   Data   RO           63    .rodata..L__const.up_or_down.up_down  bldc.o
    0x0800703c   0x0800703c   0x0000000c   Data   RO          310    .rodata..Lswitch.table.gpio_deinit.1  gd32f1x0_gpio.o
    0x08007048   0x08007048   0x00000008   Data   RO          110    .rodata.cst8        bldcsine.o
    0x08007050   0x08007050   0x00000008   Data   RO          348    .rodata.cst8        gd32f1x0_rcu.o
    0x08007058   0x08007058   0x00000008   Data   RO           64    .rodata.hall_to_pos  bldc.o
    0x08007060   0x08007060   0x000002d0   Data   RO          114    .rodata.sine_table  bldcsine.o
    0x08007330   0x08007330   0x00000020   Data   RO          516    Region$$Table       anon$$obj.o


    Execution Region RW_IRAM1 (Exec base: 0x20000000, Load base: 0x08007350, Size: 0x00000808, Max: 0x00002000, ABSOLUTE)

    Exec Addr    Load Addr    Size         Type   Attr      Idx    E Section Name        Object

    0x20000000   0x08007350   0x00000004   Data   RW          498    .data               mc_w.l(errno.o)
    0x20000004   0x08007354   0x00000004   Data   RW          399    .data.SystemCoreClock  system_gd32f1x0.o
    0x20000008   0x08007358   0x0000000a   Data   RW          208    .data.aiFound       i2c.o
    0x20000012   0x08007362   0x00000001   Data   RW          242    .data.bPilotInit    pilothoverbike.o
    0x20000013   0x08007363   0x00000001   PAD
    0x20000014   0x08007364   0x00000004   Data   RW           33    .data.batteryVoltage  bldc.o
    0x20000018   0x08007368   0x00000004   Data   RW           34    .data.currentDC     bldc.o
    0x2000001c   0x0800736c   0x00000001   Data   RW           50    .data.iFILTER_SHIFT  bldc.o
    0x2000001d   0x0800736d   0x00000001   Data   RW          207    .data.iFound        i2c.o
    0x2000001e   0x0800736e   0x00000002   Data   RW          178    .data.iReceivePos   remoteuart.o
    0x20000020   0x08007370   0x00000004   Data   RW           43    .data.revs32ScaleSlow  bldc.o
    0x20000024   0x08007374   0x00000001   Data   RW           12    .data.wState        main.o
    0x20000025   0x08007375   0x00000001   Data   RW           13    .data.wStateSlave   main.o
    0x20000026   0x08007376   0x00000002   PAD
    0x20000028        -       0x0000000c   Zero   RW           99    .bss.aHallEXTI      bldcsine.o
    0x20000034        -       0x00000009   Zero   RW          179    .bss.aReceiveBuffer  remoteuart.o
    0x2000003d   0x08007376   0x00000001   PAD
    0x2000003e        -       0x00000004   Zero   RW           66    .bss.adc_buffer     bldc.o
    0x20000042        -       0x00000100   Zero   RW          209    .bss.aiDump         i2c.o
    0x20000142   0x08007376   0x00000002   PAD
    0x20000144        -       0x0000001c   Zero   RW          218    .bss.aiLowPass      mpu6050.o
    0x20000160        -       0x00000002   Zero   RW           94    .bss.angle_deg      bldcsine.o
    0x20000162        -       0x00000002   Zero   RW           95    .bss.angle_deg_add  bldcsine.o
    0x20000164        -       0x00000002   Zero   RW           96    .bss.angle_deg_final  bldcsine.o
    0x20000166        -       0x00000002   Zero   RW           97    .bss.angle_idx      bldcsine.o
    0x20000168        -       0x00000001   Zero   RW          100    .bss.bInterrupt     bldcsine.o
    0x20000169        -       0x00000001   Zero   RW            5    .bss.bPilotTimeout  main.o
    0x2000016a        -       0x00000001   Zero   RW            4    .bss.bRemoteTimeout  main.o
    0x2000016b        -       0x00000001   Zero   RW           45    .bss.bldc_enable    bldc.o
    0x2000016c        -       0x00000004   Zero   RW           47    .bss.bldc_inputFilterPwm  bldc.o
    0x20000170        -       0x00000004   Zero   RW           48    .bss.bldc_outputFilterPwm  bldc.o
    0x20000174        -       0x00000001   Zero   RW           59    .bss.buzzerFreq     bldc.o
    0x20000175        -       0x00000001   Zero   RW           60    .bss.buzzerPattern  bldc.o
    0x20000176        -       0x00000002   Zero   RW           51    .bss.buzzerTimer    bldc.o
    0x20000178        -       0x00000001   Zero   RW           58    .bss.buzzerToggle   bldc.o
    0x20000179   0x08007376   0x00000003   PAD
    0x2000017c        -       0x00000024   Zero   RW          129    .bss.dma_init_struct_adc  setup.o
    0x200001a0        -       0x00000024   Zero   RW          130    .bss.dma_init_struct_usart  setup.o
    0x200001c4        -       0x00000001   Zero   RW           20    .bss.enable         main.o
    0x200001c5   0x08007376   0x00000003   PAD
    0x200001c8        -       0x00000004   Zero   RW           65    .bss.filter_reg     bldc.o
    0x200001cc        -       0x00000001   Zero   RW           46    .bss.hall           bldc.o
    0x200001cd        -       0x00000001   Zero   RW           67    .bss.hall_a         bldc.o
    0x200001ce        -       0x00000001   Zero   RW           68    .bss.hall_b         bldc.o
    0x200001cf        -       0x00000001   Zero   RW           69    .bss.hall_c         bldc.o
    0x200001d0        -       0x00000001   Zero   RW          103    .bss.hall_last      bldcsine.o
    0x200001d1   0x08007376   0x00000001   PAD
    0x200001d2        -       0x00000002   Zero   RW          101    .bss.hall_time_last  bldcsine.o
    0x200001d4        -       0x00000002   Zero   RW          102    .bss.hall_time_step  bldcsine.o
    0x200001d6   0x08007376   0x00000002   PAD
    0x200001d8        -       0x00000004   Zero   RW          112    .bss.hall_time_step_LP  bldcsine.o
    0x200001dc        -       0x00000004   Zero   RW          111    .bss.hall_time_step_LPR  bldcsine.o
    0x200001e0        -       0x0000000a   Zero   RW          244    .bss.hpf            pilothoverbike.o
    0x200001ea   0x08007376   0x00000002   PAD
    0x200001ec        -       0x00000004   Zero   RW          152    .bss.iAdcCounter    it.o
    0x200001f0        -       0x00000004   Zero   RW          150    .bss.iAdcTicks      it.o
    0x200001f4        -       0x00000004   Zero   RW          151    .bss.iAdcTicks0     it.o
    0x200001f8        -       0x00000002   Zero   RW          107    .bss.iAdd           bldcsine.o
    0x200001fa   0x08007376   0x00000002   PAD
    0x200001fc        -       0x00000004   Zero   RW           44    .bss.iBldcInput     bldc.o
    0x20000200        -       0x00000004   Zero   RW            6    .bss.iBug           main.o
    0x20000204        -       0x00000001   Zero   RW          247    .bss.iClipState     pilothoverbike.o
    0x20000205   0x08007376   0x00000003   PAD
    0x20000208        -       0x00000004   Zero   RW          156    .bss.iCounter2Usart1  it.o
    0x2000020c        -       0x00000004   Zero   RW          155    .bss.iCounterUsart1  it.o
    0x20000210        -       0x00000002   Zero   RW          106    .bss.iDT            bldcsine.o
    0x20000212        -       0x00000001   Zero   RW            3    .bss.iDrivingMode   main.o
    0x20000213        -       0x00000001   Zero   RW           49    .bss.iDrivingModeOverride  bldc.o
    0x20000214        -       0x00000002   Zero   RW          231    .bss.iGoert1        pilothoverbike.o
    0x20000216        -       0x00000002   Zero   RW          232    .bss.iGoert2        pilothoverbike.o
    0x20000218        -       0x00000002   Zero   RW          233    .bss.iGoert3        pilothoverbike.o
    0x2000021a        -       0x00000002   Zero   RW          246    .bss.iMpuRetries    pilothoverbike.o
    0x2000021c        -       0x00000004   Zero   RW           61    .bss.iOdom          bldc.o
    0x20000220        -       0x00000004   Zero   RW           62    .bss.iOdomLast      bldc.o
    0x20000224        -       0x00000004   Zero   RW          149    .bss.iPwmCounter    it.o
    0x20000228        -       0x00000004   Zero   RW          147    .bss.iPwmTicks      it.o
    0x2000022c        -       0x00000004   Zero   RW          148    .bss.iPwmTicks0     it.o
    0x20000230        -       0x00000002   Zero   RW          249    .bss.iSample        pilothoverbike.o
    0x20000232        -       0x00000002   Zero   RW          250    .bss.iSampleHP      pilothoverbike.o
    0x20000234        -       0x00000004   Zero   RW          176    .bss.iTimeLastRx    remoteuart.o
    0x20000238        -       0x00000004   Zero   RW          248    .bss.iTimeLastSample  pilothoverbike.o
    0x2000023c        -       0x00000004   Zero   RW           22    .bss.iTimeNextLoop  main.o
    0x20000240        -       0x00000004   Zero   RW          245    .bss.iTimeNextSample  pilothoverbike.o
    0x20000244        -       0x00000004   Zero   RW          177    .bss.iTimeNextTx    remoteuart.o
    0x20000248        -       0x00000004   Zero   RW          240    .bss.imag_sq        pilothoverbike.o
    0x2000024c        -       0x00000004   Zero   RW           18    .bss.inactivity_timeout_counter  main.o
    0x20000250        -       0x00000004   Zero   RW          236    .bss.iterm1         pilothoverbike.o
    0x20000254        -       0x00000004   Zero   RW          237    .bss.iterm2         pilothoverbike.o
    0x20000258        -       0x00000004   Zero   RW          239    .bss.iterm3         pilothoverbike.o
    0x2000025c        -       0x00000004   Zero   RW          238    .bss.iterm3_intermediate  pilothoverbike.o
    0x20000260        -       0x00000004   Zero   RW          234    .bss.k0             pilothoverbike.o
    0x20000264        -       0x00000004   Zero   RW          235    .bss.k1             pilothoverbike.o
    0x20000268        -       0x00000001   Zero   RW           71    .bss.lastPos        bldc.o
    0x20000269   0x08007376   0x00000001   PAD
    0x2000026a        -       0x0000000e   Zero   RW          222    .bss.mpuData        mpu6050.o
    0x20000278        -       0x00000001   Zero   RW          219    .bss.mpuStatus      mpu6050.o
    0x20000279   0x08007376   0x00000003   PAD
    0x2000027c        -       0x00000004   Zero   RW          146    .bss.msTicks        it.o
    0x20000280        -       0x00000014   Zero   RW          132    .bss.oConfig        setup.o
    0x20000294   0x08007376   0x00000004   PAD
    0x20000298        -       0x000000b0   Zero   RW          243    .bss.pedaling_detector  pilothoverbike.o
    0x20000348        -       0x00000028   Zero   RW           81    .bss.pid            driver.o
    0x20000370        -       0x00000001   Zero   RW           70    .bss.pos            bldc.o
    0x20000371   0x08007376   0x00000003   PAD
    0x20000374        -       0x00000004   Zero   RW           98    .bss.pwmGo          bldcsine.o
    0x20000378        -       0x00000002   Zero   RW          113    .bss.pwmGoBoost     bldcsine.o
    0x2000037a        -       0x00000002   Zero   RW           21    .bss.pwmSlave       main.o
    0x2000037c        -       0x00000004   Zero   RW           35    .bss.realSpeed      bldc.o
    0x20000380        -       0x00000004   Zero   RW           40    .bss.realSpeed32_reg  bldc.o
    0x20000384        -       0x00000004   Zero   RW           36    .bss.revs32         bldc.o
    0x20000388        -       0x00000004   Zero   RW           38    .bss.revs32_reg     bldc.o
    0x2000038c        -       0x00000001   Zero   RW           92    .bss.sector         bldcsine.o
    0x2000038d        -       0x00000001   Zero   RW           93    .bss.sector10x      bldcsine.o
    0x2000038e        -       0x00000001   Zero   RW           91    .bss.sectorChange   bldcsine.o
    0x2000038f   0x08007376   0x00000001   PAD
    0x20000390        -       0x00000004   Zero   RW            9    .bss.speed          main.o
    0x20000394        -       0x00000004   Zero   RW           54    .bss.speedCounter   bldc.o
    0x20000398        -       0x00000004   Zero   RW           55    .bss.speedCounterSlow  bldc.o
    0x2000039c        -       0x00000004   Zero   RW           57    .bss.speedCounterSlowLog  bldc.o
    0x200003a0        -       0x00000004   Zero   RW           10    .bss.speedShutoff   main.o
    0x200003a4        -       0x00000004   Zero   RW           14    .bss.steer          main.o
    0x200003a8        -       0x00000004   Zero   RW            8    .bss.steerCounter   main.o
    0x200003ac        -       0x00000001   Zero   RW          145    .bss.timedOut       it.o
    0x200003ad   0x08007376   0x00000003   PAD
    0x200003b0        -       0x00000004   Zero   RW          144    .bss.timeoutCounter_ms  it.o
    0x200003b4        -       0x00000010   Zero   RW          125    .bss.timeoutTimer_paramter_struct  setup.o
    0x200003c4        -       0x00000018   Zero   RW          128    .bss.timerBldc_break_parameter_struct  setup.o
    0x200003dc        -       0x00000010   Zero   RW          127    .bss.timerBldc_oc_parameter_struct  setup.o
    0x200003ec        -       0x00000010   Zero   RW          126    .bss.timerBldc_paramter_struct  setup.o
    0x200003fc        -       0x00000004   Zero   RW           37    .bss.torque32       bldc.o
    0x20000400        -       0x00000004   Zero   RW           39    .bss.torque32_reg   bldc.o
    0x20000404        -       0x00000001   Zero   RW          131    .bss.usart1_rx_buf  setup.o
    0x20000405   0x08007376   0x00000001   PAD
    0x20000406        -       0x00000002   Zero   RW          115    .bss.v_offsetLog    bldcsine.o
    0x20000408        -       0x00000400   Zero   RW          388    STACK               startup_gd32f1x0.o


==============================================================================

Image component sizes


      Code (inc. data)   RO Data    RW Data    ZI Data      Debug   Object Name

      1526          0         20         13         77       4645   bldc.o
      1064          0        728          0         49       7178   bldcsine.o
       124          0          0          0          0       2115   comms.o
       526         28          0          0         40       2826   driver.o
      1446         16          0          0          0       7635   gd32f1x0_adc.o
       880         64          0          0          0       5997   gd32f1x0_dma.o
       366          0          0          0          0       3198   gd32f1x0_exti.o
      2512          0          0          0          0      13341   gd32f1x0_fmc.o
       226          0          0          0          0       2007   gd32f1x0_fwdgt.o
       408          0         12          0          0       4183   gd32f1x0_gpio.o
       802          0          0          0          0       8563   gd32f1x0_i2c.o
       300          0          0          0          0       3163   gd32f1x0_misc.o
      1828         34          8          0          0      13497   gd32f1x0_rcu.o
       258          4          0          0          0       2988   gd32f1x0_syscfg.o
      3408         44          0          0          0      18497   gd32f1x0_timer.o
      1602          8          0          0          0      11885   gd32f1x0_usart.o
      1238          0          0         11        256       7362   i2c.o
       422          0          0          0         41       2942   it.o
      1404          0          0          2         34       6974   main.o
       488          0          0          0         43       4070   mpu6050.o
      1174          0          0          1        235       5413   pilothoverbike.o
       462          0          0          2         17       1956   remoteuart.o
      2208          0          0          0        165      10253   setup.o
        36          8        360          0       1024        844   startup_gd32f1x0.o
       316         16          0          4          0       1621   system_gd32f1x0.o

    ----------------------------------------------------------------------
     25048        222       1160         36       2016     153153   Object Totals
         0          0         32          0          0          0   (incl. Generated)
        24          0          0          3         35          0   (incl. Padding)

    ----------------------------------------------------------------------

      Code (inc. data)   RO Data    RW Data    ZI Data      Debug   Library Member Name

       120         10          0          0          0         84   ceilf.o
       380         52          0          0          0        124   cosf.o
       124         12          0          0          0         84   floorf.o
        14          0          0          0          0        136   funder.o
       360         16         32          0          0         88   rredf.o
         0          0          0          0          0          0   entry.o
         0          0          0          0          0          0   entry10a.o
         0          0          0          0          0          0   entry11a.o
         8          4          0          0          0          0   entry2.o
         4          0          0          0          0          0   entry5.o
         0          0          0          0          0          0   entry7b.o
         0          0          0          0          0          0   entry8b.o
         8          4          0          0          0          0   entry9a.o
        12          6          0          4          0         68   errno.o
        30          0          0          0          0          0   handlers.o
        48         10          0          0          0         68   init.o
         0          0          0          0          0          0   iusefp.o
        30          0          0          0          0         68   llshl.o
        36          0          0          0          0         68   llsshr.o
        32          0          0          0          0         68   llushr.o
        36          0          0          0          0        108   memseta.o
        56          0          0          0          0         88   d2f.o
       334          0          0          0          0        148   dadd.o
        54          0          0          0          0         80   dcmple.o
       222          0          0          0          0        100   ddiv.o
       186          0          0          0          0        176   depilogue.o
        62          0          0          0          0         80   dfixi.o
        34          0          0          0          0         76   dflti.o
        26          0          0          0          0         76   dfltui.o
       228          0          0          0          0         96   dmul.o
        38          0          0          0          0         68   f2d.o
       176          0          0          0          0        140   fadd.o
        28          0          0          0          0         68   fcmpgt.o
        28          0          0          0          0         68   fcmple.o
       124          0          0          0          0         88   fdiv.o
       110          0          0          0          0        168   fepilogue.o
        50          0          0          0          0         68   ffixi.o
        66          0          0          0          0         76   ffixl.o
        18          0          0          0          0         68   fflti.o
        10          0          0          0          0         68   ffltui.o
       100          0          0          0          0         76   fmul.o
        60          0          0          0          0         76   frnd.o
        24          0          0          0          0         68   fscalb.o

    ----------------------------------------------------------------------
      3280        114         32          4          0       2984   Library Totals
         4          0          0          0          0          0   (incl. Padding)

    ----------------------------------------------------------------------

      Code (inc. data)   RO Data    RW Data    ZI Data      Debug   Library Name

       998         90         32          0          0        516   m_ws.l
       244         24          0          4          0        448   mc_w.l
      2034          0          0          0          0       2020   mf_w.l

    ----------------------------------------------------------------------
      3280        114         32          4          0       2984   Library Totals

    ----------------------------------------------------------------------

==============================================================================


      Code (inc. data)   RO Data    RW Data    ZI Data      Debug   

     28328        336       1192         40       2016     154217   Grand Totals
     28328        336       1192         40       2016     154217   ELF Image Totals
     28328        336       1192         40          0          0   ROM Totals

==============================================================================

    Total RO  Size (Code + RO Data)                29520 (  28.83kB)
    Total RW  Size (RW Data + ZI Data)              2056 (   2.01kB)
    Total ROM Size (Code + RO Data + RW Data)      29560 (  28.87kB)

==============================================================================

